Archive member included to satisfy reference by file (symbol)

/home/akhil/qorc-sdk/arm_toolchain_install/gcc-arm-none-eabi-9-2020-q2-update/bin/../lib/gcc/arm-none-eabi/9.3.1/thumb/v7e-m+fp/hard/libgcc.a(_arm_muldf3.o)
                              /home/akhil/qorc-sdk/arm-examples/arm2lcd/m4/GCC_Project/output/ql_test_signals.o (__aeabi_dmul)
/home/akhil/qorc-sdk/arm_toolchain_install/gcc-arm-none-eabi-9-2020-q2-update/bin/../lib/gcc/arm-none-eabi/9.3.1/thumb/v7e-m+fp/hard/libgcc.a(_arm_addsubdf3.o)
                              /home/akhil/qorc-sdk/arm-examples/arm2lcd/m4/GCC_Project/output/ql_test_signals.o (__aeabi_dadd)
/home/akhil/qorc-sdk/arm_toolchain_install/gcc-arm-none-eabi-9-2020-q2-update/bin/../lib/gcc/arm-none-eabi/9.3.1/thumb/v7e-m+fp/hard/libgcc.a(_arm_muldivdf3.o)
                              /home/akhil/qorc-sdk/arm-examples/arm2lcd/m4/GCC_Project/output/eoss3_hal_i2c.o (__aeabi_ddiv)
/home/akhil/qorc-sdk/arm_toolchain_install/gcc-arm-none-eabi-9-2020-q2-update/bin/../lib/gcc/arm-none-eabi/9.3.1/thumb/v7e-m+fp/hard/libgcc.a(_arm_fixdfsi.o)
                              /home/akhil/qorc-sdk/arm-examples/arm2lcd/m4/GCC_Project/output/ql_test_signals.o (__aeabi_d2iz)
/home/akhil/qorc-sdk/arm_toolchain_install/gcc-arm-none-eabi-9-2020-q2-update/bin/../lib/gcc/arm-none-eabi/9.3.1/thumb/v7e-m+fp/hard/libgcc.a(_arm_truncdfsf2.o)
                              /home/akhil/qorc-sdk/arm-examples/arm2lcd/m4/GCC_Project/output/eoss3_hal_i2c.o (__aeabi_d2f)
/home/akhil/qorc-sdk/arm_toolchain_install/gcc-arm-none-eabi-9-2020-q2-update/bin/../lib/gcc/arm-none-eabi/9.3.1/thumb/v7e-m+fp/hard/libgcc.a(_aeabi_ldivmod.o)
                              /home/akhil/qorc-sdk/arm-examples/arm2lcd/m4/GCC_Project/output/dbg_uart.o (__aeabi_ldivmod)
/home/akhil/qorc-sdk/arm_toolchain_install/gcc-arm-none-eabi-9-2020-q2-update/bin/../lib/gcc/arm-none-eabi/9.3.1/thumb/v7e-m+fp/hard/libgcc.a(_aeabi_uldivmod.o)
                              /home/akhil/qorc-sdk/arm-examples/arm2lcd/m4/GCC_Project/output/s3x_lpm.o (__aeabi_uldivmod)
/home/akhil/qorc-sdk/arm_toolchain_install/gcc-arm-none-eabi-9-2020-q2-update/bin/../lib/gcc/arm-none-eabi/9.3.1/thumb/v7e-m+fp/hard/libgcc.a(_udivmoddi4.o)
                              /home/akhil/qorc-sdk/arm_toolchain_install/gcc-arm-none-eabi-9-2020-q2-update/bin/../lib/gcc/arm-none-eabi/9.3.1/thumb/v7e-m+fp/hard/libgcc.a(_aeabi_ldivmod.o) (__udivmoddi4)
/home/akhil/qorc-sdk/arm_toolchain_install/gcc-arm-none-eabi-9-2020-q2-update/bin/../lib/gcc/arm-none-eabi/9.3.1/thumb/v7e-m+fp/hard/libgcc.a(_dvmd_tls.o)
                              /home/akhil/qorc-sdk/arm_toolchain_install/gcc-arm-none-eabi-9-2020-q2-update/bin/../lib/gcc/arm-none-eabi/9.3.1/thumb/v7e-m+fp/hard/libgcc.a(_aeabi_ldivmod.o) (__aeabi_ldiv0)
/home/akhil/qorc-sdk/arm_toolchain_install/gcc-arm-none-eabi-9-2020-q2-update/bin/../lib/gcc/arm-none-eabi/9.3.1/../../../../arm-none-eabi/lib/thumb/v7e-m+fp/hard/libg_nano.a(lib_a-exit.o)
                              /home/akhil/qorc-sdk/arm_toolchain_install/gcc-arm-none-eabi-9-2020-q2-update/bin/../lib/gcc/arm-none-eabi/9.3.1/../../../../arm-none-eabi/lib/thumb/v7e-m+fp/hard/crt0.o (exit)
/home/akhil/qorc-sdk/arm_toolchain_install/gcc-arm-none-eabi-9-2020-q2-update/bin/../lib/gcc/arm-none-eabi/9.3.1/../../../../arm-none-eabi/lib/thumb/v7e-m+fp/hard/libg_nano.a(lib_a-impure.o)
                              /home/akhil/qorc-sdk/arm_toolchain_install/gcc-arm-none-eabi-9-2020-q2-update/bin/../lib/gcc/arm-none-eabi/9.3.1/../../../../arm-none-eabi/lib/thumb/v7e-m+fp/hard/libg_nano.a(lib_a-exit.o) (_global_impure_ptr)
/home/akhil/qorc-sdk/arm_toolchain_install/gcc-arm-none-eabi-9-2020-q2-update/bin/../lib/gcc/arm-none-eabi/9.3.1/../../../../arm-none-eabi/lib/thumb/v7e-m+fp/hard/libg_nano.a(lib_a-init.o)
                              /home/akhil/qorc-sdk/arm_toolchain_install/gcc-arm-none-eabi-9-2020-q2-update/bin/../lib/gcc/arm-none-eabi/9.3.1/../../../../arm-none-eabi/lib/thumb/v7e-m+fp/hard/crt0.o (__libc_init_array)
/home/akhil/qorc-sdk/arm_toolchain_install/gcc-arm-none-eabi-9-2020-q2-update/bin/../lib/gcc/arm-none-eabi/9.3.1/../../../../arm-none-eabi/lib/thumb/v7e-m+fp/hard/libg_nano.a(lib_a-malloc.o)
                              /home/akhil/qorc-sdk/arm-examples/arm2lcd/m4/GCC_Project/output/circularBuffQueue.o (malloc)
/home/akhil/qorc-sdk/arm_toolchain_install/gcc-arm-none-eabi-9-2020-q2-update/bin/../lib/gcc/arm-none-eabi/9.3.1/../../../../arm-none-eabi/lib/thumb/v7e-m+fp/hard/libg_nano.a(lib_a-memcpy-stub.o)
                              /home/akhil/qorc-sdk/arm-examples/arm2lcd/m4/GCC_Project/output/cli_args.o (memcpy)
/home/akhil/qorc-sdk/arm_toolchain_install/gcc-arm-none-eabi-9-2020-q2-update/bin/../lib/gcc/arm-none-eabi/9.3.1/../../../../arm-none-eabi/lib/thumb/v7e-m+fp/hard/libg_nano.a(lib_a-memset.o)
[...]
Memory Configuration

Name             Origin             Length             Attributes
rom              0x0000000000000000 0x0000000000027000 xr
ram              0x0000000020027000 0x000000000003c800 xrw
spiram           0x0000000020063800 0x0000000000000800 rw
HWA              0x0000000020064000 0x0000000000018000 rw
shm              0x000000002007c000 0x0000000000004000
*default*        0x0000000000000000 0xffffffffffffffff

Linker script and memory map

LOAD /home/akhil/qorc-sdk/arm_toolchain_install/gcc-arm-none-eabi-9-2020-q2-update/bin/../lib/gcc/arm-none-eabi/9.3.1/thumb/v7e-m+fp/hard/crti.o
LOAD /home/akhil/qorc-sdk/arm_toolchain_install/gcc-arm-none-eabi-9-2020-q2-update/bin/../lib/gcc/arm-none-eabi/9.3.1/thumb/v7e-m+fp/hard/crtbegin.o
LOAD /home/akhil/qorc-sdk/arm_toolchain_install/gcc-arm-none-eabi-9-2020-q2-update/bin/../lib/gcc/arm-none-eabi/9.3.1/../../../../arm-none-eabi/lib/thumb/v7e-m+fp/hard/crt0.o
LOAD /home/akhil/qorc-sdk/arm-examples/arm2lcd/m4/GCC_Project/output/LCD16x2.o
LOAD /home/akhil/qorc-sdk/arm-examples/arm2lcd/m4/GCC_Project/output/LCD16x2_cfg.o
LOAD /home/akhil/qorc-sdk/arm-examples/arm2lcd/m4/GCC_Project/output/PyHal_GPIO.o
LOAD /home/akhil/qorc-sdk/arm-examples/arm2lcd/m4/GCC_Project/output/battery_level_monitor.o
LOAD /home/akhil/qorc-sdk/arm-examples/arm2lcd/m4/GCC_Project/output/c_lib_retarget.o
LOAD /home/akhil/qorc-sdk/arm-examples/arm2lcd/m4/GCC_Project/output/circularBuffQueue.o
LOAD /home/akhil/qorc-sdk/arm-examples/arm2lcd/m4/GCC_Project/output/cli_args.o
LOAD /home/akhil/qorc-sdk/arm-examples/arm2lcd/m4/GCC_Project/output/cli_hexdump.o
LOAD /home/akhil/qorc-sdk/arm-examples/arm2lcd/m4/GCC_Project/output/cli_io.o
LOAD /home/akhil/qorc-sdk/arm-examples/arm2lcd/m4/GCC_Project/output/cli_loop.o
LOAD /home/akhil/qorc-sdk/arm-examples/arm2lcd/m4/GCC_Project/output/cli_misc.o
LOAD /home/akhil/qorc-sdk/arm-examples/arm2lcd/m4/GCC_Project/output/cli_platform.o
LOAD /home/akhil/qorc-sdk/arm-examples/arm2lcd/m4/GCC_Project/output/cli_stdcmds.o
LOAD /home/akhil/qorc-sdk/arm-examples/arm2lcd/m4/GCC_Project/output/crc16.o
LOAD /home/akhil/qorc-sdk/arm-examples/arm2lcd/m4/GCC_Project/output/crc32.o
LOAD /home/akhil/qorc-sdk/arm-examples/arm2lcd/m4/GCC_Project/output/croutine.o
LOAD /home/akhil/qorc-sdk/arm-examples/arm2lcd/m4/GCC_Project/output/dbg_bufferedprinttask.o
LOAD /home/akhil/qorc-sdk/arm-examples/arm2lcd/m4/GCC_Project/output/dbg_queue_monitor.o
LOAD /home/akhil/qorc-sdk/arm-examples/arm2lcd/m4/GCC_Project/output/dbg_uart.o
LOAD /home/akhil/qorc-sdk/arm-examples/arm2lcd/m4/GCC_Project/output/dbgtrace.o
LOAD /home/akhil/qorc-sdk/arm-examples/arm2lcd/m4/GCC_Project/output/eoss3_hal_adc.o
LOAD /home/akhil/qorc-sdk/arm-examples/arm2lcd/m4/GCC_Project/output/eoss3_hal_gpio.o
LOAD /home/akhil/qorc-sdk/arm-examples/arm2lcd/m4/GCC_Project/output/eoss3_hal_i2c.o
LOAD /home/akhil/qorc-sdk/arm-examples/arm2lcd/m4/GCC_Project/output/eoss3_hal_i2s.o
LOAD /home/akhil/qorc-sdk/arm-examples/arm2lcd/m4/GCC_Project/output/eoss3_hal_i2s_slave_assp.o
LOAD /home/akhil/qorc-sdk/arm-examples/arm2lcd/m4/GCC_Project/output/eoss3_hal_pad_config.o
LOAD /home/akhil/qorc-sdk/arm-examples/arm2lcd/m4/GCC_Project/output/eoss3_hal_pkfb.o
LOAD /home/akhil/qorc-sdk/arm-examples/arm2lcd/m4/GCC_Project/output/eoss3_hal_rtc.o
LOAD /home/akhil/qorc-sdk/arm-examples/arm2lcd/m4/GCC_Project/output/eoss3_hal_sdma.o
LOAD /home/akhil/qorc-sdk/arm-examples/arm2lcd/m4/GCC_Project/output/eoss3_hal_spi.o
LOAD /home/akhil/qorc-sdk/arm-examples/arm2lcd/m4/GCC_Project/output/eoss3_hal_timer.o
LOAD /home/akhil/qorc-sdk/arm-examples/arm2lcd/m4/GCC_Project/output/eoss3_hal_uart.o
LOAD /home/akhil/qorc-sdk/arm-examples/arm2lcd/m4/GCC_Project/output/eoss3_hal_wb.o
LOAD /home/akhil/qorc-sdk/arm-examples/arm2lcd/m4/GCC_Project/output/eoss3_hal_wdt.o
LOAD /home/akhil/qorc-sdk/arm-examples/arm2lcd/m4/GCC_Project/output/event_groups.o
LOAD /home/akhil/qorc-sdk/arm-examples/arm2lcd/m4/GCC_Project/output/exceptions.o
LOAD /home/akhil/qorc-sdk/arm-examples/arm2lcd/m4/GCC_Project/output/freertos_static_memory.o
LOAD /home/akhil/qorc-sdk/arm-examples/arm2lcd/m4/GCC_Project/output/heap_4.o
LOAD /home/akhil/qorc-sdk/arm-examples/arm2lcd/m4/GCC_Project/output/hearable_pwrcfg.o
LOAD /home/akhil/qorc-sdk/arm-examples/arm2lcd/m4/GCC_Project/output/leds.o
LOAD /home/akhil/qorc-sdk/arm-examples/arm2lcd/m4/GCC_Project/output/list.o
LOAD /home/akhil/qorc-sdk/arm-examples/arm2lcd/m4/GCC_Project/output/main.o
LOAD /home/akhil/qorc-sdk/arm-examples/arm2lcd/m4/GCC_Project/output/main_dbg_cli_menu.o
LOAD /home/akhil/qorc-sdk/arm-examples/arm2lcd/m4/GCC_Project/output/pincfg_table.o
LOAD /home/akhil/qorc-sdk/arm-examples/arm2lcd/m4/GCC_Project/output/port.o
LOAD /home/akhil/qorc-sdk/arm-examples/arm2lcd/m4/GCC_Project/output/qf_baremetalsetup.o
LOAD /home/akhil/qorc-sdk/arm-examples/arm2lcd/m4/GCC_Project/output/qf_hardwaresetup.o
LOAD /home/akhil/qorc-sdk/arm-examples/arm2lcd/m4/GCC_Project/output/ql_base64.o
LOAD /home/akhil/qorc-sdk/arm-examples/arm2lcd/m4/GCC_Project/output/ql_stackwatermark.o
LOAD /home/akhil/qorc-sdk/arm-examples/arm2lcd/m4/GCC_Project/output/ql_test_signals.o
LOAD /home/akhil/qorc-sdk/arm-examples/arm2lcd/m4/GCC_Project/output/ql_time.o
LOAD /home/akhil/qorc-sdk/arm-examples/arm2lcd/m4/GCC_Project/output/queue.o
LOAD /home/akhil/qorc-sdk/arm-examples/arm2lcd/m4/GCC_Project/output/s3x_clock.o
LOAD /home/akhil/qorc-sdk/arm-examples/arm2lcd/m4/GCC_Project/output/s3x_clock_hal.o
LOAD /home/akhil/qorc-sdk/arm-examples/arm2lcd/m4/GCC_Project/output/s3x_cpuload.o
LOAD /home/akhil/qorc-sdk/arm-examples/arm2lcd/m4/GCC_Project/output/s3x_dfs.o
LOAD /home/akhil/qorc-sdk/arm-examples/arm2lcd/m4/GCC_Project/output/s3x_lpm.o
LOAD /home/akhil/qorc-sdk/arm-examples/arm2lcd/m4/GCC_Project/output/s3x_pi.o
LOAD /home/akhil/qorc-sdk/arm-examples/arm2lcd/m4/GCC_Project/output/s3x_pwrcfg.o
LOAD /home/akhil/qorc-sdk/arm-examples/arm2lcd/m4/GCC_Project/output/s3x_qos.o
LOAD /home/akhil/qorc-sdk/arm-examples/arm2lcd/m4/GCC_Project/output/sec_debug.o
LOAD /home/akhil/qorc-sdk/arm-examples/arm2lcd/m4/GCC_Project/output/spi_flash.o
LOAD /home/akhil/qorc-sdk/arm-examples/arm2lcd/m4/GCC_Project/output/startup_EOSS3B_GCC.o
LOAD /home/akhil/qorc-sdk/arm-examples/arm2lcd/m4/GCC_Project/output/stream_buffer.o
LOAD /home/akhil/qorc-sdk/arm-examples/arm2lcd/m4/GCC_Project/output/tasks.o
LOAD /home/akhil/qorc-sdk/arm-examples/arm2lcd/m4/GCC_Project/output/timers.o
LOAD /home/akhil/qorc-sdk/arm-examples/arm2lcd/m4/GCC_Project/output/vectors_CM4F_gcc.o
LOAD /home/akhil/qorc-sdk/arm-examples/arm2lcd/m4/GCC_Project/output/watchdog.o
LOAD /home/akhil/qorc-sdk/arm_toolchain_install/gcc-arm-none-eabi-9-2020-q2-update/bin/../lib/gcc/arm-none-eabi/9.3.1/../../../../arm-none-eabi/lib/thumb/v7e-m+fp/hard/libm.a
LOAD /home/akhil/qorc-sdk/arm-examples/arm2lcd/m4/GCC_Project/../../../../Libraries/CMSIS/lib/GCC/libarm_cortexM4lf_math.a
START GROUP
LOAD /home/akhil/qorc-sdk/arm_toolchain_install/gcc-arm-none-eabi-9-2020-q2-update/bin/../lib/gcc/arm-none-eabi/9.3.1/thumb/v7e-m+fp/hard/libgcc.a
LOAD /home/akhil/qorc-sdk/arm_toolchain_install/gcc-arm-none-eabi-9-2020-q2-update/bin/../lib/gcc/arm-none-eabi/9.3.1/../../../../arm-none-eabi/lib/thumb/v7e-m+fp/hard/libg_nano.a
LOAD /home/akhil/qorc-sdk/arm_toolchain_install/gcc-arm-none-eabi-9-2020-q2-update/bin/../lib/gcc/arm-none-eabi/9.3.1/../../../../arm-none-eabi/lib/thumb/v7e-m+fp/hard/libc_nano.a
END GROUP
START GROUP
LOAD /home/akhil/qorc-sdk/arm_toolchain_install/gcc-arm-none-eabi-9-2020-q2-update/bin/../lib/gcc/arm-none-eabi/9.3.1/thumb/v7e-m+fp/hard/libgcc.a
LOAD /home/akhil/qorc-sdk/arm_toolchain_install/gcc-arm-none-eabi-9-2020-q2-update/bin/../lib/gcc/arm-none-eabi/9.3.1/../../../../arm-none-eabi/lib/thumb/v7e-m+fp/hard/libc_nano.a
LOAD /home/akhil/qorc-sdk/arm_toolchain_install/gcc-arm-none-eabi-9-2020-q2-update/bin/../lib/gcc/arm-none-eabi/9.3.1/../../../../arm-none-eabi/lib/thumb/v7e-m+fp/hard/libnosys.a
END GROUP
START GROUP
LOAD /home/akhil/qorc-sdk/arm_toolchain_install/gcc-arm-none-eabi-9-2020-q2-update/bin/../lib/gcc/arm-none-eabi/9.3.1/thumb/v7e-m+fp/hard/libgcc.a
LOAD /home/akhil/qorc-sdk/arm_toolchain_install/gcc-arm-none-eabi-9-2020-q2-update/bin/../lib/gcc/arm-none-eabi/9.3.1/../../../../arm-none-eabi/lib/thumb/v7e-m+fp/hard/libc_nano.a
LOAD /home/akhil/qorc-sdk/arm_toolchain_install/gcc-arm-none-eabi-9-2020-q2-update/bin/../lib/gcc/arm-none-eabi/9.3.1/../../../../arm-none-eabi/lib/thumb/v7e-m+fp/hard/libnosys.a
END GROUP
LOAD /home/akhil/qorc-sdk/arm_toolchain_install/gcc-arm-none-eabi-9-2020-q2-update/bin/../lib/gcc/arm-none-eabi/9.3.1/thumb/v7e-m+fp/hard/crtend.o
LOAD /home/akhil/qorc-sdk/arm_toolchain_install/gcc-arm-none-eabi-9-2020-q2-update/bin/../lib/gcc/arm-none-eabi/9.3.1/thumb/v7e-m+fp/hard/crtn.o

.text           0x0000000000000000     0x5ae3
 *(.isr_vector)
 .isr_vector    0x0000000000000000      0x124 /home/akhil/qorc-sdk/arm-examples/arm2lcd/m4/GCC_Project/output/vectors_CM4F_gcc.o
                0x0000000000000000                __Vectors
 *(.text*)
 .text          0x0000000000000124       0x40 /home/akhil/qorc-sdk/arm_toolchain_install/gcc-arm-none-eabi-9-2020-q2-update/bin/../lib/gcc/arm-none-eabi/9.3.1/thumb/v7e-m+fp/hard/crtbegin.o
 .text          0x0000000000000164       0x7c /home/akhil/qorc-sdk/arm_toolchain_install/gcc-arm-none-eabi-9-2020-q2-update/bin/../lib/gcc/arm-none-eabi/9.3.1/../../../../arm-none-eabi/lib/thumb/v7e-m+fp/hard/crt0.o
                0x0000000000000164                _stack_init
                0x000000000000016c                _mainCRTStartup
                0x000000000000016c                _start
 .text.LcdSendNibble
                0x00000000000001e0       0x5c /home/akhil/qorc-sdk/arm-examples/arm2lcd/m4/GCC_Project/output/LCD16x2.o
                0x00000000000001e0                LcdSendNibble
 .text.LcdSendCmd
                0x000000000000023c       0x14 /home/akhil/qorc-sdk/arm-examples/arm2lcd/m4/GCC_Project/output/LCD16x2.o
                0x000000000000023c                LcdSendCmd
 .text.LcdWriteChar
                0x0000000000000250       0x34 /home/akhil/qorc-sdk/arm-examples/arm2lcd/m4/GCC_Project/output/LCD16x2.o
                0x0000000000000250                LcdWriteChar
 .text.LcdInit  0x0000000000000284       0xbe /home/akhil/qorc-sdk/arm-examples/arm2lcd/m4/GCC_Project/output/LCD16x2.o
                0x0000000000000284                LcdInit
 .text.LcdWriteString
                0x0000000000000342       0x12 /home/akhil/qorc-sdk/arm-examples/arm2lcd/m4/GCC_Project/output/LCD16x2.o
                0x0000000000000342                LcdWriteString
 .text.LcdClear
                0x0000000000000354       0x14 /home/akhil/qorc-sdk/arm-examples/arm2lcd/m4/GCC_Project/output/LCD16x2.o
                0x0000000000000354                LcdClear
 .text.PyHal_GPIO_SetDir
                0x0000000000000368       0x24 /home/akhil/qorc-sdk/arm-examples/arm2lcd/m4/GCC_Project/output/PyHal_GPIO.o
                0x0000000000000368                PyHal_GPIO_SetDir
 .text.PyHal_GPIO_Set
                0x000000000000038c       0x40 /home/akhil/qorc-sdk/arm-examples/arm2lcd/m4/GCC_Project/output/PyHal_GPIO.o
                0x000000000000038c                PyHal_GPIO_Set
 .text.PyHal_GPIO_Get
                0x00000000000003cc       0x24 /home/akhil/qorc-sdk/arm-examples/arm2lcd/m4/GCC_Project/output/PyHal_GPIO.o
                0x00000000000003cc                PyHal_GPIO_Get
 .text._write   0x00000000000003f0        0xe /home/akhil/qorc-sdk/arm-examples/arm2lcd/m4/GCC_Project/output/c_lib_retarget.o
                0x00000000000003f0                _write
 .text._close   0x00000000000003fe        0x6 /home/akhil/qorc-sdk/arm-examples/arm2lcd/m4/GCC_Project/output/c_lib_retarget.o
                0x00000000000003fe                _close
 .text._lseek   0x0000000000000404        0x4 /home/akhil/qorc-sdk/arm-examples/arm2lcd/m4/GCC_Project/output/c_lib_retarget.o
                0x0000000000000404                _lseek
 .text._read    0x0000000000000408        0x4 /home/akhil/qorc-sdk/arm-examples/arm2lcd/m4/GCC_Project/output/c_lib_retarget.o
                0x0000000000000408                _read
 .text.__debug_lockup
                0x000000000000040c       0x14 /home/akhil/qorc-sdk/arm-examples/arm2lcd/m4/GCC_Project/output/dbg_uart.o
 .text._semihost_write
                0x0000000000000420       0x54 /home/akhil/qorc-sdk/arm-examples/arm2lcd/m4/GCC_Project/output/dbg_uart.o
                0x0000000000000420                _semihost_write
 .text.dbg_ch_raw
                0x0000000000000474       0x74 /home/akhil/qorc-sdk/arm-examples/arm2lcd/m4/GCC_Project/output/dbg_uart.o
                0x0000000000000474                dbg_ch_raw
 .text.dbg_nl   0x00000000000004e8       0x12 /home/akhil/qorc-sdk/arm-examples/arm2lcd/m4/GCC_Project/output/dbg_uart.o
                0x00000000000004e8                dbg_nl
 .text.dbg_ch   0x00000000000004fa        0xc /home/akhil/qorc-sdk/arm-examples/arm2lcd/m4/GCC_Project/output/dbg_uart.o
                0x00000000000004fa                dbg_ch
 .text.dbg_hex4
                0x0000000000000506       0x14 /home/akhil/qorc-sdk/arm-examples/arm2lcd/m4/GCC_Project/output/dbg_uart.o
 .text.dbg_hex8
                0x000000000000051a       0x14 /home/akhil/qorc-sdk/arm-examples/arm2lcd/m4/GCC_Project/output/dbg_uart.o
                0x000000000000051a                dbg_hex8
 .text.dbg_hex16
                0x000000000000052e       0x14 /home/akhil/qorc-sdk/arm-examples/arm2lcd/m4/GCC_Project/output/dbg_uart.o
                0x000000000000052e                dbg_hex16
 .text.dbg_hex32
                0x0000000000000542       0x14 /home/akhil/qorc-sdk/arm-examples/arm2lcd/m4/GCC_Project/output/dbg_uart.o
                0x0000000000000542                dbg_hex32
 .text._dbg_int
                0x0000000000000556       0x20 /home/akhil/qorc-sdk/arm-examples/arm2lcd/m4/GCC_Project/output/dbg_uart.o
 .text.dbg_memdumpx
                0x0000000000000576       0xea /home/akhil/qorc-sdk/arm-examples/arm2lcd/m4/GCC_Project/output/dbg_uart.o
 .text.dbg_str  0x0000000000000660       0x84 /home/akhil/qorc-sdk/arm-examples/arm2lcd/m4/GCC_Project/output/dbg_uart.o
                0x0000000000000660                dbg_str
 .text._dbg_str_xxx
                0x00000000000006e4       0x16 /home/akhil/qorc-sdk/arm-examples/arm2lcd/m4/GCC_Project/output/dbg_uart.o
 .text.dbg_str_hexXX
                0x00000000000006fa       0x22 /home/akhil/qorc-sdk/arm-examples/arm2lcd/m4/GCC_Project/output/dbg_uart.o
 .text.dbg_int  0x000000000000071c       0x24 /home/akhil/qorc-sdk/arm-examples/arm2lcd/m4/GCC_Project/output/dbg_uart.o
                0x000000000000071c                dbg_int
 .text.dbg_str_str
                0x0000000000000740       0x16 /home/akhil/qorc-sdk/arm-examples/arm2lcd/m4/GCC_Project/output/dbg_uart.o
                0x0000000000000740                dbg_str_str
 .text.dbg_str_int
                0x0000000000000756       0x16 /home/akhil/qorc-sdk/arm-examples/arm2lcd/m4/GCC_Project/output/dbg_uart.o
                0x0000000000000756                dbg_str_int
 .text.dbg_str_hex32
                0x000000000000076c        0xc /home/akhil/qorc-sdk/arm-examples/arm2lcd/m4/GCC_Project/output/dbg_uart.o
                0x000000000000076c                dbg_str_hex32
 .text.dbg_fatal_error
                0x0000000000000778       0x12 /home/akhil/qorc-sdk/arm-examples/arm2lcd/m4/GCC_Project/output/dbg_uart.o
                0x0000000000000778                dbg_fatal_error
 .text.dbg_fatal_error_int
                0x000000000000078a        0xe /home/akhil/qorc-sdk/arm-examples/arm2lcd/m4/GCC_Project/output/dbg_uart.o
                0x000000000000078a                dbg_fatal_error_int
 .text.dbg_memdump32
                0x0000000000000798       0x1e /home/akhil/qorc-sdk/arm-examples/arm2lcd/m4/GCC_Project/output/dbg_uart.o
                0x0000000000000798                dbg_memdump32
 *fill*         0x00000000000007b6        0x2 
 .text.HAL_PAD_Config
                0x00000000000007b8      0x190 /home/akhil/qorc-sdk/arm-examples/arm2lcd/m4/GCC_Project/output/eoss3_hal_pad_config.o
                0x00000000000007b8                HAL_PAD_Config
 .text.configure_s3_pads
                0x0000000000000948       0x1a /home/akhil/qorc-sdk/arm-examples/arm2lcd/m4/GCC_Project/output/eoss3_hal_pad_config.o
                0x0000000000000948                configure_s3_pads
 *fill*         0x0000000000000962        0x2 
 .text.eoss3_rtc_enable_irq
                0x0000000000000964       0x28 /home/akhil/qorc-sdk/arm-examples/arm2lcd/m4/GCC_Project/output/eoss3_hal_rtc.o
 .text.write_rtc_reg
                0x000000000000098c       0x18 /home/akhil/qorc-sdk/arm-examples/arm2lcd/m4/GCC_Project/output/eoss3_hal_rtc.o
 .text.__rtc_setup_alarm.isra.0
                0x00000000000009a4       0x44 /home/akhil/qorc-sdk/arm-examples/arm2lcd/m4/GCC_Project/output/eoss3_hal_rtc.o
 .text.HAL_RTC_ISR
                0x00000000000009e8       0x24 /home/akhil/qorc-sdk/arm-examples/arm2lcd/m4/GCC_Project/output/eoss3_hal_rtc.o
                0x00000000000009e8                HAL_RTC_ISR
 .text.unlock_spi1_bus
                0x0000000000000a0c       0x58 /home/akhil/qorc-sdk/arm-examples/arm2lcd/m4/GCC_Project/output/eoss3_hal_spi.o
                0x0000000000000a0c                unlock_spi1_bus
 .text.SPI_DMA_Complete
                0x0000000000000a64       0x88 /home/akhil/qorc-sdk/arm-examples/arm2lcd/m4/GCC_Project/output/eoss3_hal_spi.o
                0x0000000000000a64                SPI_DMA_Complete
 .text.HAL_SPI_IRQHandler
                0x0000000000000aec       0x6c /home/akhil/qorc-sdk/arm-examples/arm2lcd/m4/GCC_Project/output/eoss3_hal_spi.o
                0x0000000000000aec                HAL_SPI_IRQHandler
 .text.HAL_Delay_Init
                0x0000000000000b58       0x54 /home/akhil/qorc-sdk/arm-examples/arm2lcd/m4/GCC_Project/output/eoss3_hal_timer.o
                0x0000000000000b58                HAL_Delay_Init
 .text.HAL_DelayUSec
                0x0000000000000bac       0x28 /home/akhil/qorc-sdk/arm-examples/arm2lcd/m4/GCC_Project/output/eoss3_hal_timer.o
                0x0000000000000bac                HAL_DelayUSec
 .text.HAL_Timer_ISR
                0x0000000000000bd4       0x88 /home/akhil/qorc-sdk/arm-examples/arm2lcd/m4/GCC_Project/output/eoss3_hal_timer.o
                0x0000000000000bd4                HAL_Timer_ISR
 .text.uart_disable_irqs
                0x0000000000000c5c       0x18 /home/akhil/qorc-sdk/arm-examples/arm2lcd/m4/GCC_Project/output/eoss3_hal_uart.o
 .text.uart_baud_rate
                0x0000000000000c74       0x60 /home/akhil/qorc-sdk/arm-examples/arm2lcd/m4/GCC_Project/output/eoss3_hal_uart.o
 .text.is_hw_uart_enabled
                0x0000000000000cd4       0x20 /home/akhil/qorc-sdk/arm-examples/arm2lcd/m4/GCC_Project/output/eoss3_hal_uart.o
 .text.uart_lpm_callback
                0x0000000000000cf4       0x74 /home/akhil/qorc-sdk/arm-examples/arm2lcd/m4/GCC_Project/output/eoss3_hal_uart.o
 .text.uart_init
                0x0000000000000d68      0x164 /home/akhil/qorc-sdk/arm-examples/arm2lcd/m4/GCC_Project/output/eoss3_hal_uart.o
                0x0000000000000d68                uart_init
 .text.uart_isr_handler
                0x0000000000000ecc       0x90 /home/akhil/qorc-sdk/arm-examples/arm2lcd/m4/GCC_Project/output/eoss3_hal_uart.o
                0x0000000000000ecc                uart_isr_handler
 .text.uart_tx_raw
                0x0000000000000f5c       0x38 /home/akhil/qorc-sdk/arm-examples/arm2lcd/m4/GCC_Project/output/eoss3_hal_uart.o
                0x0000000000000f5c                uart_tx_raw
 .text.uart_tx  0x0000000000000f94       0x1c /home/akhil/qorc-sdk/arm-examples/arm2lcd/m4/GCC_Project/output/eoss3_hal_uart.o
                0x0000000000000f94                uart_tx
 .text.uart_tx_buf
                0x0000000000000fb0       0x1a /home/akhil/qorc-sdk/arm-examples/arm2lcd/m4/GCC_Project/output/eoss3_hal_uart.o
                0x0000000000000fb0                uart_tx_buf
 *fill*         0x0000000000000fca        0x2 
 .text.WDT_ISR  0x0000000000000fcc       0x8c /home/akhil/qorc-sdk/arm-examples/arm2lcd/m4/GCC_Project/output/eoss3_hal_wdt.o
                0x0000000000000fcc                WDT_ISR
 .text.spurious_interrupt
                0x0000000000001058        0xc /home/akhil/qorc-sdk/arm-examples/arm2lcd/m4/GCC_Project/output/exceptions.o
 .text.prvGetRegistersFromStack
                0x0000000000001064       0xf0 /home/akhil/qorc-sdk/arm-examples/arm2lcd/m4/GCC_Project/output/exceptions.o
                0x0000000000001064                prvGetRegistersFromStack
 .text.HardFault_Handler
                0x0000000000001154       0x16 /home/akhil/qorc-sdk/arm-examples/arm2lcd/m4/GCC_Project/output/exceptions.o
                0x0000000000001154                HardFault_Handler
 .text.NMI_Handler
                0x000000000000116a        0x6 /home/akhil/qorc-sdk/arm-examples/arm2lcd/m4/GCC_Project/output/exceptions.o
                0x000000000000116a                NMI_Handler
 .text.MemManage_Handler
                0x0000000000001170        0x6 /home/akhil/qorc-sdk/arm-examples/arm2lcd/m4/GCC_Project/output/exceptions.o
                0x0000000000001170                MemManage_Handler
 .text.BusFault_Handler
                0x0000000000001176        0x6 /home/akhil/qorc-sdk/arm-examples/arm2lcd/m4/GCC_Project/output/exceptions.o
                0x0000000000001176                BusFault_Handler
 .text.UsageFault_Handler
                0x000000000000117c        0x6 /home/akhil/qorc-sdk/arm-examples/arm2lcd/m4/GCC_Project/output/exceptions.o
                0x000000000000117c                UsageFault_Handler
 .text.DebugMon_Handler
                0x0000000000001182        0x6 /home/akhil/qorc-sdk/arm-examples/arm2lcd/m4/GCC_Project/output/exceptions.o
                0x0000000000001182                DebugMon_Handler
 .text.Uart_Handler
                0x0000000000001188       0x50 /home/akhil/qorc-sdk/arm-examples/arm2lcd/m4/GCC_Project/output/exceptions.o
                0x0000000000001188                Uart_Handler
 .text.Timer_Handler
                0x00000000000011d8       0x24 /home/akhil/qorc-sdk/arm-examples/arm2lcd/m4/GCC_Project/output/exceptions.o
                0x00000000000011d8                Timer_Handler
 .text.CpuWdtInt_Handler
                0x00000000000011fc       0x24 /home/akhil/qorc-sdk/arm-examples/arm2lcd/m4/GCC_Project/output/exceptions.o
                0x00000000000011fc                CpuWdtInt_Handler
 .text.CpuWdtRst_Handler
                0x0000000000001220        0x6 /home/akhil/qorc-sdk/arm-examples/arm2lcd/m4/GCC_Project/output/exceptions.o
                0x0000000000001220                CpuWdtRst_Handler
 .text.BusTimeout_Handler
                0x0000000000001226        0x6 /home/akhil/qorc-sdk/arm-examples/arm2lcd/m4/GCC_Project/output/exceptions.o
                0x0000000000001226                BusTimeout_Handler
 .text.Fpu_Handler
                0x000000000000122c        0x6 /home/akhil/qorc-sdk/arm-examples/arm2lcd/m4/GCC_Project/output/exceptions.o
                0x000000000000122c                Fpu_Handler
 *fill*         0x0000000000001232        0x2 
 .text.Pkfb_Handler
                0x0000000000001234       0x10 /home/akhil/qorc-sdk/arm-examples/arm2lcd/m4/GCC_Project/output/exceptions.o
                0x0000000000001234                Pkfb_Handler
 .text.I2s_Handler
                0x0000000000001244        0x6 /home/akhil/qorc-sdk/arm-examples/arm2lcd/m4/GCC_Project/output/exceptions.o
                0x0000000000001244                I2s_Handler
 .text.Audio_Handler
                0x000000000000124a        0x6 /home/akhil/qorc-sdk/arm-examples/arm2lcd/m4/GCC_Project/output/exceptions.o
                0x000000000000124a                Audio_Handler
 .text.SpiMs_Handler
                0x0000000000001250       0x5c /home/akhil/qorc-sdk/arm-examples/arm2lcd/m4/GCC_Project/output/exceptions.o
                0x0000000000001250                SpiMs_Handler
 .text.CfgDma_Handler
                0x00000000000012ac       0x28 /home/akhil/qorc-sdk/arm-examples/arm2lcd/m4/GCC_Project/output/exceptions.o
                0x00000000000012ac                CfgDma_Handler
 .text.PmuTimer_Handler
                0x00000000000012d4        0x2 /home/akhil/qorc-sdk/arm-examples/arm2lcd/m4/GCC_Project/output/exceptions.o
                0x00000000000012d4                PmuTimer_Handler
 .text.AdcDone_Handler
                0x00000000000012d6        0x8 /home/akhil/qorc-sdk/arm-examples/arm2lcd/m4/GCC_Project/output/exceptions.o
                0x00000000000012d6                AdcDone_Handler
 *fill*         0x00000000000012de        0x2 
 .text.RtcAlarm_Handler
                0x00000000000012e0       0x1c /home/akhil/qorc-sdk/arm-examples/arm2lcd/m4/GCC_Project/output/exceptions.o
                0x00000000000012e0                RtcAlarm_Handler
 .text.ResetInt_Handler
                0x00000000000012fc        0x8 /home/akhil/qorc-sdk/arm-examples/arm2lcd/m4/GCC_Project/output/exceptions.o
                0x00000000000012fc                ResetInt_Handler
 .text.Ffe0_Handler
                0x0000000000001304       0x18 /home/akhil/qorc-sdk/arm-examples/arm2lcd/m4/GCC_Project/output/exceptions.o
                0x0000000000001304                Ffe0_Handler
 .text.FbMsg_Handler
                0x000000000000131c       0x6c /home/akhil/qorc-sdk/arm-examples/arm2lcd/m4/GCC_Project/output/exceptions.o
                0x000000000000131c                FbMsg_Handler
 .text.SensorGpio_Handler
                0x0000000000001388        0x8 /home/akhil/qorc-sdk/arm-examples/arm2lcd/m4/GCC_Project/output/exceptions.o
                0x0000000000001388                SensorGpio_Handler
 .text.M4SramSleep_Handler
                0x0000000000001390        0x8 /home/akhil/qorc-sdk/arm-examples/arm2lcd/m4/GCC_Project/output/exceptions.o
                0x0000000000001390                M4SramSleep_Handler
 .text.LDO30_PG_Handler
                0x0000000000001398        0x8 /home/akhil/qorc-sdk/arm-examples/arm2lcd/m4/GCC_Project/output/exceptions.o
                0x0000000000001398                LDO30_PG_Handler
 .text.LDO50_PG_Handler
                0x00000000000013a0        0x8 /home/akhil/qorc-sdk/arm-examples/arm2lcd/m4/GCC_Project/output/exceptions.o
                0x00000000000013a0                LDO50_PG_Handler
 .text.DMIC_Voice_Det_Handler
                0x00000000000013a8        0x8 /home/akhil/qorc-sdk/arm-examples/arm2lcd/m4/GCC_Project/output/exceptions.o
                0x00000000000013a8                DMIC_Voice_Det_Handler
 .text.ApPDMClkOn_Handler
                0x00000000000013b0        0x8 /home/akhil/qorc-sdk/arm-examples/arm2lcd/m4/GCC_Project/output/exceptions.o
                0x00000000000013b0                ApPDMClkOn_Handler
 .text.ApPDMClkOff_Handler
                0x00000000000013b8        0x8 /home/akhil/qorc-sdk/arm-examples/arm2lcd/m4/GCC_Project/output/exceptions.o
                0x00000000000013b8                ApPDMClkOff_Handler
 .text.Dmac0BlkDone_Handler
                0x00000000000013c0        0x8 /home/akhil/qorc-sdk/arm-examples/arm2lcd/m4/GCC_Project/output/exceptions.o
                0x00000000000013c0                Dmac0BlkDone_Handler
 .text.Dmac0BufDone_Handler
                0x00000000000013c8        0x8 /home/akhil/qorc-sdk/arm-examples/arm2lcd/m4/GCC_Project/output/exceptions.o
                0x00000000000013c8                Dmac0BufDone_Handler
 .text.Dmac1BlkDone_Handler
                0x00000000000013d0        0x8 /home/akhil/qorc-sdk/arm-examples/arm2lcd/m4/GCC_Project/output/exceptions.o
                0x00000000000013d0                Dmac1BlkDone_Handler
 .text.Dmac1BufDone_Handler
                0x00000000000013d8        0x8 /home/akhil/qorc-sdk/arm-examples/arm2lcd/m4/GCC_Project/output/exceptions.o
                0x00000000000013d8                Dmac1BufDone_Handler
 .text.Sdma0Done_Handler
                0x00000000000013e0        0x8 /home/akhil/qorc-sdk/arm-examples/arm2lcd/m4/GCC_Project/output/exceptions.o
                0x00000000000013e0                Sdma0Done_Handler
 .text.Sdma1Done_Handler
                0x00000000000013e8        0x8 /home/akhil/qorc-sdk/arm-examples/arm2lcd/m4/GCC_Project/output/exceptions.o
                0x00000000000013e8                Sdma1Done_Handler
 .text.Sdma2Done_Handler
                0x00000000000013f0        0x8 /home/akhil/qorc-sdk/arm-examples/arm2lcd/m4/GCC_Project/output/exceptions.o
                0x00000000000013f0                Sdma2Done_Handler
 .text.Sdma3Done_Handler
                0x00000000000013f8        0x8 /home/akhil/qorc-sdk/arm-examples/arm2lcd/m4/GCC_Project/output/exceptions.o
                0x00000000000013f8                Sdma3Done_Handler
 .text.Sdma4Done_Handler
                0x0000000000001400        0x8 /home/akhil/qorc-sdk/arm-examples/arm2lcd/m4/GCC_Project/output/exceptions.o
                0x0000000000001400                Sdma4Done_Handler
 .text.Sdma5Done_Handler
                0x0000000000001408        0x8 /home/akhil/qorc-sdk/arm-examples/arm2lcd/m4/GCC_Project/output/exceptions.o
                0x0000000000001408                Sdma5Done_Handler
 .text.Sdma6Done_Handler
                0x0000000000001410        0x8 /home/akhil/qorc-sdk/arm-examples/arm2lcd/m4/GCC_Project/output/exceptions.o
                0x0000000000001410                Sdma6Done_Handler
 .text.Sdma7Done_Handler
                0x0000000000001418        0x8 /home/akhil/qorc-sdk/arm-examples/arm2lcd/m4/GCC_Project/output/exceptions.o
                0x0000000000001418                Sdma7Done_Handler
 .text.Sdma8Done_Handler
                0x0000000000001420        0x8 /home/akhil/qorc-sdk/arm-examples/arm2lcd/m4/GCC_Project/output/exceptions.o
                0x0000000000001420                Sdma8Done_Handler
 .text.Sdma9Done_Handler
                0x0000000000001428        0x8 /home/akhil/qorc-sdk/arm-examples/arm2lcd/m4/GCC_Project/output/exceptions.o
                0x0000000000001428                Sdma9Done_Handler
 .text.Sdma10Done_Handler
                0x0000000000001430        0x8 /home/akhil/qorc-sdk/arm-examples/arm2lcd/m4/GCC_Project/output/exceptions.o
                0x0000000000001430                Sdma10Done_Handler
 .text.Sdma11Done_Handler
                0x0000000000001438        0x8 /home/akhil/qorc-sdk/arm-examples/arm2lcd/m4/GCC_Project/output/exceptions.o
                0x0000000000001438                Sdma11Done_Handler
 .text.SdmaErr_Handler
                0x0000000000001440        0x8 /home/akhil/qorc-sdk/arm-examples/arm2lcd/m4/GCC_Project/output/exceptions.o
                0x0000000000001440                SdmaErr_Handler
 .text.I2S_SlvM4TxOr_Handler
                0x0000000000001448        0x8 /home/akhil/qorc-sdk/arm-examples/arm2lcd/m4/GCC_Project/output/exceptions.o
                0x0000000000001448                I2S_SlvM4TxOr_Handler
 .text.SRAM_128KB_Handler
                0x0000000000001450        0x8 /home/akhil/qorc-sdk/arm-examples/arm2lcd/m4/GCC_Project/output/exceptions.o
                0x0000000000001450                SRAM_128KB_Handler
 .text.LPSD_Voice_Det_Handler
                0x0000000000001458        0x8 /home/akhil/qorc-sdk/arm-examples/arm2lcd/m4/GCC_Project/output/exceptions.o
                0x0000000000001458                LPSD_Voice_Det_Handler
 .text.FfeWdt_Handler
                0x0000000000001460        0x8 /home/akhil/qorc-sdk/arm-examples/arm2lcd/m4/GCC_Project/output/exceptions.o
                0x0000000000001460                FfeWdt_Handler
 .text.ApBoot_Handler
                0x0000000000001468        0x8 /home/akhil/qorc-sdk/arm-examples/arm2lcd/m4/GCC_Project/output/exceptions.o
                0x0000000000001468                ApBoot_Handler
 .text.SwInt2_Handler
                0x0000000000001470        0x8 /home/akhil/qorc-sdk/arm-examples/arm2lcd/m4/GCC_Project/output/exceptions.o
                0x0000000000001470                SwInt2_Handler
 .text.SwInt1_Handler
                0x0000000000001478       0x24 /home/akhil/qorc-sdk/arm-examples/arm2lcd/m4/GCC_Project/output/exceptions.o
                0x0000000000001478                SwInt1_Handler
 .text.Ffe0Msg_Handler
                0x000000000000149c        0x8 /home/akhil/qorc-sdk/arm-examples/arm2lcd/m4/GCC_Project/output/exceptions.o
                0x000000000000149c                Ffe0Msg_Handler
 .text.lpsdVoiceOffHandler
                0x00000000000014a4        0x8 /home/akhil/qorc-sdk/arm-examples/arm2lcd/m4/GCC_Project/output/exceptions.o
                0x00000000000014a4                lpsdVoiceOffHandler
 .text.dmicVoiceOffHandler
                0x00000000000014ac        0x8 /home/akhil/qorc-sdk/arm-examples/arm2lcd/m4/GCC_Project/output/exceptions.o
                0x00000000000014ac                dmicVoiceOffHandler
 .text.vApplicationMallocFailedHook
                0x00000000000014b4       0x24 /home/akhil/qorc-sdk/arm-examples/arm2lcd/m4/GCC_Project/output/exceptions.o
                0x00000000000014b4                vApplicationMallocFailedHook
 .text.vApplicationStackOverflowHook
                0x00000000000014d8       0x24 /home/akhil/qorc-sdk/arm-examples/arm2lcd/m4/GCC_Project/output/exceptions.o
                0x00000000000014d8                vApplicationStackOverflowHook
 .text.vApplicationTickHook
                0x00000000000014fc        0x2 /home/akhil/qorc-sdk/arm-examples/arm2lcd/m4/GCC_Project/output/exceptions.o
                0x00000000000014fc                vApplicationTickHook
 *fill*         0x00000000000014fe        0x2 
 .text.prvInsertBlockIntoFreeList
                0x0000000000001500       0x74 /home/akhil/qorc-sdk/arm-examples/arm2lcd/m4/GCC_Project/output/heap_4.o
 .text.pvPortMalloc
                0x0000000000001574      0x198 /home/akhil/qorc-sdk/arm-examples/arm2lcd/m4/GCC_Project/output/heap_4.o
                0x0000000000001574                pvPortMalloc
 .text.vListInitialise
                0x000000000000170c       0x16 /home/akhil/qorc-sdk/arm-examples/arm2lcd/m4/GCC_Project/output/list.o
                0x000000000000170c                vListInitialise
 .text.vListInitialiseItem
                0x0000000000001722        0x6 /home/akhil/qorc-sdk/arm-examples/arm2lcd/m4/GCC_Project/output/list.o
                0x0000000000001722                vListInitialiseItem
 .text.vListInsertEnd
                0x0000000000001728       0x18 /home/akhil/qorc-sdk/arm-examples/arm2lcd/m4/GCC_Project/output/list.o
                0x0000000000001728                vListInsertEnd
 .text.vListInsert
                0x0000000000001740       0x2e /home/akhil/qorc-sdk/arm-examples/arm2lcd/m4/GCC_Project/output/list.o
                0x0000000000001740                vListInsert
 .text.uxListRemove
                0x000000000000176e       0x20 /home/akhil/qorc-sdk/arm-examples/arm2lcd/m4/GCC_Project/output/list.o
                0x000000000000176e                uxListRemove
 *fill*         0x000000000000178e        0x2 
 .text.startup.main
                0x0000000000001790       0xd8 /home/akhil/qorc-sdk/arm-examples/arm2lcd/m4/GCC_Project/output/main.o
                0x0000000000001790                main
 .text.SystemInit
                0x0000000000001868        0x2 /home/akhil/qorc-sdk/arm-examples/arm2lcd/m4/GCC_Project/output/main.o
                0x0000000000001868                SystemInit
 *fill*         0x000000000000186a        0x6 
 .text.SVC_Handler
                0x0000000000001870       0x24 /home/akhil/qorc-sdk/arm-examples/arm2lcd/m4/GCC_Project/output/port.o
                0x0000000000001870                SVC_Handler
 .text.vPortEnterCritical
                0x0000000000001894       0x58 /home/akhil/qorc-sdk/arm-examples/arm2lcd/m4/GCC_Project/output/port.o
                0x0000000000001894                vPortEnterCritical
 .text.vPortExitCritical
                0x00000000000018ec       0x3c /home/akhil/qorc-sdk/arm-examples/arm2lcd/m4/GCC_Project/output/port.o
                0x00000000000018ec                vPortExitCritical
 *fill*         0x0000000000001928        0x8 
 .text.PendSV_Handler
                0x0000000000001930       0x64 /home/akhil/qorc-sdk/arm-examples/arm2lcd/m4/GCC_Project/output/port.o
                0x0000000000001930                PendSV_Handler
 .text.xPortSysTickHandler
                0x0000000000001994       0x2c /home/akhil/qorc-sdk/arm-examples/arm2lcd/m4/GCC_Project/output/port.o
                0x0000000000001994                xPortSysTickHandler
 .text.vPortValidateInterruptPriority
                0x00000000000019c0       0x7c /home/akhil/qorc-sdk/arm-examples/arm2lcd/m4/GCC_Project/output/port.o
                0x00000000000019c0                vPortValidateInterruptPriority
 .text.system_init
                0x0000000000001a3c       0x6c /home/akhil/qorc-sdk/arm-examples/arm2lcd/m4/GCC_Project/output/qf_hardwaresetup.o
                0x0000000000001a3c                system_init
 .text.qf_hardwareSetup
                0x0000000000001aa8       0x78 /home/akhil/qorc-sdk/arm-examples/arm2lcd/m4/GCC_Project/output/qf_hardwaresetup.o
                0x0000000000001aa8                qf_hardwareSetup
 .text.prvIsQueueEmpty
                0x0000000000001b20       0x16 /home/akhil/qorc-sdk/arm-examples/arm2lcd/m4/GCC_Project/output/queue.o
 .text.prvCopyDataToQueue
                0x0000000000001b36       0x78 /home/akhil/qorc-sdk/arm-examples/arm2lcd/m4/GCC_Project/output/queue.o
 .text.prvUnlockQueue
                0x0000000000001bae       0x70 /home/akhil/qorc-sdk/arm-examples/arm2lcd/m4/GCC_Project/output/queue.o
 *fill*         0x0000000000001c1e        0x2 
 .text.xQueueGenericReset
                0x0000000000001c20       0x90 /home/akhil/qorc-sdk/arm-examples/arm2lcd/m4/GCC_Project/output/queue.o
                0x0000000000001c20                xQueueGenericReset
 .text.xQueueGenericCreate
                0x0000000000001cb0       0x74 /home/akhil/qorc-sdk/arm-examples/arm2lcd/m4/GCC_Project/output/queue.o
                0x0000000000001cb0                xQueueGenericCreate
 .text.xQueueGenericSend
                0x0000000000001d24      0x19c /home/akhil/qorc-sdk/arm-examples/arm2lcd/m4/GCC_Project/output/queue.o
                0x0000000000001d24                xQueueGenericSend
 .text.xQueueGenericSendFromISR
                0x0000000000001ec0       0xf0 /home/akhil/qorc-sdk/arm-examples/arm2lcd/m4/GCC_Project/output/queue.o
                0x0000000000001ec0                xQueueGenericSendFromISR
 .text.xQueueGenericSendFromISRDebug
                0x0000000000001fb0       0x30 /home/akhil/qorc-sdk/arm-examples/arm2lcd/m4/GCC_Project/output/queue.o
                0x0000000000001fb0                xQueueGenericSendFromISRDebug
 .text.xQueueGiveFromISR
                0x0000000000001fe0       0xdc /home/akhil/qorc-sdk/arm-examples/arm2lcd/m4/GCC_Project/output/queue.o
                0x0000000000001fe0                xQueueGiveFromISR
 .text.xQueueSemaphoreTake
                0x00000000000020bc      0x1b0 /home/akhil/qorc-sdk/arm-examples/arm2lcd/m4/GCC_Project/output/queue.o
                0x00000000000020bc                xQueueSemaphoreTake
 .text.vQueueAddToRegistry
                0x000000000000226c       0x24 /home/akhil/qorc-sdk/arm-examples/arm2lcd/m4/GCC_Project/output/queue.o
                0x000000000000226c                vQueueAddToRegistry
 .text.s3x_clkd_write_div
                0x0000000000002290       0xa8 /home/akhil/qorc-sdk/arm-examples/arm2lcd/m4/GCC_Project/output/s3x_clock.o
 .text.s3x_clkd_read_div
                0x0000000000002338       0x44 /home/akhil/qorc-sdk/arm-examples/arm2lcd/m4/GCC_Project/output/s3x_clock.o
 .text.s3x_clkd_cal_div.part.0
                0x000000000000237c       0x30 /home/akhil/qorc-sdk/arm-examples/arm2lcd/m4/GCC_Project/output/s3x_clock.o
 .text.S3x_Id_To_Domain
                0x00000000000023ac       0x1c /home/akhil/qorc-sdk/arm-examples/arm2lcd/m4/GCC_Project/output/s3x_clock.o
                0x00000000000023ac                S3x_Id_To_Domain
 .text.S3x_Clkd_Get_Cpu_Rate
                0x00000000000023c8        0xc /home/akhil/qorc-sdk/arm-examples/arm2lcd/m4/GCC_Project/output/s3x_clock.o
                0x00000000000023c8                S3x_Clkd_Get_Cpu_Rate
 .text.s3x_clkd_update_div_val
                0x00000000000023d4       0x4c /home/akhil/qorc-sdk/arm-examples/arm2lcd/m4/GCC_Project/output/s3x_clock.o
                0x00000000000023d4                s3x_clkd_update_div_val
 .text.s3x_clkd_update_fd_rate
                0x0000000000002420        0xe /home/akhil/qorc-sdk/arm-examples/arm2lcd/m4/GCC_Project/output/s3x_clock.o
                0x0000000000002420                s3x_clkd_update_fd_rate
 *fill*         0x000000000000242e        0x2 
 .text.s3x_clkd_update_sd_div
                0x0000000000002430       0x5c /home/akhil/qorc-sdk/arm-examples/arm2lcd/m4/GCC_Project/output/s3x_clock.o
 .text.s3x_clkd_update_all_src_div
                0x000000000000248c       0xcc /home/akhil/qorc-sdk/arm-examples/arm2lcd/m4/GCC_Project/output/s3x_clock.o
                0x000000000000248c                s3x_clkd_update_all_src_div
 .text.S3x_Clkd_Get_Hsosc_Rate
                0x0000000000002558       0x34 /home/akhil/qorc-sdk/arm-examples/arm2lcd/m4/GCC_Project/output/s3x_clock.o
                0x0000000000002558                S3x_Clkd_Get_Hsosc_Rate
 .text.S3x_Clkd_Change_Hsosc
                0x000000000000258c       0x70 /home/akhil/qorc-sdk/arm-examples/arm2lcd/m4/GCC_Project/output/s3x_clock.o
                0x000000000000258c                S3x_Clkd_Change_Hsosc
 .text.s3x_clkd_get_src_rate
                0x00000000000025fc       0x12 /home/akhil/qorc-sdk/arm-examples/arm2lcd/m4/GCC_Project/output/s3x_clock.o
                0x00000000000025fc                s3x_clkd_get_src_rate
 *fill*         0x000000000000260e        0x2 
 .text.s3x_clkd_get_div
                0x0000000000002610       0x74 /home/akhil/qorc-sdk/arm-examples/arm2lcd/m4/GCC_Project/output/s3x_clock.o
                0x0000000000002610                s3x_clkd_get_div
 .text.s3x_clkd_srate
                0x0000000000002684      0x158 /home/akhil/qorc-sdk/arm-examples/arm2lcd/m4/GCC_Project/output/s3x_clock.o
 .text.s3x_clkd_grate
                0x00000000000027dc       0x8c /home/akhil/qorc-sdk/arm-examples/arm2lcd/m4/GCC_Project/output/s3x_clock.o
 .text.s3x_clkd_set_src_div_st
                0x0000000000002868       0x4c /home/akhil/qorc-sdk/arm-examples/arm2lcd/m4/GCC_Project/output/s3x_clock.o
 .text.s3x_update_clk_rate
                0x00000000000028b4       0xb0 /home/akhil/qorc-sdk/arm-examples/arm2lcd/m4/GCC_Project/output/s3x_clock.o
                0x00000000000028b4                s3x_update_clk_rate
 .text.s3x_clkd_get_gate_mask_st
                0x0000000000002964       0x16 /home/akhil/qorc-sdk/arm-examples/arm2lcd/m4/GCC_Project/output/s3x_clock.o
                0x0000000000002964                s3x_clkd_get_gate_mask_st
 *fill*         0x000000000000297a        0x2 
 .text.s3x_clkd_set_gate_mask
                0x000000000000297c       0x50 /home/akhil/qorc-sdk/arm-examples/arm2lcd/m4/GCC_Project/output/s3x_clock.o
                0x000000000000297c                s3x_clkd_set_gate_mask
 .text.s3x_clkd_enable_gate
                0x00000000000029cc       0x68 /home/akhil/qorc-sdk/arm-examples/arm2lcd/m4/GCC_Project/output/s3x_clock.o
 .text.s3x_clkd_disable_gate
                0x0000000000002a34       0x54 /home/akhil/qorc-sdk/arm-examples/arm2lcd/m4/GCC_Project/output/s3x_clock.o
 .text._S3x_Clk_Enable
                0x0000000000002a88       0xb8 /home/akhil/qorc-sdk/arm-examples/arm2lcd/m4/GCC_Project/output/s3x_clock.o
                0x0000000000002a88                _S3x_Clk_Enable
 .text._S3x_Clk_Disable
                0x0000000000002b40       0xc8 /home/akhil/qorc-sdk/arm-examples/arm2lcd/m4/GCC_Project/output/s3x_clock.o
                0x0000000000002b40                _S3x_Clk_Disable
 .text._S3x_Clk_Get_Status
                0x0000000000002c08       0x2c /home/akhil/qorc-sdk/arm-examples/arm2lcd/m4/GCC_Project/output/s3x_clock.o
                0x0000000000002c08                _S3x_Clk_Get_Status
 .text._S3x_Clk_Get_Rate
                0x0000000000002c34       0x28 /home/akhil/qorc-sdk/arm-examples/arm2lcd/m4/GCC_Project/output/s3x_clock.o
                0x0000000000002c34                _S3x_Clk_Get_Rate
 .text.S3x_Clk_Init
                0x0000000000002c5c      0x15c /home/akhil/qorc-sdk/arm-examples/arm2lcd/m4/GCC_Project/output/s3x_clock.o
                0x0000000000002c5c                S3x_Clk_Init
 .text.S3x_Clk_Enable
                0x0000000000002db8        0x4 /home/akhil/qorc-sdk/arm-examples/arm2lcd/m4/GCC_Project/output/s3x_clock_hal.o
                0x0000000000002db8                S3x_Clk_Enable
 .text.S3x_Clk_Disable
                0x0000000000002dbc        0x4 /home/akhil/qorc-sdk/arm-examples/arm2lcd/m4/GCC_Project/output/s3x_clock_hal.o
                0x0000000000002dbc                S3x_Clk_Disable
 .text.S3x_Clk_Get_Rate
                0x0000000000002dc0        0x4 /home/akhil/qorc-sdk/arm-examples/arm2lcd/m4/GCC_Project/output/s3x_clock_hal.o
                0x0000000000002dc0                S3x_Clk_Get_Rate
 .text.DFS_cpuload
                0x0000000000002dc4       0x4c /home/akhil/qorc-sdk/arm-examples/arm2lcd/m4/GCC_Project/output/s3x_cpuload.o
                0x0000000000002dc4                DFS_cpuload
 .text.DFS_resetsleepticks
                0x0000000000002e10        0xc /home/akhil/qorc-sdk/arm-examples/arm2lcd/m4/GCC_Project/output/s3x_cpuload.o
                0x0000000000002e10                DFS_resetsleepticks
 .text.DFS_UpdateTimer
                0x0000000000002e1c       0x5c /home/akhil/qorc-sdk/arm-examples/arm2lcd/m4/GCC_Project/output/s3x_dfs.o
 .text.DFS_StartTimer
                0x0000000000002e78       0x88 /home/akhil/qorc-sdk/arm-examples/arm2lcd/m4/GCC_Project/output/s3x_dfs.o
                0x0000000000002e78                DFS_StartTimer
 .text.S3x_Set_Policy
                0x0000000000002f00       0xf8 /home/akhil/qorc-sdk/arm-examples/arm2lcd/m4/GCC_Project/output/s3x_dfs.o
                0x0000000000002f00                S3x_Set_Policy
 .text.S3x_get_max_rate_dfs_node
                0x0000000000002ff8       0x28 /home/akhil/qorc-sdk/arm-examples/arm2lcd/m4/GCC_Project/output/s3x_dfs.o
                0x0000000000002ff8                S3x_get_max_rate_dfs_node
 .text.S3x_Stepup_Policy
                0x0000000000003020       0x7c /home/akhil/qorc-sdk/arm-examples/arm2lcd/m4/GCC_Project/output/s3x_dfs.o
 .text.DFS_TimerCB
                0x000000000000309c        0xe /home/akhil/qorc-sdk/arm-examples/arm2lcd/m4/GCC_Project/output/s3x_dfs.o
 *fill*         0x00000000000030aa        0x2 
 .text.DFS_Get_Curr_Policy
                0x00000000000030ac        0xc /home/akhil/qorc-sdk/arm-examples/arm2lcd/m4/GCC_Project/output/s3x_dfs.o
                0x00000000000030ac                DFS_Get_Curr_Policy
 .text.DFS_Initialize
                0x00000000000030b8       0x14 /home/akhil/qorc-sdk/arm-examples/arm2lcd/m4/GCC_Project/output/s3x_dfs.o
                0x00000000000030b8                DFS_Initialize
 .text.S3x_Register_Lpm_Cb
                0x00000000000030cc       0x40 /home/akhil/qorc-sdk/arm-examples/arm2lcd/m4/GCC_Project/output/s3x_lpm.o
                0x00000000000030cc                S3x_Register_Lpm_Cb
 .text.s3x_setup_systick_interrupt
                0x000000000000310c       0x54 /home/akhil/qorc-sdk/arm-examples/arm2lcd/m4/GCC_Project/output/s3x_lpm.o
                0x000000000000310c                s3x_setup_systick_interrupt
 .text.SysTick_Handler
                0x0000000000003160       0x12 /home/akhil/qorc-sdk/arm-examples/arm2lcd/m4/GCC_Project/output/s3x_lpm.o
                0x0000000000003160                SysTick_Handler
 *fill*         0x0000000000003172        0x2 
 .text.s3x_get_pi
                0x0000000000003174       0x20 /home/akhil/qorc-sdk/arm-examples/arm2lcd/m4/GCC_Project/output/s3x_pi.o
                0x0000000000003174                s3x_get_pi
 .text.s3x_get_pi_gindex
                0x0000000000003194       0x14 /home/akhil/qorc-sdk/arm-examples/arm2lcd/m4/GCC_Project/output/s3x_pi.o
                0x0000000000003194                s3x_get_pi_gindex
 .text.s3x_pi_get_st
                0x00000000000031a8       0x24 /home/akhil/qorc-sdk/arm-examples/arm2lcd/m4/GCC_Project/output/s3x_pi.o
                0x00000000000031a8                s3x_pi_get_st
 .text.s3x_pi_set_cfg_st
                0x00000000000031cc       0x94 /home/akhil/qorc-sdk/arm-examples/arm2lcd/m4/GCC_Project/output/s3x_pi.o
                0x00000000000031cc                s3x_pi_set_cfg_st
 .text.s3x_pi_set_active_st
                0x0000000000003260       0xa8 /home/akhil/qorc-sdk/arm-examples/arm2lcd/m4/GCC_Project/output/s3x_pi.o
                0x0000000000003260                s3x_pi_set_active_st
 .text.s3x_pi_get_clkg_st
                0x0000000000003308       0x36 /home/akhil/qorc-sdk/arm-examples/arm2lcd/m4/GCC_Project/output/s3x_pi.o
                0x0000000000003308                s3x_pi_get_clkg_st
 .text.s3x_pi_set_clkg_st
                0x000000000000333e       0x26 /home/akhil/qorc-sdk/arm-examples/arm2lcd/m4/GCC_Project/output/s3x_pi.o
                0x000000000000333e                s3x_pi_set_clkg_st
 .text.s3x_set_pi_state
                0x0000000000003364        0xc /home/akhil/qorc-sdk/arm-examples/arm2lcd/m4/GCC_Project/output/s3x_pi.o
                0x0000000000003364                s3x_set_pi_state
 .text.s3x_get_pi_init_state
                0x0000000000003370       0x18 /home/akhil/qorc-sdk/arm-examples/arm2lcd/m4/GCC_Project/output/s3x_pi.o
                0x0000000000003370                s3x_get_pi_init_state
 .text.S3x_pi_init
                0x0000000000003388       0x20 /home/akhil/qorc-sdk/arm-examples/arm2lcd/m4/GCC_Project/output/s3x_pi.o
                0x0000000000003388                S3x_pi_init
 .text.S3x_pwrcfg_init
                0x00000000000033a8       0x2c /home/akhil/qorc-sdk/arm-examples/arm2lcd/m4/GCC_Project/output/s3x_pwrcfg.o
                0x00000000000033a8                S3x_pwrcfg_init
 .text.S3x_get_qos_rate
                0x00000000000033d4       0x38 /home/akhil/qorc-sdk/arm-examples/arm2lcd/m4/GCC_Project/output/s3x_qos.o
                0x00000000000033d4                S3x_get_qos_rate
 .text.save_assert_info
                0x000000000000340c       0x74 /home/akhil/qorc-sdk/arm-examples/arm2lcd/m4/GCC_Project/output/sec_debug.o
                0x000000000000340c                save_assert_info
 .text.invoke_soft_fault
                0x0000000000003480       0x20 /home/akhil/qorc-sdk/arm-examples/arm2lcd/m4/GCC_Project/output/sec_debug.o
                0x0000000000003480                invoke_soft_fault
 .text.Reset_Handler
                0x00000000000034a0       0x2c /home/akhil/qorc-sdk/arm-examples/arm2lcd/m4/GCC_Project/output/startup_EOSS3B_GCC.o
                0x00000000000034a0                Reset_Handler
 .text.__semihost_call
                0x00000000000034cc        0x6 /home/akhil/qorc-sdk/arm-examples/arm2lcd/m4/GCC_Project/output/startup_EOSS3B_GCC.o
                0x00000000000034cc                __semihost_call
 *fill*         0x00000000000034d2        0x2 
 .text.prvResetNextTaskUnblockTime
                0x00000000000034d4       0x24 /home/akhil/qorc-sdk/arm-examples/arm2lcd/m4/GCC_Project/output/tasks.o
 .text.prvAddCurrentTaskToDelayedList
                0x00000000000034f8       0x8c /home/akhil/qorc-sdk/arm-examples/arm2lcd/m4/GCC_Project/output/tasks.o
 .text.vTaskSuspendAll
                0x0000000000003584       0x10 /home/akhil/qorc-sdk/arm-examples/arm2lcd/m4/GCC_Project/output/tasks.o
                0x0000000000003584                vTaskSuspendAll
 .text.xTaskGetTickCount
                0x0000000000003594        0xc /home/akhil/qorc-sdk/arm-examples/arm2lcd/m4/GCC_Project/output/tasks.o
                0x0000000000003594                xTaskGetTickCount
 .text.xTaskIncrementTick
                0x00000000000035a0      0x14c /home/akhil/qorc-sdk/arm-examples/arm2lcd/m4/GCC_Project/output/tasks.o
                0x00000000000035a0                xTaskIncrementTick
 .text.xTaskResumeAll
                0x00000000000036ec      0x100 /home/akhil/qorc-sdk/arm-examples/arm2lcd/m4/GCC_Project/output/tasks.o
                0x00000000000036ec                xTaskResumeAll
 .text.vTaskSwitchContext
                0x00000000000037ec       0xb8 /home/akhil/qorc-sdk/arm-examples/arm2lcd/m4/GCC_Project/output/tasks.o
                0x00000000000037ec                vTaskSwitchContext
 .text.vTaskPlaceOnEventList
                0x00000000000038a4       0x48 /home/akhil/qorc-sdk/arm-examples/arm2lcd/m4/GCC_Project/output/tasks.o
                0x00000000000038a4                vTaskPlaceOnEventList
 .text.xTaskRemoveFromEventList
                0x00000000000038ec       0x9c /home/akhil/qorc-sdk/arm-examples/arm2lcd/m4/GCC_Project/output/tasks.o
                0x00000000000038ec                xTaskRemoveFromEventList
 .text.vTaskInternalSetTimeOutState
                0x0000000000003988       0x18 /home/akhil/qorc-sdk/arm-examples/arm2lcd/m4/GCC_Project/output/tasks.o
                0x0000000000003988                vTaskInternalSetTimeOutState
 .text.xTaskCheckForTimeOut
                0x00000000000039a0       0x94 /home/akhil/qorc-sdk/arm-examples/arm2lcd/m4/GCC_Project/output/tasks.o
                0x00000000000039a0                xTaskCheckForTimeOut
 .text.vTaskMissedYield
                0x0000000000003a34        0xc /home/akhil/qorc-sdk/arm-examples/arm2lcd/m4/GCC_Project/output/tasks.o
                0x0000000000003a34                vTaskMissedYield
 .text.uxTaskGetTCBNumber
                0x0000000000003a40       0x14 /home/akhil/qorc-sdk/arm-examples/arm2lcd/m4/GCC_Project/output/tasks.o
                0x0000000000003a40                uxTaskGetTCBNumber
 .text.xTaskGetCurrentTaskHandle
                0x0000000000003a54        0xc /home/akhil/qorc-sdk/arm-examples/arm2lcd/m4/GCC_Project/output/tasks.o
                0x0000000000003a54                xTaskGetCurrentTaskHandle
 .text.xTaskGetSchedulerState
                0x0000000000003a60       0x20 /home/akhil/qorc-sdk/arm-examples/arm2lcd/m4/GCC_Project/output/tasks.o
                0x0000000000003a60                xTaskGetSchedulerState
 .text.xTaskPriorityInherit
                0x0000000000003a80       0xa8 /home/akhil/qorc-sdk/arm-examples/arm2lcd/m4/GCC_Project/output/tasks.o
                0x0000000000003a80                xTaskPriorityInherit
 .text.xTaskPriorityDisinherit
                0x0000000000003b28       0xc4 /home/akhil/qorc-sdk/arm-examples/arm2lcd/m4/GCC_Project/output/tasks.o
                0x0000000000003b28                xTaskPriorityDisinherit
 .text.vTaskPriorityDisinheritAfterTimeout
                0x0000000000003bec       0xd8 /home/akhil/qorc-sdk/arm-examples/arm2lcd/m4/GCC_Project/output/tasks.o
                0x0000000000003bec                vTaskPriorityDisinheritAfterTimeout
 .text.pvTaskIncrementMutexHeldCount
                0x0000000000003cc4       0x18 /home/akhil/qorc-sdk/arm-examples/arm2lcd/m4/GCC_Project/output/tasks.o
                0x0000000000003cc4                pvTaskIncrementMutexHeldCount
 .text.prvCheckForValidListAndQueue
                0x0000000000003cdc       0x58 /home/akhil/qorc-sdk/arm-examples/arm2lcd/m4/GCC_Project/output/timers.o
 .text.xTimerCreate
                0x0000000000003d34       0x58 /home/akhil/qorc-sdk/arm-examples/arm2lcd/m4/GCC_Project/output/timers.o
                0x0000000000003d34                xTimerCreate
 .text.xTimerGenericCommand
                0x0000000000003d8c       0x70 /home/akhil/qorc-sdk/arm-examples/arm2lcd/m4/GCC_Project/output/timers.o
                0x0000000000003d8c                xTimerGenericCommand
 .text.exit     0x0000000000003dfc       0x28 /home/akhil/qorc-sdk/arm_toolchain_install/gcc-arm-none-eabi-9-2020-q2-update/bin/../lib/gcc/arm-none-eabi/9.3.1/../../../../arm-none-eabi/lib/thumb/v7e-m+fp/hard/libg_nano.a(lib_a-exit.o)
                0x0000000000003dfc                exit
 .text.__libc_init_array
                0x0000000000003e24       0x48 /home/akhil/qorc-sdk/arm_toolchain_install/gcc-arm-none-eabi-9-2020-q2-update/bin/../lib/gcc/arm-none-eabi/9.3.1/../../../../arm-none-eabi/lib/thumb/v7e-m+fp/hard/libg_nano.a(lib_a-init.o)
                0x0000000000003e24                __libc_init_array
 .text.memcpy   0x0000000000003e6c       0x1c /home/akhil/qorc-sdk/arm_toolchain_install/gcc-arm-none-eabi-9-2020-q2-update/bin/../lib/gcc/arm-none-eabi/9.3.1/../../../../arm-none-eabi/lib/thumb/v7e-m+fp/hard/libg_nano.a(lib_a-memcpy-stub.o)
                0x0000000000003e6c                memcpy
 .text.memset   0x0000000000003e88       0x10 /home/akhil/qorc-sdk/arm_toolchain_install/gcc-arm-none-eabi-9-2020-q2-update/bin/../lib/gcc/arm-none-eabi/9.3.1/../../../../arm-none-eabi/lib/thumb/v7e-m+fp/hard/libg_nano.a(lib_a-memset.o)
                0x0000000000003e88                memset
 .text._free_r  0x0000000000003e98       0xa0 /home/akhil/qorc-sdk/arm_toolchain_install/gcc-arm-none-eabi-9-2020-q2-update/bin/../lib/gcc/arm-none-eabi/9.3.1/../../../../arm-none-eabi/lib/thumb/v7e-m+fp/hard/libg_nano.a(lib_a-nano-freer.o)
                0x0000000000003e98                _free_r
 .text._malloc_r
                0x0000000000003f38       0xb4 /home/akhil/qorc-sdk/arm_toolchain_install/gcc-arm-none-eabi-9-2020-q2-update/bin/../lib/gcc/arm-none-eabi/9.3.1/../../../../arm-none-eabi/lib/thumb/v7e-m+fp/hard/libg_nano.a(lib_a-nano-mallocr.o)
                0x0000000000003f38                _malloc_r
 .text.printf   0x0000000000003fec       0x30 /home/akhil/qorc-sdk/arm_toolchain_install/gcc-arm-none-eabi-9-2020-q2-update/bin/../lib/gcc/arm-none-eabi/9.3.1/../../../../arm-none-eabi/lib/thumb/v7e-m+fp/hard/libg_nano.a(lib_a-printf.o)
                0x0000000000003fec                printf
                0x0000000000003fec                iprintf
 .text._puts_r  0x000000000000401c       0xdc /home/akhil/qorc-sdk/arm_toolchain_install/gcc-arm-none-eabi-9-2020-q2-update/bin/../lib/gcc/arm-none-eabi/9.3.1/../../../../arm-none-eabi/lib/thumb/v7e-m+fp/hard/libg_nano.a(lib_a-puts.o)
                0x000000000000401c                _puts_r
 .text.puts     0x00000000000040f8       0x10 /home/akhil/qorc-sdk/arm_toolchain_install/gcc-arm-none-eabi-9-2020-q2-update/bin/../lib/gcc/arm-none-eabi/9.3.1/../../../../arm-none-eabi/lib/thumb/v7e-m+fp/hard/libg_nano.a(lib_a-puts.o)
                0x00000000000040f8                puts
 .text._sbrk_r  0x0000000000004108       0x20 /home/akhil/qorc-sdk/arm_toolchain_install/gcc-arm-none-eabi-9-2020-q2-update/bin/../lib/gcc/arm-none-eabi/9.3.1/../../../../arm-none-eabi/lib/thumb/v7e-m+fp/hard/libg_nano.a(lib_a-sbrkr.o)
                0x0000000000004108                _sbrk_r
 .text.snprintf
                0x0000000000004128       0x68 /home/akhil/qorc-sdk/arm_toolchain_install/gcc-arm-none-eabi-9-2020-q2-update/bin/../lib/gcc/arm-none-eabi/9.3.1/../../../../arm-none-eabi/lib/thumb/v7e-m+fp/hard/libg_nano.a(lib_a-snprintf.o)
                0x0000000000004128                snprintf
                0x0000000000004128                sniprintf
 .text.sprintf  0x0000000000004190       0x40 /home/akhil/qorc-sdk/arm_toolchain_install/gcc-arm-none-eabi-9-2020-q2-update/bin/../lib/gcc/arm-none-eabi/9.3.1/../../../../arm-none-eabi/lib/thumb/v7e-m+fp/hard/libg_nano.a(lib_a-sprintf.o)
                0x0000000000004190                sprintf
                0x0000000000004190                siprintf
 .text.strchr   0x00000000000041d0       0x1a /home/akhil/qorc-sdk/arm_toolchain_install/gcc-arm-none-eabi-9-2020-q2-update/bin/../lib/gcc/arm-none-eabi/9.3.1/../../../../arm-none-eabi/lib/thumb/v7e-m+fp/hard/libg_nano.a(lib_a-strchr.o)
                0x00000000000041d0                strchr
 .text.strcpy   0x00000000000041ea       0x10 /home/akhil/qorc-sdk/arm_toolchain_install/gcc-arm-none-eabi-9-2020-q2-update/bin/../lib/gcc/arm-none-eabi/9.3.1/../../../../arm-none-eabi/lib/thumb/v7e-m+fp/hard/libg_nano.a(lib_a-strcpy.o)
                0x00000000000041ea                strcpy
 .text          0x00000000000041fa       0x10 /home/akhil/qorc-sdk/arm_toolchain_install/gcc-arm-none-eabi-9-2020-q2-update/bin/../lib/gcc/arm-none-eabi/9.3.1/../../../../arm-none-eabi/lib/thumb/v7e-m+fp/hard/libg_nano.a(lib_a-strlen.o)
                0x00000000000041fa                strlen
 .text.strncpy  0x000000000000420a       0x26 /home/akhil/qorc-sdk/arm_toolchain_install/gcc-arm-none-eabi-9-2020-q2-update/bin/../lib/gcc/arm-none-eabi/9.3.1/../../../../arm-none-eabi/lib/thumb/v7e-m+fp/hard/libg_nano.a(lib_a-strncpy.o)
                0x000000000000420a                strncpy
 .text.strrchr  0x0000000000004230       0x28 /home/akhil/qorc-sdk/arm_toolchain_install/gcc-arm-none-eabi-9-2020-q2-update/bin/../lib/gcc/arm-none-eabi/9.3.1/../../../../arm-none-eabi/lib/thumb/v7e-m+fp/hard/libg_nano.a(lib_a-strrchr.o)
                0x0000000000004230                strrchr
 .text.__swbuf_r
                0x0000000000004258       0xa4 /home/akhil/qorc-sdk/arm_toolchain_install/gcc-arm-none-eabi-9-2020-q2-update/bin/../lib/gcc/arm-none-eabi/9.3.1/../../../../arm-none-eabi/lib/thumb/v7e-m+fp/hard/libg_nano.a(lib_a-wbuf.o)
                0x0000000000004258                __swbuf_r
 .text.__swsetup_r
                0x00000000000042fc       0xdc /home/akhil/qorc-sdk/arm_toolchain_install/gcc-arm-none-eabi-9-2020-q2-update/bin/../lib/gcc/arm-none-eabi/9.3.1/../../../../arm-none-eabi/lib/thumb/v7e-m+fp/hard/libg_nano.a(lib_a-wsetup.o)
                0x00000000000042fc                __swsetup_r
 .text.__sflush_r
                0x00000000000043d8      0x10c /home/akhil/qorc-sdk/arm_toolchain_install/gcc-arm-none-eabi-9-2020-q2-update/bin/../lib/gcc/arm-none-eabi/9.3.1/../../../../arm-none-eabi/lib/thumb/v7e-m+fp/hard/libg_nano.a(lib_a-fflush.o)
                0x00000000000043d8                __sflush_r
 .text._fflush_r
                0x00000000000044e4       0x78 /home/akhil/qorc-sdk/arm_toolchain_install/gcc-arm-none-eabi-9-2020-q2-update/bin/../lib/gcc/arm-none-eabi/9.3.1/../../../../arm-none-eabi/lib/thumb/v7e-m+fp/hard/libg_nano.a(lib_a-fflush.o)
                0x00000000000044e4                _fflush_r
 .text.std      0x000000000000455c       0x48 /home/akhil/qorc-sdk/arm_toolchain_install/gcc-arm-none-eabi-9-2020-q2-update/bin/../lib/gcc/arm-none-eabi/9.3.1/../../../../arm-none-eabi/lib/thumb/v7e-m+fp/hard/libg_nano.a(lib_a-findfp.o)
 .text._cleanup_r
                0x00000000000045a4        0xc /home/akhil/qorc-sdk/arm_toolchain_install/gcc-arm-none-eabi-9-2020-q2-update/bin/../lib/gcc/arm-none-eabi/9.3.1/../../../../arm-none-eabi/lib/thumb/v7e-m+fp/hard/libg_nano.a(lib_a-findfp.o)
                0x00000000000045a4                _cleanup_r
 .text.__sfmoreglue
                0x00000000000045b0       0x2c /home/akhil/qorc-sdk/arm_toolchain_install/gcc-arm-none-eabi-9-2020-q2-update/bin/../lib/gcc/arm-none-eabi/9.3.1/../../../../arm-none-eabi/lib/thumb/v7e-m+fp/hard/libg_nano.a(lib_a-findfp.o)
                0x00000000000045b0                __sfmoreglue
 .text.__sfp_lock_acquire
                0x00000000000045dc        0xc /home/akhil/qorc-sdk/arm_toolchain_install/gcc-arm-none-eabi-9-2020-q2-update/bin/../lib/gcc/arm-none-eabi/9.3.1/../../../../arm-none-eabi/lib/thumb/v7e-m+fp/hard/libg_nano.a(lib_a-findfp.o)
                0x00000000000045dc                __sfp_lock_acquire
 .text.__sfp_lock_release
                0x00000000000045e8        0xc /home/akhil/qorc-sdk/arm_toolchain_install/gcc-arm-none-eabi-9-2020-q2-update/bin/../lib/gcc/arm-none-eabi/9.3.1/../../../../arm-none-eabi/lib/thumb/v7e-m+fp/hard/libg_nano.a(lib_a-findfp.o)
                0x00000000000045e8                __sfp_lock_release
 .text.__sinit_lock_acquire
                0x00000000000045f4        0xc /home/akhil/qorc-sdk/arm_toolchain_install/gcc-arm-none-eabi-9-2020-q2-update/bin/../lib/gcc/arm-none-eabi/9.3.1/../../../../arm-none-eabi/lib/thumb/v7e-m+fp/hard/libg_nano.a(lib_a-findfp.o)
                0x00000000000045f4                __sinit_lock_acquire
 .text.__sinit_lock_release
                0x0000000000004600        0xc /home/akhil/qorc-sdk/arm_toolchain_install/gcc-arm-none-eabi-9-2020-q2-update/bin/../lib/gcc/arm-none-eabi/9.3.1/../../../../arm-none-eabi/lib/thumb/v7e-m+fp/hard/libg_nano.a(lib_a-findfp.o)
                0x0000000000004600                __sinit_lock_release
 .text.__sinit  0x000000000000460c       0x70 /home/akhil/qorc-sdk/arm_toolchain_install/gcc-arm-none-eabi-9-2020-q2-update/bin/../lib/gcc/arm-none-eabi/9.3.1/../../../../arm-none-eabi/lib/thumb/v7e-m+fp/hard/libg_nano.a(lib_a-findfp.o)
                0x000000000000460c                __sinit
 .text.__sfp    0x000000000000467c       0x8c /home/akhil/qorc-sdk/arm_toolchain_install/gcc-arm-none-eabi-9-2020-q2-update/bin/../lib/gcc/arm-none-eabi/9.3.1/../../../../arm-none-eabi/lib/thumb/v7e-m+fp/hard/libg_nano.a(lib_a-findfp.o)
                0x000000000000467c                __sfp
 .text._fwalk_reent
                0x0000000000004708       0x3e /home/akhil/qorc-sdk/arm_toolchain_install/gcc-arm-none-eabi-9-2020-q2-update/bin/../lib/gcc/arm-none-eabi/9.3.1/../../../../arm-none-eabi/lib/thumb/v7e-m+fp/hard/libg_nano.a(lib_a-fwalk.o)
                0x0000000000004708                _fwalk_reent
 .text.__retarget_lock_init_recursive
                0x0000000000004746        0x2 /home/akhil/qorc-sdk/arm_toolchain_install/gcc-arm-none-eabi-9-2020-q2-update/bin/../lib/gcc/arm-none-eabi/9.3.1/../../../../arm-none-eabi/lib/thumb/v7e-m+fp/hard/libg_nano.a(lib_a-lock.o)
                0x0000000000004746                __retarget_lock_init_recursive
 .text.__retarget_lock_acquire_recursive
                0x0000000000004748        0x2 /home/akhil/qorc-sdk/arm_toolchain_install/gcc-arm-none-eabi-9-2020-q2-update/bin/../lib/gcc/arm-none-eabi/9.3.1/../../../../arm-none-eabi/lib/thumb/v7e-m+fp/hard/libg_nano.a(lib_a-lock.o)
                0x0000000000004748                __retarget_lock_acquire_recursive
 .text.__retarget_lock_release_recursive
                0x000000000000474a        0x2 /home/akhil/qorc-sdk/arm_toolchain_install/gcc-arm-none-eabi-9-2020-q2-update/bin/../lib/gcc/arm-none-eabi/9.3.1/../../../../arm-none-eabi/lib/thumb/v7e-m+fp/hard/libg_nano.a(lib_a-lock.o)
                0x000000000000474a                __retarget_lock_release_recursive
 .text.__swhatbuf_r
                0x000000000000474c       0x48 /home/akhil/qorc-sdk/arm_toolchain_install/gcc-arm-none-eabi-9-2020-q2-update/bin/../lib/gcc/arm-none-eabi/9.3.1/../../../../arm-none-eabi/lib/thumb/v7e-m+fp/hard/libg_nano.a(lib_a-makebuf.o)
                0x000000000000474c                __swhatbuf_r
 .text.__smakebuf_r
                0x0000000000004794       0x80 /home/akhil/qorc-sdk/arm_toolchain_install/gcc-arm-none-eabi-9-2020-q2-update/bin/../lib/gcc/arm-none-eabi/9.3.1/../../../../arm-none-eabi/lib/thumb/v7e-m+fp/hard/libg_nano.a(lib_a-makebuf.o)
                0x0000000000004794                __smakebuf_r
 .text.__malloc_lock
                0x0000000000004814        0xc /home/akhil/qorc-sdk/arm_toolchain_install/gcc-arm-none-eabi-9-2020-q2-update/bin/../lib/gcc/arm-none-eabi/9.3.1/../../../../arm-none-eabi/lib/thumb/v7e-m+fp/hard/libg_nano.a(lib_a-mlock.o)
                0x0000000000004814                __malloc_lock
 .text.__malloc_unlock
                0x0000000000004820        0xc /home/akhil/qorc-sdk/arm_toolchain_install/gcc-arm-none-eabi-9-2020-q2-update/bin/../lib/gcc/arm-none-eabi/9.3.1/../../../../arm-none-eabi/lib/thumb/v7e-m+fp/hard/libg_nano.a(lib_a-mlock.o)
                0x0000000000004820                __malloc_unlock
 .text.__ssputs_r
                0x000000000000482c       0xb6 /home/akhil/qorc-sdk/arm_toolchain_install/gcc-arm-none-eabi-9-2020-q2-update/bin/../lib/gcc/arm-none-eabi/9.3.1/../../../../arm-none-eabi/lib/thumb/v7e-m+fp/hard/libg_nano.a(lib_a-nano-svfprintf.o)
                0x000000000000482c                __ssputs_r
 *fill*         0x00000000000048e2        0x2 
 .text._svfprintf_r
                0x00000000000048e4      0x200 /home/akhil/qorc-sdk/arm_toolchain_install/gcc-arm-none-eabi-9-2020-q2-update/bin/../lib/gcc/arm-none-eabi/9.3.1/../../../../arm-none-eabi/lib/thumb/v7e-m+fp/hard/libg_nano.a(lib_a-nano-svfprintf.o)
                0x00000000000048e4                _svfprintf_r
                0x00000000000048e4                _svfiprintf_r
 .text.__sfputc_r
                0x0000000000004ae4       0x2e /home/akhil/qorc-sdk/arm_toolchain_install/gcc-arm-none-eabi-9-2020-q2-update/bin/../lib/gcc/arm-none-eabi/9.3.1/../../../../arm-none-eabi/lib/thumb/v7e-m+fp/hard/libg_nano.a(lib_a-nano-vfprintf.o)
 .text.__sfputs_r
                0x0000000000004b12       0x24 /home/akhil/qorc-sdk/arm_toolchain_install/gcc-arm-none-eabi-9-2020-q2-update/bin/../lib/gcc/arm-none-eabi/9.3.1/../../../../arm-none-eabi/lib/thumb/v7e-m+fp/hard/libg_nano.a(lib_a-nano-vfprintf.o)
                0x0000000000004b12                __sfputs_r
 *fill*         0x0000000000004b36        0x2 
 .text._vfprintf_r
                0x0000000000004b38      0x260 /home/akhil/qorc-sdk/arm_toolchain_install/gcc-arm-none-eabi-9-2020-q2-update/bin/../lib/gcc/arm-none-eabi/9.3.1/../../../../arm-none-eabi/lib/thumb/v7e-m+fp/hard/libg_nano.a(lib_a-nano-vfprintf.o)
                0x0000000000004b38                _vfiprintf_r
                0x0000000000004b38                _vfprintf_r
 .text._printf_common
                0x0000000000004d98       0xda /home/akhil/qorc-sdk/arm_toolchain_install/gcc-arm-none-eabi-9-2020-q2-update/bin/../lib/gcc/arm-none-eabi/9.3.1/../../../../arm-none-eabi/lib/thumb/v7e-m+fp/hard/libg_nano.a(lib_a-nano-vfprintf_i.o)
                0x0000000000004d98                _printf_common
 *fill*         0x0000000000004e72        0x2 
 .text._printf_i
                0x0000000000004e74      0x24c /home/akhil/qorc-sdk/arm_toolchain_install/gcc-arm-none-eabi-9-2020-q2-update/bin/../lib/gcc/arm-none-eabi/9.3.1/../../../../arm-none-eabi/lib/thumb/v7e-m+fp/hard/libg_nano.a(lib_a-nano-vfprintf_i.o)
                0x0000000000004e74                _printf_i
 .text.__sread  0x00000000000050c0       0x22 /home/akhil/qorc-sdk/arm_toolchain_install/gcc-arm-none-eabi-9-2020-q2-update/bin/../lib/gcc/arm-none-eabi/9.3.1/../../../../arm-none-eabi/lib/thumb/v7e-m+fp/hard/libg_nano.a(lib_a-stdio.o)
                0x00000000000050c0                __sread
 .text.__swrite
                0x00000000000050e2       0x38 /home/akhil/qorc-sdk/arm_toolchain_install/gcc-arm-none-eabi-9-2020-q2-update/bin/../lib/gcc/arm-none-eabi/9.3.1/../../../../arm-none-eabi/lib/thumb/v7e-m+fp/hard/libg_nano.a(lib_a-stdio.o)
                0x00000000000050e2                __swrite
 .text.__sseek  0x000000000000511a       0x24 /home/akhil/qorc-sdk/arm_toolchain_install/gcc-arm-none-eabi-9-2020-q2-update/bin/../lib/gcc/arm-none-eabi/9.3.1/../../../../arm-none-eabi/lib/thumb/v7e-m+fp/hard/libg_nano.a(lib_a-stdio.o)
                0x000000000000511a                __sseek
 .text.__sclose
                0x000000000000513e        0x8 /home/akhil/qorc-sdk/arm_toolchain_install/gcc-arm-none-eabi-9-2020-q2-update/bin/../lib/gcc/arm-none-eabi/9.3.1/../../../../arm-none-eabi/lib/thumb/v7e-m+fp/hard/libg_nano.a(lib_a-stdio.o)
                0x000000000000513e                __sclose
 *fill*         0x0000000000005146        0x2 
 .text._write_r
                0x0000000000005148       0x24 /home/akhil/qorc-sdk/arm_toolchain_install/gcc-arm-none-eabi-9-2020-q2-update/bin/../lib/gcc/arm-none-eabi/9.3.1/../../../../arm-none-eabi/lib/thumb/v7e-m+fp/hard/libg_nano.a(lib_a-writer.o)
                0x0000000000005148                _write_r
 .text._close_r
                0x000000000000516c       0x20 /home/akhil/qorc-sdk/arm_toolchain_install/gcc-arm-none-eabi-9-2020-q2-update/bin/../lib/gcc/arm-none-eabi/9.3.1/../../../../arm-none-eabi/lib/thumb/v7e-m+fp/hard/libg_nano.a(lib_a-closer.o)
                0x000000000000516c                _close_r
 .text._fstat_r
                0x000000000000518c       0x24 /home/akhil/qorc-sdk/arm_toolchain_install/gcc-arm-none-eabi-9-2020-q2-update/bin/../lib/gcc/arm-none-eabi/9.3.1/../../../../arm-none-eabi/lib/thumb/v7e-m+fp/hard/libg_nano.a(lib_a-fstatr.o)
                0x000000000000518c                _fstat_r
 .text._isatty_r
                0x00000000000051b0       0x20 /home/akhil/qorc-sdk/arm_toolchain_install/gcc-arm-none-eabi-9-2020-q2-update/bin/../lib/gcc/arm-none-eabi/9.3.1/../../../../arm-none-eabi/lib/thumb/v7e-m+fp/hard/libg_nano.a(lib_a-isattyr.o)
                0x00000000000051b0                _isatty_r
 .text._lseek_r
                0x00000000000051d0       0x24 /home/akhil/qorc-sdk/arm_toolchain_install/gcc-arm-none-eabi-9-2020-q2-update/bin/../lib/gcc/arm-none-eabi/9.3.1/../../../../arm-none-eabi/lib/thumb/v7e-m+fp/hard/libg_nano.a(lib_a-lseekr.o)
                0x00000000000051d0                _lseek_r
 *fill*         0x00000000000051f4        0xc 
 .text          0x0000000000005200       0xa0 /home/akhil/qorc-sdk/arm_toolchain_install/gcc-arm-none-eabi-9-2020-q2-update/bin/../lib/gcc/arm-none-eabi/9.3.1/../../../../arm-none-eabi/lib/thumb/v7e-m+fp/hard/libg_nano.a(lib_a-memchr.o)
                0x0000000000005200                memchr
 .text.memmove  0x00000000000052a0       0x34 /home/akhil/qorc-sdk/arm_toolchain_install/gcc-arm-none-eabi-9-2020-q2-update/bin/../lib/gcc/arm-none-eabi/9.3.1/../../../../arm-none-eabi/lib/thumb/v7e-m+fp/hard/libg_nano.a(lib_a-memmove.o)
                0x00000000000052a0                memmove
 .text._realloc_r
                0x00000000000052d4       0x4c /home/akhil/qorc-sdk/arm_toolchain_install/gcc-arm-none-eabi-9-2020-q2-update/bin/../lib/gcc/arm-none-eabi/9.3.1/../../../../arm-none-eabi/lib/thumb/v7e-m+fp/hard/libg_nano.a(lib_a-nano-reallocr.o)
                0x00000000000052d4                _realloc_r
 .text._read_r  0x0000000000005320       0x24 /home/akhil/qorc-sdk/arm_toolchain_install/gcc-arm-none-eabi-9-2020-q2-update/bin/../lib/gcc/arm-none-eabi/9.3.1/../../../../arm-none-eabi/lib/thumb/v7e-m+fp/hard/libg_nano.a(lib_a-readr.o)
                0x0000000000005320                _read_r
 .text._malloc_usable_size_r
                0x0000000000005344       0x10 /home/akhil/qorc-sdk/arm_toolchain_install/gcc-arm-none-eabi-9-2020-q2-update/bin/../lib/gcc/arm-none-eabi/9.3.1/../../../../arm-none-eabi/lib/thumb/v7e-m+fp/hard/libg_nano.a(lib_a-nano-msizer.o)
                0x0000000000005344                _malloc_usable_size_r
 .text._fstat   0x0000000000005354       0x10 /home/akhil/qorc-sdk/arm_toolchain_install/gcc-arm-none-eabi-9-2020-q2-update/bin/../lib/gcc/arm-none-eabi/9.3.1/../../../../arm-none-eabi/lib/thumb/v7e-m+fp/hard/libnosys.a(fstat.o)
                0x0000000000005354                _fstat
 .text._isatty  0x0000000000005364       0x10 /home/akhil/qorc-sdk/arm_toolchain_install/gcc-arm-none-eabi-9-2020-q2-update/bin/../lib/gcc/arm-none-eabi/9.3.1/../../../../arm-none-eabi/lib/thumb/v7e-m+fp/hard/libnosys.a(isatty.o)
                0x0000000000005364                _isatty
 .text._sbrk    0x0000000000005374       0x1c /home/akhil/qorc-sdk/arm_toolchain_install/gcc-arm-none-eabi-9-2020-q2-update/bin/../lib/gcc/arm-none-eabi/9.3.1/../../../../arm-none-eabi/lib/thumb/v7e-m+fp/hard/libnosys.a(sbrk.o)
                0x0000000000005374                _sbrk
 .text._exit    0x0000000000005390        0x4 /home/akhil/qorc-sdk/arm_toolchain_install/gcc-arm-none-eabi-9-2020-q2-update/bin/../lib/gcc/arm-none-eabi/9.3.1/../../../../arm-none-eabi/lib/thumb/v7e-m+fp/hard/libnosys.a(_exit.o)
                0x0000000000005390                _exit
 *(.init)
 .init          0x0000000000005394        0x4 /home/akhil/qorc-sdk/arm_toolchain_install/gcc-arm-none-eabi-9-2020-q2-update/bin/../lib/gcc/arm-none-eabi/9.3.1/thumb/v7e-m+fp/hard/crti.o
                0x0000000000005394                _init
 .init          0x0000000000005398        0x8 /home/akhil/qorc-sdk/arm_toolchain_install/gcc-arm-none-eabi-9-2020-q2-update/bin/../lib/gcc/arm-none-eabi/9.3.1/thumb/v7e-m+fp/hard/crtn.o
 *(.fini)
 .fini          0x00000000000053a0        0x4 /home/akhil/qorc-sdk/arm_toolchain_install/gcc-arm-none-eabi-9-2020-q2-update/bin/../lib/gcc/arm-none-eabi/9.3.1/thumb/v7e-m+fp/hard/crti.o
                0x00000000000053a0                _fini
 .fini          0x00000000000053a4        0x8 /home/akhil/qorc-sdk/arm_toolchain_install/gcc-arm-none-eabi-9-2020-q2-update/bin/../lib/gcc/arm-none-eabi/9.3.1/thumb/v7e-m+fp/hard/crtn.o
 *crtbegin.o(.ctors)
 *crtbegin?.o(.ctors)
 *(EXCLUDE_FILE(*crtend.o *crtend?.o) .ctors)
 *(SORT_BY_NAME(.ctors.*))
 *(.ctors)
 *crtbegin.o(.dtors)
 *crtbegin?.o(.dtors)
 *(EXCLUDE_FILE(*crtend.o *crtend?.o) .dtors)
 *(SORT_BY_NAME(.dtors.*))
 *(.dtors)
 *(.rodata*)
 .rodata.LcdWriteChar.str1.1
                0x00000000000053ac        0x9 /home/akhil/qorc-sdk/arm-examples/arm2lcd/m4/GCC_Project/output/LCD16x2.o
 .rodata.dbg_str.str1.1
                0x00000000000053b5        0x3 /home/akhil/qorc-sdk/arm-examples/arm2lcd/m4/GCC_Project/output/dbg_uart.o
 .rodata._colon_tt.8573
                0x00000000000053b8        0x4 /home/akhil/qorc-sdk/arm-examples/arm2lcd/m4/GCC_Project/output/dbg_uart.o
 .rodata.HAL_PAD_Config.str1.1
                0x00000000000053bc       0x31 /home/akhil/qorc-sdk/arm-examples/arm2lcd/m4/GCC_Project/output/eoss3_hal_pad_config.o
 .rodata.IO_INPUT_PAD_SEL
                0x00000000000053ed       0x10 /home/akhil/qorc-sdk/arm-examples/arm2lcd/m4/GCC_Project/output/eoss3_hal_pad_config.o
                0x00000000000053ed                IO_INPUT_PAD_SEL
 .rodata.SEL_EXT_PAD_REGS
                0x00000000000053fd      0x160 /home/akhil/qorc-sdk/arm-examples/arm2lcd/m4/GCC_Project/output/eoss3_hal_pad_config.o
                0x00000000000053fd                SEL_EXT_PAD_REGS
 .rodata.unlock_spi1_bus.str1.1
                0x000000000000555d       0x36 /home/akhil/qorc-sdk/arm-examples/arm2lcd/m4/GCC_Project/output/eoss3_hal_spi.o
 .rodata.SendEventToTimerThread.str1.1
                0x0000000000005593       0x82 /home/akhil/qorc-sdk/arm-examples/arm2lcd/m4/GCC_Project/output/eoss3_hal_timer.o
 .rodata.HAL_Timer_ISR.str1.1
                0x0000000000005615       0x20 /home/akhil/qorc-sdk/arm-examples/arm2lcd/m4/GCC_Project/output/eoss3_hal_timer.o
 .rodata.__FUNCTION__.9334
                0x0000000000005635        0xe /home/akhil/qorc-sdk/arm-examples/arm2lcd/m4/GCC_Project/output/eoss3_hal_timer.o
 .rodata.uart_init.str1.1
                0x0000000000005643        0xc /home/akhil/qorc-sdk/arm-examples/arm2lcd/m4/GCC_Project/output/eoss3_hal_uart.o
 *fill*         0x000000000000564f        0x1 
 .rodata.CSWTCH.25
                0x0000000000005650       0x28 /home/akhil/qorc-sdk/arm-examples/arm2lcd/m4/GCC_Project/output/eoss3_hal_uart.o
 .rodata.WDT_ISR.str1.1
                0x0000000000005678       0x4d /home/akhil/qorc-sdk/arm-examples/arm2lcd/m4/GCC_Project/output/eoss3_hal_wdt.o
 .rodata.__FUNCTION__.8698
                0x00000000000056c5        0x8 /home/akhil/qorc-sdk/arm-examples/arm2lcd/m4/GCC_Project/output/eoss3_hal_wdt.o
 .rodata.spurious_interrupt.str1.1
                0x00000000000056cd        0xd /home/akhil/qorc-sdk/arm-examples/arm2lcd/m4/GCC_Project/output/exceptions.o
 .rodata.prvGetRegistersFromStack.str1.1
                0x00000000000056da       0x41 /home/akhil/qorc-sdk/arm-examples/arm2lcd/m4/GCC_Project/output/exceptions.o
                                         0x44 (size before relaxing)
 .rodata.vApplicationMallocFailedHook.str1.1
                0x000000000000571b       0x20 /home/akhil/qorc-sdk/arm-examples/arm2lcd/m4/GCC_Project/output/exceptions.o
 .rodata.vApplicationStackOverflowHook.str1.1
                0x000000000000573b       0x21 /home/akhil/qorc-sdk/arm-examples/arm2lcd/m4/GCC_Project/output/exceptions.o
 .rodata.pvPortMalloc.str1.1
                0x000000000000575c       0x35 /home/akhil/qorc-sdk/arm-examples/arm2lcd/m4/GCC_Project/output/heap_4.o
 .rodata.main.str1.1
                0x0000000000005791       0xfe /home/akhil/qorc-sdk/arm-examples/arm2lcd/m4/GCC_Project/output/main.o
                                        0x103 (size before relaxing)
 .rodata.prvTaskExitError.str1.1
                0x000000000000588f       0x48 /home/akhil/qorc-sdk/arm-examples/arm2lcd/m4/GCC_Project/output/port.o
 .rodata.xQueueGenericReset.str1.1
                0x00000000000058d7       0x23 /home/akhil/qorc-sdk/arm-examples/arm2lcd/m4/GCC_Project/output/queue.o
 .rodata.S3x_Clk_Init.str1.1
                0x00000000000058fa       0x39 /home/akhil/qorc-sdk/arm-examples/arm2lcd/m4/GCC_Project/output/s3x_clock.o
 .rodata.DFS_StartTimer.str1.1
                0x0000000000005933       0x3a /home/akhil/qorc-sdk/arm-examples/arm2lcd/m4/GCC_Project/output/s3x_dfs.o
 .rodata.S3x_Set_Policy.str1.1
                0x000000000000596d       0x17 /home/akhil/qorc-sdk/arm-examples/arm2lcd/m4/GCC_Project/output/s3x_dfs.o
 .rodata.s3x_pi_set_active_st.str1.1
                0x0000000000005984       0x2f /home/akhil/qorc-sdk/arm-examples/arm2lcd/m4/GCC_Project/output/s3x_pi.o
 .rodata.__func__.9047
                0x00000000000059b3       0x15 /home/akhil/qorc-sdk/arm-examples/arm2lcd/m4/GCC_Project/output/s3x_pi.o
 .rodata.save_assert_info.str1.1
                0x00000000000059c8       0x1c /home/akhil/qorc-sdk/arm-examples/arm2lcd/m4/GCC_Project/output/sec_debug.o
 .rodata.invoke_soft_fault.str1.1
                0x00000000000059e4        0xc /home/akhil/qorc-sdk/arm-examples/arm2lcd/m4/GCC_Project/output/sec_debug.o
 .rodata        0x00000000000059f0        0x8 /home/akhil/qorc-sdk/arm-examples/arm2lcd/m4/GCC_Project/output/sec_debug.o
 .rodata.prvTaskIsTaskSuspended.str1.1
                0x00000000000059f8       0x23 /home/akhil/qorc-sdk/arm-examples/arm2lcd/m4/GCC_Project/output/tasks.o
 .rodata.prvCheckForValidListAndQueue.str1.1
                0x0000000000005a1b        0x5 /home/akhil/qorc-sdk/arm-examples/arm2lcd/m4/GCC_Project/output/timers.o
 .rodata.xTimerCreateTimerTask.str1.1
                0x0000000000005a20       0x2c /home/akhil/qorc-sdk/arm-examples/arm2lcd/m4/GCC_Project/output/timers.o
 .rodata._global_impure_ptr
                0x0000000000005a4c        0x4 /home/akhil/qorc-sdk/arm_toolchain_install/gcc-arm-none-eabi-9-2020-q2-update/bin/../lib/gcc/arm-none-eabi/9.3.1/../../../../arm-none-eabi/lib/thumb/v7e-m+fp/hard/libg_nano.a(lib_a-impure.o)
                0x0000000000005a4c                _global_impure_ptr
 .rodata.__sf_fake_stderr
                0x0000000000005a50       0x20 /home/akhil/qorc-sdk/arm_toolchain_install/gcc-arm-none-eabi-9-2020-q2-update/bin/../lib/gcc/arm-none-eabi/9.3.1/../../../../arm-none-eabi/lib/thumb/v7e-m+fp/hard/libg_nano.a(lib_a-findfp.o)
                0x0000000000005a50                __sf_fake_stderr
 .rodata.__sf_fake_stdin
                0x0000000000005a70       0x20 /home/akhil/qorc-sdk/arm_toolchain_install/gcc-arm-none-eabi-9-2020-q2-update/bin/../lib/gcc/arm-none-eabi/9.3.1/../../../../arm-none-eabi/lib/thumb/v7e-m+fp/hard/libg_nano.a(lib_a-findfp.o)
                0x0000000000005a70                __sf_fake_stdin
 .rodata.__sf_fake_stdout
                0x0000000000005a90       0x20 /home/akhil/qorc-sdk/arm_toolchain_install/gcc-arm-none-eabi-9-2020-q2-update/bin/../lib/gcc/arm-none-eabi/9.3.1/../../../../arm-none-eabi/lib/thumb/v7e-m+fp/hard/libg_nano.a(lib_a-findfp.o)
                0x0000000000005a90                __sf_fake_stdout
 .rodata._svfprintf_r.str1.1
                0x0000000000005ab0       0x11 /home/akhil/qorc-sdk/arm_toolchain_install/gcc-arm-none-eabi-9-2020-q2-update/bin/../lib/gcc/arm-none-eabi/9.3.1/../../../../arm-none-eabi/lib/thumb/v7e-m+fp/hard/libg_nano.a(lib_a-nano-svfprintf.o)
 .rodata._vfprintf_r.str1.1
                0x0000000000005ac1       0x11 /home/akhil/qorc-sdk/arm_toolchain_install/gcc-arm-none-eabi-9-2020-q2-update/bin/../lib/gcc/arm-none-eabi/9.3.1/../../../../arm-none-eabi/lib/thumb/v7e-m+fp/hard/libg_nano.a(lib_a-nano-vfprintf.o)
 .rodata._printf_i.str1.1
                0x0000000000005ac1       0x22 /home/akhil/qorc-sdk/arm_toolchain_install/gcc-arm-none-eabi-9-2020-q2-update/bin/../lib/gcc/arm-none-eabi/9.3.1/../../../../arm-none-eabi/lib/thumb/v7e-m+fp/hard/libg_nano.a(lib_a-nano-vfprintf_i.o)
 *(.eh_fram e*)

.eh_frame       0x0000000000005ae4        0x0
 .eh_frame      0x0000000000005ae4        0x0 /home/akhil/qorc-sdk/arm_toolchain_install/gcc-arm-none-eabi-9-2020-q2-update/bin/../lib/gcc/arm-none-eabi/9.3.1/thumb/v7e-m+fp/hard/crtbegin.o

.glue_7         0x0000000000005ae4        0x0
 .glue_7        0x0000000000005ae4        0x0 linker stubs

.glue_7t        0x0000000000005ae4        0x0
 .glue_7t       0x0000000000005ae4        0x0 linker stubs

.vfp11_veneer   0x0000000000005ae4        0x0
 .vfp11_veneer  0x0000000000005ae4        0x0 linker stubs

.v4_bx          0x0000000000005ae4        0x0
 .v4_bx         0x0000000000005ae4        0x0 linker stubs

.iplt           0x0000000000005ae4        0x0
 .iplt          0x0000000000005ae4        0x0 /home/akhil/qorc-sdk/arm_toolchain_install/gcc-arm-none-eabi-9-2020-q2-update/bin/../lib/gcc/arm-none-eabi/9.3.1/thumb/v7e-m+fp/hard/crtbegin.o

.ARM.extab
 *(.ARM.extab* .gnu.linkonce.armextab.*)
                0x0000000000005ae3                __exidx_start = .

.ARM.exidx      0x0000000000005ae4        0x8
 *(.ARM.exidx* .gnu.linkonce.armexidx.*)
 .ARM.exidx     0x0000000000005ae4        0x8 /home/akhil/qorc-sdk/arm_toolchain_install/gcc-arm-none-eabi-9-2020-q2-update/bin/../lib/gcc/arm-none-eabi/9.3.1/../../../../arm-none-eabi/lib/thumb/v7e-m+fp/hard/crt0.o
                                         0x10 (size before relaxing)
                0x0000000000005aec                __exidx_end = .
                0x0000000000005aec                __etext = .
                0x0000000000005aec                _sidata = __etext

.rel.dyn        0x0000000000005aec        0x0
 .rel.iplt      0x0000000000005aec        0x0 /home/akhil/qorc-sdk/arm_toolchain_install/gcc-arm-none-eabi-9-2020-q2-update/bin/../lib/gcc/arm-none-eabi/9.3.1/thumb/v7e-m+fp/hard/crtbegin.o

.data           0x0000000020027000      0x8fc load address 0x0000000000005aec
                0x0000000020027000                __data_start__ = .
                0x0000000020027000                _sdata = __data_start__
 *(vtable)
 *(.data*)
 .data._dbg_uart_id
                0x0000000020027000        0x4 /home/akhil/qorc-sdk/arm-examples/arm2lcd/m4/GCC_Project/output/dbg_uart.o
                0x0000000020027000                _dbg_uart_id
 .data._semihost_handle
                0x0000000020027004        0x4 /home/akhil/qorc-sdk/arm-examples/arm2lcd/m4/GCC_Project/output/dbg_uart.o
                0x0000000020027004                _semihost_handle
 .data.pcDbgBuffer
                0x0000000020027008        0x4 /home/akhil/qorc-sdk/arm-examples/arm2lcd/m4/GCC_Project/output/dbg_uart.o
                0x0000000020027008                pcDbgBuffer
 .data.pcDbgBufferLim
                0x000000002002700c        0x4 /home/akhil/qorc-sdk/arm-examples/arm2lcd/m4/GCC_Project/output/dbg_uart.o
                0x000000002002700c                pcDbgBufferLim
 .data.rtc_alarm_interval
                0x0000000020027010        0x4 /home/akhil/qorc-sdk/arm-examples/arm2lcd/m4/GCC_Project/output/eoss3_hal_rtc.o
 .data.pincfg_table
                0x0000000020027014       0xc0 /home/akhil/qorc-sdk/arm-examples/arm2lcd/m4/GCC_Project/output/pincfg_table.o
                0x0000000020027014                pincfg_table
 .data.sizeof_pincfg_table
                0x00000000200270d4        0x4 /home/akhil/qorc-sdk/arm-examples/arm2lcd/m4/GCC_Project/output/pincfg_table.o
                0x00000000200270d4                sizeof_pincfg_table
 .data.uxCriticalNesting
                0x00000000200270d8        0x4 /home/akhil/qorc-sdk/arm-examples/arm2lcd/m4/GCC_Project/output/port.o
 .data.S3x_Clk_Domain_Gate_info
                0x00000000200270dc       0x90 /home/akhil/qorc-sdk/arm-examples/arm2lcd/m4/GCC_Project/output/s3x_clock.o
                0x00000000200270dc                S3x_Clk_Domain_Gate_info
 .data.policyCurrent
                0x000000002002716c        0x1 /home/akhil/qorc-sdk/arm-examples/arm2lcd/m4/GCC_Project/output/s3x_dfs.o
 .data.s3x_dfs_enable
                0x000000002002716d        0x1 /home/akhil/qorc-sdk/arm-examples/arm2lcd/m4/GCC_Project/output/s3x_dfs.o
 .data.stepdown_clkd_index
                0x000000002002716e        0x4 /home/akhil/qorc-sdk/arm-examples/arm2lcd/m4/GCC_Project/output/s3x_dfs.o
                0x000000002002716e                stepdown_clkd_index
 .data.stepup_clkd_index
                0x0000000020027172        0x4 /home/akhil/qorc-sdk/arm-examples/arm2lcd/m4/GCC_Project/output/s3x_dfs.o
                0x0000000020027172                stepup_clkd_index
 .data.S3x_Gate_PI_info
                0x0000000020027176       0x48 /home/akhil/qorc-sdk/arm-examples/arm2lcd/m4/GCC_Project/output/s3x_pi.o
                0x0000000020027176                S3x_Gate_PI_info
 .data.S3Pi     0x00000000200271be      0x1dc /home/akhil/qorc-sdk/arm-examples/arm2lcd/m4/GCC_Project/output/s3x_pwrcfg.o
                0x00000000200271be                S3Pi
 *fill*         0x000000002002739a        0x2 
 .data.S3clk    0x000000002002739c      0x450 /home/akhil/qorc-sdk/arm-examples/arm2lcd/m4/GCC_Project/output/s3x_pwrcfg.o
                0x000000002002739c                S3clk
 .data.dfs_node
                0x00000000200277ec       0xa0 /home/akhil/qorc-sdk/arm-examples/arm2lcd/m4/GCC_Project/output/s3x_pwrcfg.o
                0x00000000200277ec                dfs_node
 .data.policyInitial
                0x000000002002788c        0x1 /home/akhil/qorc-sdk/arm-examples/arm2lcd/m4/GCC_Project/output/s3x_pwrcfg.o
                0x000000002002788c                policyInitial
 *fill*         0x000000002002788d        0x3 
 .data._impure_ptr
                0x0000000020027890        0x4 /home/akhil/qorc-sdk/arm_toolchain_install/gcc-arm-none-eabi-9-2020-q2-update/bin/../lib/gcc/arm-none-eabi/9.3.1/../../../../arm-none-eabi/lib/thumb/v7e-m+fp/hard/libg_nano.a(lib_a-impure.o)
                0x0000000020027890                _impure_ptr
 .data.impure_data
                0x0000000020027894       0x60 /home/akhil/qorc-sdk/arm_toolchain_install/gcc-arm-none-eabi-9-2020-q2-update/bin/../lib/gcc/arm-none-eabi/9.3.1/../../../../arm-none-eabi/lib/thumb/v7e-m+fp/hard/libg_nano.a(lib_a-impure.o)
                0x00000000200278f4                . = ALIGN (0x4)
                0x00000000200278f4                PROVIDE (__preinit_array_start = .)
 *(.preinit_array)
                0x00000000200278f4                PROVIDE (__preinit_array_end = .)
                0x00000000200278f4                . = ALIGN (0x4)
                0x00000000200278f4                PROVIDE (__init_array_start = .)
 *(SORT_BY_NAME(.init_array.*))
 *(.init_array)
 .init_array    0x00000000200278f4        0x4 /home/akhil/qorc-sdk/arm_toolchain_install/gcc-arm-none-eabi-9-2020-q2-update/bin/../lib/gcc/arm-none-eabi/9.3.1/thumb/v7e-m+fp/hard/crtbegin.o
                0x00000000200278f8                PROVIDE (__init_array_end = .)
                0x00000000200278f8                . = ALIGN (0x4)
                [!provide]                        PROVIDE (__fini_array_start = .)
 *(SORT_BY_NAME(.fini_array.*))
 *(.fini_array)
 .fini_array    0x00000000200278f8        0x4 /home/akhil/qorc-sdk/arm_toolchain_install/gcc-arm-none-eabi-9-2020-q2-update/bin/../lib/gcc/arm-none-eabi/9.3.1/thumb/v7e-m+fp/hard/crtbegin.o
                [!provide]                        PROVIDE (__fini_array_end = .)
 *(.jcr*)
                0x00000000200278fc                . = ALIGN (0x4)
                0x00000000200278fc                __data_end__ = .
                0x00000000200278fc                _edata = __data_end__

.igot.plt       0x00000000200278fc        0x0 load address 0x00000000000063e8
 .igot.plt      0x00000000200278fc        0x0 /home/akhil/qorc-sdk/arm_toolchain_install/gcc-arm-none-eabi-9-2020-q2-update/bin/../lib/gcc/arm-none-eabi/9.3.1/thumb/v7e-m+fp/hard/crtbegin.o

.Hardware       0x0000000020064000        0x0
                0x0000000020064000                __hwa_start__ = .
 *(*HWA*)
                0x0000000020064000                __hwa_end__ = .

.bss            0x0000000020027900     0xfc94
                0x0000000020027900                . = ALIGN (0x4)
                0x0000000020027900                __bss_start__ = .
                0x0000000020027900                _sbss = __bss_start__
 *(.bss*)
 .bss           0x0000000020027900       0x1c /home/akhil/qorc-sdk/arm_toolchain_install/gcc-arm-none-eabi-9-2020-q2-update/bin/../lib/gcc/arm-none-eabi/9.3.1/thumb/v7e-m+fp/hard/crtbegin.o
 .bss.__debug_fatal__
                0x000000002002791c        0x4 /home/akhil/qorc-sdk/arm-examples/arm2lcd/m4/GCC_Project/output/dbg_uart.o
                0x000000002002791c                __debug_fatal__
 .bss.fSkipSemi
                0x0000000020027920        0x1 /home/akhil/qorc-sdk/arm-examples/arm2lcd/m4/GCC_Project/output/dbg_uart.o
                0x0000000020027920                fSkipSemi
 *fill*         0x0000000020027921        0x7 
 .bss.fPadIsConfig
                0x0000000020027928        0x8 /home/akhil/qorc-sdk/arm-examples/arm2lcd/m4/GCC_Project/output/eoss3_hal_pad_config.o
                0x0000000020027928                fPadIsConfig
 .bss.rtc_cb_func
                0x0000000020027930        0x4 /home/akhil/qorc-sdk/arm-examples/arm2lcd/m4/GCC_Project/output/eoss3_hal_rtc.o
 .bss.xLockSPI1Bus
                0x0000000020027934        0x4 /home/akhil/qorc-sdk/arm-examples/arm2lcd/m4/GCC_Project/output/eoss3_hal_spi.o
 .bss.xWaitForIntr
                0x0000000020027938        0x4 /home/akhil/qorc-sdk/arm-examples/arm2lcd/m4/GCC_Project/output/eoss3_hal_spi.o
 .bss.TimerQueue
                0x000000002002793c        0x4 /home/akhil/qorc-sdk/arm-examples/arm2lcd/m4/GCC_Project/output/eoss3_hal_timer.o
 .bss.TimerToExpire
                0x0000000020027940        0x4 /home/akhil/qorc-sdk/arm-examples/arm2lcd/m4/GCC_Project/output/eoss3_hal_timer.o
 .bss.uart_vars