Archive member included to satisfy reference by file (symbol)

/usr/lib/gcc/arm-none-eabi/9.2.1/thumb/v7e-m+fp/hard/libgcc.a(_arm_muldf3.o)
                              /home/akhil/qorc-sdk/arm-examples/sevenseg/static/GCC_Project/output/ql_test_signals.o (__aeabi_dmul)
/usr/lib/gcc/arm-none-eabi/9.2.1/thumb/v7e-m+fp/hard/libgcc.a(_arm_addsubdf3.o)
                              /home/akhil/qorc-sdk/arm-examples/sevenseg/static/GCC_Project/output/ql_test_signals.o (__aeabi_dadd)
/usr/lib/gcc/arm-none-eabi/9.2.1/thumb/v7e-m+fp/hard/libgcc.a(_arm_muldivdf3.o)
                              /home/akhil/qorc-sdk/arm-examples/sevenseg/static/GCC_Project/output/eoss3_hal_i2c.o (__aeabi_ddiv)
/usr/lib/gcc/arm-none-eabi/9.2.1/thumb/v7e-m+fp/hard/libgcc.a(_arm_fixdfsi.o)
                              /home/akhil/qorc-sdk/arm-examples/sevenseg/static/GCC_Project/output/ql_test_signals.o (__aeabi_d2iz)
/usr/lib/gcc/arm-none-eabi/9.2.1/thumb/v7e-m+fp/hard/libgcc.a(_arm_truncdfsf2.o)
                              /home/akhil/qorc-sdk/arm-examples/sevenseg/static/GCC_Project/output/eoss3_hal_i2c.o (__aeabi_d2f)
/usr/lib/gcc/arm-none-eabi/9.2.1/thumb/v7e-m+fp/hard/libgcc.a(_aeabi_ldivmod.o)
                              /home/akhil/qorc-sdk/arm-examples/sevenseg/static/GCC_Project/output/dbg_uart.o (__aeabi_ldivmod)
/usr/lib/gcc/arm-none-eabi/9.2.1/thumb/v7e-m+fp/hard/libgcc.a(_aeabi_uldivmod.o)
                              /home/akhil/qorc-sdk/arm-examples/sevenseg/static/GCC_Project/output/s3x_lpm.o (__aeabi_uldivmod)
/usr/lib/gcc/arm-none-eabi/9.2.1/thumb/v7e-m+fp/hard/libgcc.a(_udivmoddi4.o)
                              /usr/lib/gcc/arm-none-eabi/9.2.1/thumb/v7e-m+fp/hard/libgcc.a(_aeabi_ldivmod.o) (__udivmoddi4)
/usr/lib/gcc/arm-none-eabi/9.2.1/thumb/v7e-m+fp/hard/libgcc.a(_dvmd_tls.o)
                              /usr/lib/gcc/arm-none-eabi/9.2.1/thumb/v7e-m+fp/hard/libgcc.a(_aeabi_ldivmod.o) (__aeabi_ldiv0)
/usr/lib/gcc/arm-none-eabi/9.2.1/../../../arm-none-eabi/lib/thumb/v7e-m+fp/hard/libg_nano.a(lib_a-atexit.o)
                              /usr/lib/gcc/arm-none-eabi/9.2.1/../../../arm-none-eabi/lib/thumb/v7e-m+fp/hard/crt0.o (atexit)
/usr/lib/gcc/arm-none-eabi/9.2.1/../../../arm-none-eabi/lib/thumb/v7e-m+fp/hard/libg_nano.a(lib_a-exit.o)
                              /usr/lib/gcc/arm-none-eabi/9.2.1/../../../arm-none-eabi/lib/thumb/v7e-m+fp/hard/crt0.o (exit)
/usr/lib/gcc/arm-none-eabi/9.2.1/../../../arm-none-eabi/lib/thumb/v7e-m+fp/hard/libg_nano.a(lib_a-fini.o)
                              /usr/lib/gcc/arm-none-eabi/9.2.1/../../../arm-none-eabi/lib/thumb/v7e-m+fp/hard/crt0.o (__libc_fini_array)
/usr/lib/gcc/arm-none-eabi/9.2.1/../../../arm-none-eabi/lib/thumb/v7e-m+fp/hard/libg_nano.a(lib_a-impure.o)
                              /usr/lib/gcc/arm-none-eabi/9.2.1/../../../arm-none-eabi/lib/thumb/v7e-m+fp/hard/libg_nano.a(lib_a-exit.o) (_global_impure_ptr)
/usr/lib/gcc/arm-none-eabi/9.2.1/../../../arm-none-eabi/lib/thumb/v7e-m+fp/hard/libg_nano.a(lib_a-init.o)
                              /usr/lib/gcc/arm-none-eabi/9.2.1/../../../arm-none-eabi/lib/thumb/v7e-m+fp/hard/crt0.o (__libc_init_array)
/usr/lib/gcc/arm-none-eabi/9.2.1/../../../arm-none-eabi/lib/thumb/v7e-m+fp/hard/libg_nano.a(lib_a-malloc.o)
                              /home/akhil/qorc-sdk/arm-examples/sevenseg/static/GCC_Project/output/circularBuffQueue.o (malloc)
/usr/lib/gcc/arm-none-eabi/9.2.1/../../../arm-none-eabi/lib/thumb/v7e-m+fp/hard/libg_nano.a(lib_a-memcpy.o)
                              /home/akhil/qorc-sdk/arm-examples/sevenseg/static/GCC_Project/output/cli_args.o (memcpy)
/usr/lib/gcc/arm-none-eabi/9.2.1/../../../arm-none-eabi/lib/thumb/v7e-m+fp/hard/libg_nano.a(lib_a-memset.o)
                              /usr/lib/gcc/arm-none-eabi/9.2.1/../../../arm-none-eabi/lib/thumb/v7e-m+fp/hard/crt0.o (memset)
/usr/lib/gcc/arm-none-eabi/9.2.1/../../../arm-none-eabi/lib/thumb/v7e-m+fp/hard/libg_nano.a(lib_a-nano-freer.o)
                              /usr/lib/gcc/arm-none-eabi/9.2.1/../../../arm-none-eabi/lib/thumb/v7e-m+fp/hard/libg_nano.a(lib_a-malloc.o) (_free_r)
/usr/lib/gcc/arm-none-eabi/9.2.1/../../../arm-none-eabi/lib/thumb/v7e-m+fp/hard/libg_nano.a(lib_a-nano-mallocr.o)
                              /usr/lib/gcc/arm-none-eabi/9.2.1/../../../arm-none-eabi/lib/thumb/v7e-m+fp/hard/libg_nano.a(lib_a-malloc.o) (_malloc_r)
/usr/lib/gcc/arm-none-eabi/9.2.1/../../../arm-none-eabi/lib/thumb/v7e-m+fp/hard/libg_nano.a(lib_a-printf.o)
                              /home/akhil/qorc-sdk/arm-examples/sevenseg/static/GCC_Project/output/circularBuffQueue.o (printf)
/usr/lib/gcc/arm-none-eabi/9.2.1/../../../arm-none-eabi/lib/thumb/v7e-m+fp/hard/libg_nano.a(lib_a-puts.o)
                              /home/akhil/qorc-sdk/arm-examples/sevenseg/static/GCC_Project/output/eoss3_hal_i2s_slave_assp.o (puts)
/usr/lib/gcc/arm-none-eabi/9.2.1/../../../arm-none-eabi/lib/thumb/v7e-m+fp/hard/libg_nano.a(lib_a-sbrkr.o)
[...]
Memory Configuration

Name             Origin             Length             Attributes
rom              0x0000000000000000 0x0000000000027000 xr
ram              0x0000000020027000 0x000000000003c800 xrw
spiram           0x0000000020063800 0x0000000000000800 rw
HWA              0x0000000020064000 0x0000000000018000 rw
shm              0x000000002007c000 0x0000000000004000
*default*        0x0000000000000000 0xffffffffffffffff

Linker script and memory map

LOAD /usr/lib/gcc/arm-none-eabi/9.2.1/thumb/v7e-m+fp/hard/crti.o
LOAD /usr/lib/gcc/arm-none-eabi/9.2.1/thumb/v7e-m+fp/hard/crtbegin.o
LOAD /usr/lib/gcc/arm-none-eabi/9.2.1/../../../arm-none-eabi/lib/thumb/v7e-m+fp/hard/crt0.o
LOAD /home/akhil/qorc-sdk/arm-examples/sevenseg/static/GCC_Project/output/battery_level_monitor.o
LOAD /home/akhil/qorc-sdk/arm-examples/sevenseg/static/GCC_Project/output/c_lib_retarget.o
LOAD /home/akhil/qorc-sdk/arm-examples/sevenseg/static/GCC_Project/output/circularBuffQueue.o
LOAD /home/akhil/qorc-sdk/arm-examples/sevenseg/static/GCC_Project/output/cli_args.o
LOAD /home/akhil/qorc-sdk/arm-examples/sevenseg/static/GCC_Project/output/cli_hexdump.o
LOAD /home/akhil/qorc-sdk/arm-examples/sevenseg/static/GCC_Project/output/cli_io.o
LOAD /home/akhil/qorc-sdk/arm-examples/sevenseg/static/GCC_Project/output/cli_loop.o
LOAD /home/akhil/qorc-sdk/arm-examples/sevenseg/static/GCC_Project/output/cli_misc.o
LOAD /home/akhil/qorc-sdk/arm-examples/sevenseg/static/GCC_Project/output/cli_platform.o
LOAD /home/akhil/qorc-sdk/arm-examples/sevenseg/static/GCC_Project/output/cli_stdcmds.o
LOAD /home/akhil/qorc-sdk/arm-examples/sevenseg/static/GCC_Project/output/crc16.o
LOAD /home/akhil/qorc-sdk/arm-examples/sevenseg/static/GCC_Project/output/crc32.o
LOAD /home/akhil/qorc-sdk/arm-examples/sevenseg/static/GCC_Project/output/croutine.o
LOAD /home/akhil/qorc-sdk/arm-examples/sevenseg/static/GCC_Project/output/dbg_bufferedprinttask.o
LOAD /home/akhil/qorc-sdk/arm-examples/sevenseg/static/GCC_Project/output/dbg_queue_monitor.o
LOAD /home/akhil/qorc-sdk/arm-examples/sevenseg/static/GCC_Project/output/dbg_uart.o
LOAD /home/akhil/qorc-sdk/arm-examples/sevenseg/static/GCC_Project/output/dbgtrace.o
LOAD /home/akhil/qorc-sdk/arm-examples/sevenseg/static/GCC_Project/output/eoss3_hal_adc.o
LOAD /home/akhil/qorc-sdk/arm-examples/sevenseg/static/GCC_Project/output/eoss3_hal_gpio.o
LOAD /home/akhil/qorc-sdk/arm-examples/sevenseg/static/GCC_Project/output/eoss3_hal_i2c.o
LOAD /home/akhil/qorc-sdk/arm-examples/sevenseg/static/GCC_Project/output/eoss3_hal_i2s.o
LOAD /home/akhil/qorc-sdk/arm-examples/sevenseg/static/GCC_Project/output/eoss3_hal_i2s_slave_assp.o
LOAD /home/akhil/qorc-sdk/arm-examples/sevenseg/static/GCC_Project/output/eoss3_hal_pad_config.o
LOAD /home/akhil/qorc-sdk/arm-examples/sevenseg/static/GCC_Project/output/eoss3_hal_pkfb.o
LOAD /home/akhil/qorc-sdk/arm-examples/sevenseg/static/GCC_Project/output/eoss3_hal_rtc.o
LOAD /home/akhil/qorc-sdk/arm-examples/sevenseg/static/GCC_Project/output/eoss3_hal_sdma.o
LOAD /home/akhil/qorc-sdk/arm-examples/sevenseg/static/GCC_Project/output/eoss3_hal_spi.o
LOAD /home/akhil/qorc-sdk/arm-examples/sevenseg/static/GCC_Project/output/eoss3_hal_timer.o
LOAD /home/akhil/qorc-sdk/arm-examples/sevenseg/static/GCC_Project/output/eoss3_hal_uart.o
LOAD /home/akhil/qorc-sdk/arm-examples/sevenseg/static/GCC_Project/output/eoss3_hal_wb.o
LOAD /home/akhil/qorc-sdk/arm-examples/sevenseg/static/GCC_Project/output/eoss3_hal_wdt.o
LOAD /home/akhil/qorc-sdk/arm-examples/sevenseg/static/GCC_Project/output/event_groups.o
LOAD /home/akhil/qorc-sdk/arm-examples/sevenseg/static/GCC_Project/output/exceptions.o
LOAD /home/akhil/qorc-sdk/arm-examples/sevenseg/static/GCC_Project/output/freertos_static_memory.o
LOAD /home/akhil/qorc-sdk/arm-examples/sevenseg/static/GCC_Project/output/heap_4.o
LOAD /home/akhil/qorc-sdk/arm-examples/sevenseg/static/GCC_Project/output/hearable_pwrcfg.o
LOAD /home/akhil/qorc-sdk/arm-examples/sevenseg/static/GCC_Project/output/leds.o
LOAD /home/akhil/qorc-sdk/arm-examples/sevenseg/static/GCC_Project/output/list.o
LOAD /home/akhil/qorc-sdk/arm-examples/sevenseg/static/GCC_Project/output/main.o
LOAD /home/akhil/qorc-sdk/arm-examples/sevenseg/static/GCC_Project/output/main_dbg_cli_menu.o
LOAD /home/akhil/qorc-sdk/arm-examples/sevenseg/static/GCC_Project/output/pincfg_table.o
LOAD /home/akhil/qorc-sdk/arm-examples/sevenseg/static/GCC_Project/output/port.o
LOAD /home/akhil/qorc-sdk/arm-examples/sevenseg/static/GCC_Project/output/qf_baremetalsetup.o
LOAD /home/akhil/qorc-sdk/arm-examples/sevenseg/static/GCC_Project/output/qf_hardwaresetup.o
LOAD /home/akhil/qorc-sdk/arm-examples/sevenseg/static/GCC_Project/output/ql_base64.o
LOAD /home/akhil/qorc-sdk/arm-examples/sevenseg/static/GCC_Project/output/ql_stackwatermark.o
LOAD /home/akhil/qorc-sdk/arm-examples/sevenseg/static/GCC_Project/output/ql_test_signals.o
LOAD /home/akhil/qorc-sdk/arm-examples/sevenseg/static/GCC_Project/output/ql_time.o
LOAD /home/akhil/qorc-sdk/arm-examples/sevenseg/static/GCC_Project/output/queue.o
LOAD /home/akhil/qorc-sdk/arm-examples/sevenseg/static/GCC_Project/output/s3x_clock.o
LOAD /home/akhil/qorc-sdk/arm-examples/sevenseg/static/GCC_Project/output/s3x_clock_hal.o
LOAD /home/akhil/qorc-sdk/arm-examples/sevenseg/static/GCC_Project/output/s3x_cpuload.o
LOAD /home/akhil/qorc-sdk/arm-examples/sevenseg/static/GCC_Project/output/s3x_dfs.o
LOAD /home/akhil/qorc-sdk/arm-examples/sevenseg/static/GCC_Project/output/s3x_lpm.o
LOAD /home/akhil/qorc-sdk/arm-examples/sevenseg/static/GCC_Project/output/s3x_pi.o
LOAD /home/akhil/qorc-sdk/arm-examples/sevenseg/static/GCC_Project/output/s3x_pwrcfg.o
LOAD /home/akhil/qorc-sdk/arm-examples/sevenseg/static/GCC_Project/output/s3x_qos.o
LOAD /home/akhil/qorc-sdk/arm-examples/sevenseg/static/GCC_Project/output/sec_debug.o
LOAD /home/akhil/qorc-sdk/arm-examples/sevenseg/static/GCC_Project/output/spi_flash.o
LOAD /home/akhil/qorc-sdk/arm-examples/sevenseg/static/GCC_Project/output/startup_EOSS3B_GCC.o
LOAD /home/akhil/qorc-sdk/arm-examples/sevenseg/static/GCC_Project/output/stream_buffer.o
LOAD /home/akhil/qorc-sdk/arm-examples/sevenseg/static/GCC_Project/output/tasks.o
LOAD /home/akhil/qorc-sdk/arm-examples/sevenseg/static/GCC_Project/output/timers.o
LOAD /home/akhil/qorc-sdk/arm-examples/sevenseg/static/GCC_Project/output/vectors_CM4F_gcc.o
LOAD /home/akhil/qorc-sdk/arm-examples/sevenseg/static/GCC_Project/output/watchdog.o
LOAD /usr/lib/gcc/arm-none-eabi/9.2.1/../../../arm-none-eabi/lib/thumb/v7e-m+fp/hard/libm.a
LOAD /home/akhil/qorc-sdk/arm-examples/sevenseg/static/GCC_Project/../../../../Libraries/CMSIS/lib/GCC/libarm_cortexM4lf_math.a
START GROUP
LOAD /usr/lib/gcc/arm-none-eabi/9.2.1/thumb/v7e-m+fp/hard/libgcc.a
LOAD /usr/lib/gcc/arm-none-eabi/9.2.1/../../../arm-none-eabi/lib/thumb/v7e-m+fp/hard/libg_nano.a
LOAD /usr/lib/gcc/arm-none-eabi/9.2.1/../../../arm-none-eabi/lib/thumb/v7e-m+fp/hard/libc_nano.a
END GROUP
START GROUP
LOAD /usr/lib/gcc/arm-none-eabi/9.2.1/thumb/v7e-m+fp/hard/libgcc.a
LOAD /usr/lib/gcc/arm-none-eabi/9.2.1/../../../arm-none-eabi/lib/thumb/v7e-m+fp/hard/libc_nano.a
LOAD /usr/lib/gcc/arm-none-eabi/9.2.1/../../../arm-none-eabi/lib/thumb/v7e-m+fp/hard/libnosys.a
END GROUP
START GROUP
LOAD /usr/lib/gcc/arm-none-eabi/9.2.1/thumb/v7e-m+fp/hard/libgcc.a
LOAD /usr/lib/gcc/arm-none-eabi/9.2.1/../../../arm-none-eabi/lib/thumb/v7e-m+fp/hard/libc_nano.a
LOAD /usr/lib/gcc/arm-none-eabi/9.2.1/../../../arm-none-eabi/lib/thumb/v7e-m+fp/hard/libnosys.a
END GROUP
LOAD /usr/lib/gcc/arm-none-eabi/9.2.1/thumb/v7e-m+fp/hard/crtend.o
LOAD /usr/lib/gcc/arm-none-eabi/9.2.1/thumb/v7e-m+fp/hard/crtn.o

.text           0x0000000000000000     0x9a31
 *(.isr_vector)
 .isr_vector    0x0000000000000000      0x124 /home/akhil/qorc-sdk/arm-examples/sevenseg/static/GCC_Project/output/vectors_CM4F_gcc.o
                0x0000000000000000                __Vectors
 *(.text*)
 .text          0x0000000000000124       0x88 /usr/lib/gcc/arm-none-eabi/9.2.1/thumb/v7e-m+fp/hard/crtbegin.o
 .text          0x00000000000001ac       0x70 /usr/lib/gcc/arm-none-eabi/9.2.1/../../../arm-none-eabi/lib/thumb/v7e-m+fp/hard/crt0.o
                0x00000000000001ac                _stack_init
                0x00000000000001b4                _mainCRTStartup
                0x00000000000001b4                _start
 .text._write   0x000000000000021c        0xe /home/akhil/qorc-sdk/arm-examples/sevenseg/static/GCC_Project/output/c_lib_retarget.o
                0x000000000000021c                _write
 .text._close   0x000000000000022a        0x6 /home/akhil/qorc-sdk/arm-examples/sevenseg/static/GCC_Project/output/c_lib_retarget.o
                0x000000000000022a                _close
 .text._lseek   0x0000000000000230        0x4 /home/akhil/qorc-sdk/arm-examples/sevenseg/static/GCC_Project/output/c_lib_retarget.o
                0x0000000000000230                _lseek
 .text._read    0x0000000000000234        0x4 /home/akhil/qorc-sdk/arm-examples/sevenseg/static/GCC_Project/output/c_lib_retarget.o
                0x0000000000000234                _read
 .text.do_str_fetch
                0x0000000000000238       0x38 /home/akhil/qorc-sdk/arm-examples/sevenseg/static/GCC_Project/output/cli_args.o
 .text.CLI_string_ptr_get_subcmd
                0x0000000000000270       0x20 /home/akhil/qorc-sdk/arm-examples/sevenseg/static/GCC_Project/output/cli_args.o
                0x0000000000000270                CLI_string_ptr_get_subcmd
 .text.CLI_numX_getshow_X
                0x0000000000000290      0x188 /home/akhil/qorc-sdk/arm-examples/sevenseg/static/GCC_Project/output/cli_args.o
                0x0000000000000290                CLI_numX_getshow_X
 .text.CLI_uint8_getshow
                0x0000000000000418        0x8 /home/akhil/qorc-sdk/arm-examples/sevenseg/static/GCC_Project/output/cli_args.o
                0x0000000000000418                CLI_uint8_getshow
 .text.append_key
                0x0000000000000420       0x30 /home/akhil/qorc-sdk/arm-examples/sevenseg/static/GCC_Project/output/cli_io.o
 .text.get_key_ignore_null
                0x0000000000000450       0x18 /home/akhil/qorc-sdk/arm-examples/sevenseg/static/GCC_Project/output/cli_io.o
 .text.CLI_getkey_peek
                0x0000000000000468      0x110 /home/akhil/qorc-sdk/arm-examples/sevenseg/static/GCC_Project/output/cli_io.o
                0x0000000000000468                CLI_getkey_peek
 .text.CLI_getkey
                0x0000000000000578       0x30 /home/akhil/qorc-sdk/arm-examples/sevenseg/static/GCC_Project/output/cli_io.o
                0x0000000000000578                CLI_getkey
 .text.CLI_col0_timestamp
                0x00000000000005a8       0x78 /home/akhil/qorc-sdk/arm-examples/sevenseg/static/GCC_Project/output/cli_io.o
                0x00000000000005a8                CLI_col0_timestamp
 .text.CLI_putc
                0x0000000000000620       0x4c /home/akhil/qorc-sdk/arm-examples/sevenseg/static/GCC_Project/output/cli_io.o
                0x0000000000000620                CLI_putc
 .text.CLI_puts_no_nl
                0x000000000000066c       0x12 /home/akhil/qorc-sdk/arm-examples/sevenseg/static/GCC_Project/output/cli_io.o
                0x000000000000066c                CLI_puts_no_nl
 *fill*         0x000000000000067e        0x2 
 .text.CLI_vprintf
                0x0000000000000680       0x24 /home/akhil/qorc-sdk/arm-examples/sevenseg/static/GCC_Project/output/cli_io.o
                0x0000000000000680                CLI_vprintf
 .text.CLI_printf
                0x00000000000006a4       0x1a /home/akhil/qorc-sdk/arm-examples/sevenseg/static/GCC_Project/output/cli_io.o
                0x00000000000006a4                CLI_printf
 *fill*         0x00000000000006be        0x2 
 .text.handle_help
                0x00000000000006c0       0xc4 /home/akhil/qorc-sdk/arm-examples/sevenseg/static/GCC_Project/output/cli_loop.o
 .text.CLI_cmd_stack_replace
                0x0000000000000784       0x10 /home/akhil/qorc-sdk/arm-examples/sevenseg/static/GCC_Project/output/cli_loop.o
                0x0000000000000784                CLI_cmd_stack_replace
 .text.CLI_cmd_stack_push
                0x0000000000000794       0x30 /home/akhil/qorc-sdk/arm-examples/sevenseg/static/GCC_Project/output/cli_loop.o
                0x0000000000000794                CLI_cmd_stack_push
 .text.CLI_cmd_stack_clear
                0x00000000000007c4       0x24 /home/akhil/qorc-sdk/arm-examples/sevenseg/static/GCC_Project/output/cli_loop.o
                0x00000000000007c4                CLI_cmd_stack_clear
 .text.CLI_cmd_stack_pop
                0x00000000000007e8       0x40 /home/akhil/qorc-sdk/arm-examples/sevenseg/static/GCC_Project/output/cli_loop.o
                0x00000000000007e8                CLI_cmd_stack_pop
 .text.handle_exit
                0x0000000000000828       0x1c /home/akhil/qorc-sdk/arm-examples/sevenseg/static/GCC_Project/output/cli_loop.o
 .text.CLI_init
                0x0000000000000844       0x24 /home/akhil/qorc-sdk/arm-examples/sevenseg/static/GCC_Project/output/cli_loop.o
                0x0000000000000844                CLI_init
 .text.CLI_print_prompt
                0x0000000000000868       0x44 /home/akhil/qorc-sdk/arm-examples/sevenseg/static/GCC_Project/output/cli_loop.o
                0x0000000000000868                CLI_print_prompt
 .text.CLI_dispatch_subcmd
                0x00000000000008ac       0x84 /home/akhil/qorc-sdk/arm-examples/sevenseg/static/GCC_Project/output/cli_loop.o
                0x00000000000008ac                CLI_dispatch_subcmd
 .text.CLI_dispatch
                0x0000000000000930       0xc0 /home/akhil/qorc-sdk/arm-examples/sevenseg/static/GCC_Project/output/cli_loop.o
 .text.CLI_submenu_handler
                0x00000000000009f0       0x30 /home/akhil/qorc-sdk/arm-examples/sevenseg/static/GCC_Project/output/cli_loop.o
                0x00000000000009f0                CLI_submenu_handler
 .text.CLI_verror
                0x0000000000000a20       0x40 /home/akhil/qorc-sdk/arm-examples/sevenseg/static/GCC_Project/output/cli_loop.o
                0x0000000000000a20                CLI_verror
 .text.CLI_rx_byte
                0x0000000000000a60       0xec /home/akhil/qorc-sdk/arm-examples/sevenseg/static/GCC_Project/output/cli_loop.o
                0x0000000000000a60                CLI_rx_byte
 .text.CLI_is_more_args
                0x0000000000000b4c       0x14 /home/akhil/qorc-sdk/arm-examples/sevenseg/static/GCC_Project/output/cli_misc.o
                0x0000000000000b4c                CLI_is_more_args
 .text.CLI_error
                0x0000000000000b60       0x1a /home/akhil/qorc-sdk/arm-examples/sevenseg/static/GCC_Project/output/cli_misc.o
                0x0000000000000b60                CLI_error
 *fill*         0x0000000000000b7a        0x2 
 .text.CLI_error_missing_parameter
                0x0000000000000b7c        0xc /home/akhil/qorc-sdk/arm-examples/sevenseg/static/GCC_Project/output/cli_misc.o
                0x0000000000000b7c                CLI_error_missing_parameter
 .text.CLI_error_not_a_number
                0x0000000000000b88       0x10 /home/akhil/qorc-sdk/arm-examples/sevenseg/static/GCC_Project/output/cli_misc.o
                0x0000000000000b88                CLI_error_not_a_number
 .text.CLI_task
                0x0000000000000b98       0x54 /home/akhil/qorc-sdk/arm-examples/sevenseg/static/GCC_Project/output/cli_platform.o
                0x0000000000000b98                CLI_task
 .text.CLI_time_now
                0x0000000000000bec        0x4 /home/akhil/qorc-sdk/arm-examples/sevenseg/static/GCC_Project/output/cli_platform.o
                0x0000000000000bec                CLI_time_now
 .text.CLI_beep
                0x0000000000000bf0        0x6 /home/akhil/qorc-sdk/arm-examples/sevenseg/static/GCC_Project/output/cli_platform.o
                0x0000000000000bf0                CLI_beep
 .text.CLI_timeout_expired
                0x0000000000000bf6       0x22 /home/akhil/qorc-sdk/arm-examples/sevenseg/static/GCC_Project/output/cli_platform.o
                0x0000000000000bf6                CLI_timeout_expired
 .text.CLI_putc_raw
                0x0000000000000c18        0x8 /home/akhil/qorc-sdk/arm-examples/sevenseg/static/GCC_Project/output/cli_platform.o
                0x0000000000000c18                CLI_putc_raw
 .text.CLI_getkey_raw
                0x0000000000000c20       0x3c /home/akhil/qorc-sdk/arm-examples/sevenseg/static/GCC_Project/output/cli_platform.o
                0x0000000000000c20                CLI_getkey_raw
 .text.CLI_start_task
                0x0000000000000c5c       0x58 /home/akhil/qorc-sdk/arm-examples/sevenseg/static/GCC_Project/output/cli_platform.o
                0x0000000000000c5c                CLI_start_task
 .text.__debug_lockup
                0x0000000000000cb4       0x14 /home/akhil/qorc-sdk/arm-examples/sevenseg/static/GCC_Project/output/dbg_uart.o
 .text._semihost_write
                0x0000000000000cc8       0x54 /home/akhil/qorc-sdk/arm-examples/sevenseg/static/GCC_Project/output/dbg_uart.o
                0x0000000000000cc8                _semihost_write
 .text.dbg_ch_raw
                0x0000000000000d1c       0x74 /home/akhil/qorc-sdk/arm-examples/sevenseg/static/GCC_Project/output/dbg_uart.o
                0x0000000000000d1c                dbg_ch_raw
 .text.dbg_nl   0x0000000000000d90       0x12 /home/akhil/qorc-sdk/arm-examples/sevenseg/static/GCC_Project/output/dbg_uart.o
                0x0000000000000d90                dbg_nl
 .text.dbg_ch   0x0000000000000da2        0xc /home/akhil/qorc-sdk/arm-examples/sevenseg/static/GCC_Project/output/dbg_uart.o
                0x0000000000000da2                dbg_ch
 .text.dbg_hex4
                0x0000000000000dae       0x14 /home/akhil/qorc-sdk/arm-examples/sevenseg/static/GCC_Project/output/dbg_uart.o
 .text.dbg_hex8
                0x0000000000000dc2       0x14 /home/akhil/qorc-sdk/arm-examples/sevenseg/static/GCC_Project/output/dbg_uart.o
                0x0000000000000dc2                dbg_hex8
 .text.dbg_hex16
                0x0000000000000dd6       0x14 /home/akhil/qorc-sdk/arm-examples/sevenseg/static/GCC_Project/output/dbg_uart.o
                0x0000000000000dd6                dbg_hex16
 .text.dbg_hex32
                0x0000000000000dea       0x14 /home/akhil/qorc-sdk/arm-examples/sevenseg/static/GCC_Project/output/dbg_uart.o
                0x0000000000000dea                dbg_hex32
 .text._dbg_int
                0x0000000000000dfe       0x20 /home/akhil/qorc-sdk/arm-examples/sevenseg/static/GCC_Project/output/dbg_uart.o
 .text.dbg_memdumpx
                0x0000000000000e1e       0xea /home/akhil/qorc-sdk/arm-examples/sevenseg/static/GCC_Project/output/dbg_uart.o
 .text.dbg_str  0x0000000000000f08       0x84 /home/akhil/qorc-sdk/arm-examples/sevenseg/static/GCC_Project/output/dbg_uart.o
                0x0000000000000f08                dbg_str
 .text._dbg_str_xxx
                0x0000000000000f8c       0x16 /home/akhil/qorc-sdk/arm-examples/sevenseg/static/GCC_Project/output/dbg_uart.o
 .text.dbg_str_hexXX
                0x0000000000000fa2       0x22 /home/akhil/qorc-sdk/arm-examples/sevenseg/static/GCC_Project/output/dbg_uart.o
 .text.dbg_int  0x0000000000000fc4       0x24 /home/akhil/qorc-sdk/arm-examples/sevenseg/static/GCC_Project/output/dbg_uart.o
                0x0000000000000fc4                dbg_int
 .text.dbg_str_str
                0x0000000000000fe8       0x16 /home/akhil/qorc-sdk/arm-examples/sevenseg/static/GCC_Project/output/dbg_uart.o
                0x0000000000000fe8                dbg_str_str
 .text.dbg_str_int
                0x0000000000000ffe       0x16 /home/akhil/qorc-sdk/arm-examples/sevenseg/static/GCC_Project/output/dbg_uart.o
                0x0000000000000ffe                dbg_str_int
 .text.dbg_str_int_noln
                0x0000000000001014       0x12 /home/akhil/qorc-sdk/arm-examples/sevenseg/static/GCC_Project/output/dbg_uart.o
                0x0000000000001014                dbg_str_int_noln
 *fill*         0x0000000000001026        0x2 
 .text.dbg_str_hex32
                0x0000000000001028        0xc /home/akhil/qorc-sdk/arm-examples/sevenseg/static/GCC_Project/output/dbg_uart.o
                0x0000000000001028                dbg_str_hex32
 .text.dbg_fatal_error
                0x0000000000001034       0x12 /home/akhil/qorc-sdk/arm-examples/sevenseg/static/GCC_Project/output/dbg_uart.o
                0x0000000000001034                dbg_fatal_error
 .text.dbg_fatal_error_int
                0x0000000000001046        0xe /home/akhil/qorc-sdk/arm-examples/sevenseg/static/GCC_Project/output/dbg_uart.o
                0x0000000000001046                dbg_fatal_error_int
 .text.dbg_memdump32
                0x0000000000001054       0x1e /home/akhil/qorc-sdk/arm-examples/sevenseg/static/GCC_Project/output/dbg_uart.o
                0x0000000000001054                dbg_memdump32
 *fill*         0x0000000000001072        0x2 
 .text.HAL_PAD_Config
                0x0000000000001074      0x190 /home/akhil/qorc-sdk/arm-examples/sevenseg/static/GCC_Project/output/eoss3_hal_pad_config.o
                0x0000000000001074                HAL_PAD_Config
 .text.configure_s3_pads
                0x0000000000001204       0x1a /home/akhil/qorc-sdk/arm-examples/sevenseg/static/GCC_Project/output/eoss3_hal_pad_config.o
                0x0000000000001204                configure_s3_pads
 *fill*         0x000000000000121e        0x2 
 .text.eoss3_rtc_enable_irq
                0x0000000000001220       0x28 /home/akhil/qorc-sdk/arm-examples/sevenseg/static/GCC_Project/output/eoss3_hal_rtc.o
 .text.write_rtc_reg
                0x0000000000001248       0x18 /home/akhil/qorc-sdk/arm-examples/sevenseg/static/GCC_Project/output/eoss3_hal_rtc.o
 .text.__rtc_setup_alarm.isra.0
                0x0000000000001260       0x44 /home/akhil/qorc-sdk/arm-examples/sevenseg/static/GCC_Project/output/eoss3_hal_rtc.o
 .text.HAL_RTC_ISR
                0x00000000000012a4       0x24 /home/akhil/qorc-sdk/arm-examples/sevenseg/static/GCC_Project/output/eoss3_hal_rtc.o
                0x00000000000012a4                HAL_RTC_ISR
 .text.unlock_spi1_bus
                0x00000000000012c8       0x58 /home/akhil/qorc-sdk/arm-examples/sevenseg/static/GCC_Project/output/eoss3_hal_spi.o
                0x00000000000012c8                unlock_spi1_bus
 .text.SPI_DMA_Complete
                0x0000000000001320       0x88 /home/akhil/qorc-sdk/arm-examples/sevenseg/static/GCC_Project/output/eoss3_hal_spi.o
                0x0000000000001320                SPI_DMA_Complete
 .text.HAL_SPI_IRQHandler
                0x00000000000013a8       0x6c /home/akhil/qorc-sdk/arm-examples/sevenseg/static/GCC_Project/output/eoss3_hal_spi.o
                0x00000000000013a8                HAL_SPI_IRQHandler
 .text.HAL_Delay_Init
                0x0000000000001414       0x54 /home/akhil/qorc-sdk/arm-examples/sevenseg/static/GCC_Project/output/eoss3_hal_timer.o
                0x0000000000001414                HAL_Delay_Init
 .text.HAL_Timer_ISR
                0x0000000000001468       0x88 /home/akhil/qorc-sdk/arm-examples/sevenseg/static/GCC_Project/output/eoss3_hal_timer.o
                0x0000000000001468                HAL_Timer_ISR
 .text.uart_disable_irqs
                0x00000000000014f0       0x18 /home/akhil/qorc-sdk/arm-examples/sevenseg/static/GCC_Project/output/eoss3_hal_uart.o
 .text.uart_baud_rate
                0x0000000000001508       0x60 /home/akhil/qorc-sdk/arm-examples/sevenseg/static/GCC_Project/output/eoss3_hal_uart.o
 .text.is_hw_uart_enabled
                0x0000000000001568       0x20 /home/akhil/qorc-sdk/arm-examples/sevenseg/static/GCC_Project/output/eoss3_hal_uart.o
 .text.uart_lpm_callback
                0x0000000000001588       0x74 /home/akhil/qorc-sdk/arm-examples/sevenseg/static/GCC_Project/output/eoss3_hal_uart.o
 .text.uart_init
                0x00000000000015fc      0x164 /home/akhil/qorc-sdk/arm-examples/sevenseg/static/GCC_Project/output/eoss3_hal_uart.o
                0x00000000000015fc                uart_init
 .text.uart_isr_handler
                0x0000000000001760       0x90 /home/akhil/qorc-sdk/arm-examples/sevenseg/static/GCC_Project/output/eoss3_hal_uart.o
                0x0000000000001760                uart_isr_handler
 .text.uart_tx_raw
                0x00000000000017f0       0x38 /home/akhil/qorc-sdk/arm-examples/sevenseg/static/GCC_Project/output/eoss3_hal_uart.o
                0x00000000000017f0                uart_tx_raw
 .text.uart_tx  0x0000000000001828       0x1c /home/akhil/qorc-sdk/arm-examples/sevenseg/static/GCC_Project/output/eoss3_hal_uart.o
                0x0000000000001828                uart_tx
 .text.uart_tx_buf
                0x0000000000001844       0x1a /home/akhil/qorc-sdk/arm-examples/sevenseg/static/GCC_Project/output/eoss3_hal_uart.o
                0x0000000000001844                uart_tx_buf
 *fill*         0x000000000000185e        0x2 
 .text.uart_rx_wait
                0x0000000000001860       0x34 /home/akhil/qorc-sdk/arm-examples/sevenseg/static/GCC_Project/output/eoss3_hal_uart.o
                0x0000000000001860                uart_rx_wait
 .text.uart_rx_available
                0x0000000000001894       0x34 /home/akhil/qorc-sdk/arm-examples/sevenseg/static/GCC_Project/output/eoss3_hal_uart.o
                0x0000000000001894                uart_rx_available
 .text.uart_rx  0x00000000000018c8       0x60 /home/akhil/qorc-sdk/arm-examples/sevenseg/static/GCC_Project/output/eoss3_hal_uart.o
                0x00000000000018c8                uart_rx
 .text.WDT_ISR  0x0000000000001928       0x8c /home/akhil/qorc-sdk/arm-examples/sevenseg/static/GCC_Project/output/eoss3_hal_wdt.o
                0x0000000000001928                WDT_ISR
 .text.spurious_interrupt
                0x00000000000019b4        0xc /home/akhil/qorc-sdk/arm-examples/sevenseg/static/GCC_Project/output/exceptions.o
 .text.prvGetRegistersFromStack
                0x00000000000019c0       0xf0 /home/akhil/qorc-sdk/arm-examples/sevenseg/static/GCC_Project/output/exceptions.o
                0x00000000000019c0                prvGetRegistersFromStack
 .text.HardFault_Handler
                0x0000000000001ab0       0x16 /home/akhil/qorc-sdk/arm-examples/sevenseg/static/GCC_Project/output/exceptions.o
                0x0000000000001ab0                HardFault_Handler
 .text.NMI_Handler
                0x0000000000001ac6        0x6 /home/akhil/qorc-sdk/arm-examples/sevenseg/static/GCC_Project/output/exceptions.o
                0x0000000000001ac6                NMI_Handler
 .text.MemManage_Handler
                0x0000000000001acc        0x6 /home/akhil/qorc-sdk/arm-examples/sevenseg/static/GCC_Project/output/exceptions.o
                0x0000000000001acc                MemManage_Handler
 .text.BusFault_Handler
                0x0000000000001ad2        0x6 /home/akhil/qorc-sdk/arm-examples/sevenseg/static/GCC_Project/output/exceptions.o
                0x0000000000001ad2                BusFault_Handler
 .text.UsageFault_Handler
                0x0000000000001ad8        0x6 /home/akhil/qorc-sdk/arm-examples/sevenseg/static/GCC_Project/output/exceptions.o
                0x0000000000001ad8                UsageFault_Handler
 .text.DebugMon_Handler
                0x0000000000001ade        0x6 /home/akhil/qorc-sdk/arm-examples/sevenseg/static/GCC_Project/output/exceptions.o
                0x0000000000001ade                DebugMon_Handler
 .text.Uart_Handler
                0x0000000000001ae4       0x50 /home/akhil/qorc-sdk/arm-examples/sevenseg/static/GCC_Project/output/exceptions.o
                0x0000000000001ae4                Uart_Handler
 .text.Timer_Handler
                0x0000000000001b34       0x24 /home/akhil/qorc-sdk/arm-examples/sevenseg/static/GCC_Project/output/exceptions.o
                0x0000000000001b34                Timer_Handler
 .text.CpuWdtInt_Handler
                0x0000000000001b58       0x24 /home/akhil/qorc-sdk/arm-examples/sevenseg/static/GCC_Project/output/exceptions.o
                0x0000000000001b58                CpuWdtInt_Handler
 .text.CpuWdtRst_Handler
                0x0000000000001b7c        0x6 /home/akhil/qorc-sdk/arm-examples/sevenseg/static/GCC_Project/output/exceptions.o
                0x0000000000001b7c                CpuWdtRst_Handler
 .text.BusTimeout_Handler
                0x0000000000001b82        0x6 /home/akhil/qorc-sdk/arm-examples/sevenseg/static/GCC_Project/output/exceptions.o
                0x0000000000001b82                BusTimeout_Handler
 .text.Fpu_Handler
                0x0000000000001b88        0x6 /home/akhil/qorc-sdk/arm-examples/sevenseg/static/GCC_Project/output/exceptions.o
                0x0000000000001b88                Fpu_Handler
 *fill*         0x0000000000001b8e        0x2 
 .text.Pkfb_Handler
                0x0000000000001b90       0x10 /home/akhil/qorc-sdk/arm-examples/sevenseg/static/GCC_Project/output/exceptions.o
                0x0000000000001b90                Pkfb_Handler
 .text.I2s_Handler
                0x0000000000001ba0        0x6 /home/akhil/qorc-sdk/arm-examples/sevenseg/static/GCC_Project/output/exceptions.o
                0x0000000000001ba0                I2s_Handler
 .text.Audio_Handler
                0x0000000000001ba6        0x6 /home/akhil/qorc-sdk/arm-examples/sevenseg/static/GCC_Project/output/exceptions.o
                0x0000000000001ba6                Audio_Handler
 .text.SpiMs_Handler
                0x0000000000001bac       0x5c /home/akhil/qorc-sdk/arm-examples/sevenseg/static/GCC_Project/output/exceptions.o
                0x0000000000001bac                SpiMs_Handler
 .text.CfgDma_Handler
                0x0000000000001c08       0x28 /home/akhil/qorc-sdk/arm-examples/sevenseg/static/GCC_Project/output/exceptions.o
                0x0000000000001c08                CfgDma_Handler
 .text.PmuTimer_Handler
                0x0000000000001c30        0x2 /home/akhil/qorc-sdk/arm-examples/sevenseg/static/GCC_Project/output/exceptions.o
                0x0000000000001c30                PmuTimer_Handler
 .text.AdcDone_Handler
                0x0000000000001c32        0x8 /home/akhil/qorc-sdk/arm-examples/sevenseg/static/GCC_Project/output/exceptions.o
                0x0000000000001c32                AdcDone_Handler
 *fill*         0x0000000000001c3a        0x2 
 .text.RtcAlarm_Handler
                0x0000000000001c3c       0x1c /home/akhil/qorc-sdk/arm-examples/sevenseg/static/GCC_Project/output/exceptions.o
                0x0000000000001c3c                RtcAlarm_Handler
 .text.ResetInt_Handler
                0x0000000000001c58        0x8 /home/akhil/qorc-sdk/arm-examples/sevenseg/static/GCC_Project/output/exceptions.o
                0x0000000000001c58                ResetInt_Handler
 .text.Ffe0_Handler
                0x0000000000001c60       0x18 /home/akhil/qorc-sdk/arm-examples/sevenseg/static/GCC_Project/output/exceptions.o
                0x0000000000001c60                Ffe0_Handler
 .text.FbMsg_Handler
                0x0000000000001c78       0x6c /home/akhil/qorc-sdk/arm-examples/sevenseg/static/GCC_Project/output/exceptions.o
                0x0000000000001c78                FbMsg_Handler
 .text.SensorGpio_Handler
                0x0000000000001ce4        0x8 /home/akhil/qorc-sdk/arm-examples/sevenseg/static/GCC_Project/output/exceptions.o
                0x0000000000001ce4                SensorGpio_Handler
 .text.M4SramSleep_Handler
                0x0000000000001cec        0x8 /home/akhil/qorc-sdk/arm-examples/sevenseg/static/GCC_Project/output/exceptions.o
                0x0000000000001cec                M4SramSleep_Handler
 .text.LDO30_PG_Handler
                0x0000000000001cf4        0x8 /home/akhil/qorc-sdk/arm-examples/sevenseg/static/GCC_Project/output/exceptions.o
                0x0000000000001cf4                LDO30_PG_Handler
 .text.LDO50_PG_Handler
                0x0000000000001cfc        0x8 /home/akhil/qorc-sdk/arm-examples/sevenseg/static/GCC_Project/output/exceptions.o
                0x0000000000001cfc                LDO50_PG_Handler
 .text.DMIC_Voice_Det_Handler
                0x0000000000001d04        0x8 /home/akhil/qorc-sdk/arm-examples/sevenseg/static/GCC_Project/output/exceptions.o
                0x0000000000001d04                DMIC_Voice_Det_Handler
 .text.ApPDMClkOn_Handler
                0x0000000000001d0c        0x8 /home/akhil/qorc-sdk/arm-examples/sevenseg/static/GCC_Project/output/exceptions.o
                0x0000000000001d0c                ApPDMClkOn_Handler
 .text.ApPDMClkOff_Handler
                0x0000000000001d14        0x8 /home/akhil/qorc-sdk/arm-examples/sevenseg/static/GCC_Project/output/exceptions.o
                0x0000000000001d14                ApPDMClkOff_Handler
 .text.Dmac0BlkDone_Handler
                0x0000000000001d1c        0x8 /home/akhil/qorc-sdk/arm-examples/sevenseg/static/GCC_Project/output/exceptions.o
                0x0000000000001d1c                Dmac0BlkDone_Handler
 .text.Dmac0BufDone_Handler
                0x0000000000001d24        0x8 /home/akhil/qorc-sdk/arm-examples/sevenseg/static/GCC_Project/output/exceptions.o
                0x0000000000001d24                Dmac0BufDone_Handler
 .text.Dmac1BlkDone_Handler
                0x0000000000001d2c        0x8 /home/akhil/qorc-sdk/arm-examples/sevenseg/static/GCC_Project/output/exceptions.o
                0x0000000000001d2c                Dmac1BlkDone_Handler
 .text.Dmac1BufDone_Handler
                0x0000000000001d34        0x8 /home/akhil/qorc-sdk/arm-examples/sevenseg/static/GCC_Project/output/exceptions.o
                0x0000000000001d34                Dmac1BufDone_Handler
 .text.Sdma0Done_Handler
                0x0000000000001d3c        0x8 /home/akhil/qorc-sdk/arm-examples/sevenseg/static/GCC_Project/output/exceptions.o
                0x0000000000001d3c                Sdma0Done_Handler
 .text.Sdma1Done_Handler
                0x0000000000001d44        0x8 /home/akhil/qorc-sdk/arm-examples/sevenseg/static/GCC_Project/output/exceptions.o
                0x0000000000001d44                Sdma1Done_Handler
 .text.Sdma2Done_Handler
                0x0000000000001d4c        0x8 /home/akhil/qorc-sdk/arm-examples/sevenseg/static/GCC_Project/output/exceptions.o
                0x0000000000001d4c                Sdma2Done_Handler
 .text.Sdma3Done_Handler
                0x0000000000001d54        0x8 /home/akhil/qorc-sdk/arm-examples/sevenseg/static/GCC_Project/output/exceptions.o
                0x0000000000001d54                Sdma3Done_Handler
 .text.Sdma4Done_Handler
                0x0000000000001d5c        0x8 /home/akhil/qorc-sdk/arm-examples/sevenseg/static/GCC_Project/output/exceptions.o
                0x0000000000001d5c                Sdma4Done_Handler
 .text.Sdma5Done_Handler
                0x0000000000001d64        0x8 /home/akhil/qorc-sdk/arm-examples/sevenseg/static/GCC_Project/output/exceptions.o
                0x0000000000001d64                Sdma5Done_Handler
 .text.Sdma6Done_Handler
                0x0000000000001d6c        0x8 /home/akhil/qorc-sdk/arm-examples/sevenseg/static/GCC_Project/output/exceptions.o
                0x0000000000001d6c                Sdma6Done_Handler
 .text.Sdma7Done_Handler
                0x0000000000001d74        0x8 /home/akhil/qorc-sdk/arm-examples/sevenseg/static/GCC_Project/output/exceptions.o
                0x0000000000001d74                Sdma7Done_Handler
 .text.Sdma8Done_Handler
                0x0000000000001d7c        0x8 /home/akhil/qorc-sdk/arm-examples/sevenseg/static/GCC_Project/output/exceptions.o
                0x0000000000001d7c                Sdma8Done_Handler
 .text.Sdma9Done_Handler
                0x0000000000001d84        0x8 /home/akhil/qorc-sdk/arm-examples/sevenseg/static/GCC_Project/output/exceptions.o
                0x0000000000001d84                Sdma9Done_Handler
 .text.Sdma10Done_Handler
                0x0000000000001d8c        0x8 /home/akhil/qorc-sdk/arm-examples/sevenseg/static/GCC_Project/output/exceptions.o
                0x0000000000001d8c                Sdma10Done_Handler
 .text.Sdma11Done_Handler
                0x0000000000001d94        0x8 /home/akhil/qorc-sdk/arm-examples/sevenseg/static/GCC_Project/output/exceptions.o
                0x0000000000001d94                Sdma11Done_Handler
 .text.SdmaErr_Handler
                0x0000000000001d9c        0x8 /home/akhil/qorc-sdk/arm-examples/sevenseg/static/GCC_Project/output/exceptions.o
                0x0000000000001d9c                SdmaErr_Handler
 .text.I2S_SlvM4TxOr_Handler
                0x0000000000001da4        0x8 /home/akhil/qorc-sdk/arm-examples/sevenseg/static/GCC_Project/output/exceptions.o
                0x0000000000001da4                I2S_SlvM4TxOr_Handler
 .text.SRAM_128KB_Handler
                0x0000000000001dac        0x8 /home/akhil/qorc-sdk/arm-examples/sevenseg/static/GCC_Project/output/exceptions.o
                0x0000000000001dac                SRAM_128KB_Handler
 .text.LPSD_Voice_Det_Handler
                0x0000000000001db4        0x8 /home/akhil/qorc-sdk/arm-examples/sevenseg/static/GCC_Project/output/exceptions.o
                0x0000000000001db4                LPSD_Voice_Det_Handler
 .text.FfeWdt_Handler
                0x0000000000001dbc        0x8 /home/akhil/qorc-sdk/arm-examples/sevenseg/static/GCC_Project/output/exceptions.o
                0x0000000000001dbc                FfeWdt_Handler
 .text.ApBoot_Handler
                0x0000000000001dc4        0x8 /home/akhil/qorc-sdk/arm-examples/sevenseg/static/GCC_Project/output/exceptions.o
                0x0000000000001dc4                ApBoot_Handler
 .text.SwInt2_Handler
                0x0000000000001dcc        0x8 /home/akhil/qorc-sdk/arm-examples/sevenseg/static/GCC_Project/output/exceptions.o
                0x0000000000001dcc                SwInt2_Handler
 .text.SwInt1_Handler
                0x0000000000001dd4       0x24 /home/akhil/qorc-sdk/arm-examples/sevenseg/static/GCC_Project/output/exceptions.o
                0x0000000000001dd4                SwInt1_Handler
 .text.Ffe0Msg_Handler
                0x0000000000001df8        0x8 /home/akhil/qorc-sdk/arm-examples/sevenseg/static/GCC_Project/output/exceptions.o
                0x0000000000001df8                Ffe0Msg_Handler
 .text.lpsdVoiceOffHandler
                0x0000000000001e00        0x8 /home/akhil/qorc-sdk/arm-examples/sevenseg/static/GCC_Project/output/exceptions.o
                0x0000000000001e00                lpsdVoiceOffHandler
 .text.dmicVoiceOffHandler
                0x0000000000001e08        0x8 /home/akhil/qorc-sdk/arm-examples/sevenseg/static/GCC_Project/output/exceptions.o
                0x0000000000001e08                dmicVoiceOffHandler
 .text.vApplicationMallocFailedHook
                0x0000000000001e10       0x24 /home/akhil/qorc-sdk/arm-examples/sevenseg/static/GCC_Project/output/exceptions.o
                0x0000000000001e10                vApplicationMallocFailedHook
 .text.vApplicationStackOverflowHook
                0x0000000000001e34       0x24 /home/akhil/qorc-sdk/arm-examples/sevenseg/static/GCC_Project/output/exceptions.o
                0x0000000000001e34                vApplicationStackOverflowHook
 .text.vApplicationTickHook
                0x0000000000001e58        0x2 /home/akhil/qorc-sdk/arm-examples/sevenseg/static/GCC_Project/output/exceptions.o
                0x0000000000001e58                vApplicationTickHook
 .text.vApplicationIdleHook
                0x0000000000001e5a        0x2 /home/akhil/qorc-sdk/arm-examples/sevenseg/static/GCC_Project/output/exceptions.o
                0x0000000000001e5a                vApplicationIdleHook
 .text.prvInsertBlockIntoFreeList
                0x0000000000001e5c       0x74 /home/akhil/qorc-sdk/arm-examples/sevenseg/static/GCC_Project/output/heap_4.o
 .text.pvPortMalloc
                0x0000000000001ed0      0x198 /home/akhil/qorc-sdk/arm-examples/sevenseg/static/GCC_Project/output/heap_4.o
                0x0000000000001ed0                pvPortMalloc
 .text.vPortFree
                0x0000000000002068       0xa0 /home/akhil/qorc-sdk/arm-examples/sevenseg/static/GCC_Project/output/heap_4.o
                0x0000000000002068                vPortFree
 .text.vListInitialise
                0x0000000000002108       0x16 /home/akhil/qorc-sdk/arm-examples/sevenseg/static/GCC_Project/output/list.o
                0x0000000000002108                vListInitialise
 .text.vListInitialiseItem
                0x000000000000211e        0x6 /home/akhil/qorc-sdk/arm-examples/sevenseg/static/GCC_Project/output/list.o
                0x000000000000211e                vListInitialiseItem
 .text.vListInsertEnd
                0x0000000000002124       0x18 /home/akhil/qorc-sdk/arm-examples/sevenseg/static/GCC_Project/output/list.o
                0x0000000000002124                vListInsertEnd
 .text.vListInsert
                0x000000000000213c       0x2e /home/akhil/qorc-sdk/arm-examples/sevenseg/static/GCC_Project/output/list.o
                0x000000000000213c                vListInsert
 .text.uxListRemove
                0x000000000000216a       0x20 /home/akhil/qorc-sdk/arm-examples/sevenseg/static/GCC_Project/output/list.o
                0x000000000000216a                uxListRemove
 .text.SystemInit
                0x000000000000218a        0x2 /home/akhil/qorc-sdk/arm-examples/sevenseg/static/GCC_Project/output/main.o
                0x000000000000218a                SystemInit
 .text.PyHal_GPIO_Set
                0x000000000000218c       0x34 /home/akhil/qorc-sdk/arm-examples/sevenseg/static/GCC_Project/output/main.o
                0x000000000000218c                PyHal_GPIO_Set
 .text.sevenseg
                0x00000000000021c0       0x50 /home/akhil/qorc-sdk/arm-examples/sevenseg/static/GCC_Project/output/main.o
                0x00000000000021c0                sevenseg
 .text.startup.main
                0x0000000000002210       0xc0 /home/akhil/qorc-sdk/arm-examples/sevenseg/static/GCC_Project/output/main.o
                0x0000000000002210                main
 .text.set_gpio_input
                0x00000000000022d0       0x34 /home/akhil/qorc-sdk/arm-examples/sevenseg/static/GCC_Project/output/main_dbg_cli_menu.o
 .text.set_gpio_output
                0x0000000000002304       0x60 /home/akhil/qorc-sdk/arm-examples/sevenseg/static/GCC_Project/output/main_dbg_cli_menu.o
 .text.get_gpio_value
                0x0000000000002364       0x50 /home/akhil/qorc-sdk/arm-examples/sevenseg/static/GCC_Project/output/main_dbg_cli_menu.o
 .text.prvPortStartFirstTask
                0x00000000000023b4       0x28 /home/akhil/qorc-sdk/arm-examples/sevenseg/static/GCC_Project/output/port.o
 .text.vPortEnableVFP
                0x00000000000023dc       0x14 /home/akhil/qorc-sdk/arm-examples/sevenseg/static/GCC_Project/output/port.o
 .text.prvTaskExitError
                0x00000000000023f0       0x50 /home/akhil/qorc-sdk/arm-examples/sevenseg/static/GCC_Project/output/port.o
 .text.pxPortInitialiseStack
                0x0000000000002440       0x2c /home/akhil/qorc-sdk/arm-examples/sevenseg/static/GCC_Project/output/port.o
                0x0000000000002440                pxPortInitialiseStack
 *fill*         0x000000000000246c        0x4 
 .text.SVC_Handler
                0x0000000000002470       0x24 /home/akhil/qorc-sdk/arm-examples/sevenseg/static/GCC_Project/output/port.o
                0x0000000000002470                SVC_Handler
 .text.vPortEnterCritical
                0x0000000000002494       0x58 /home/akhil/qorc-sdk/arm-examples/sevenseg/static/GCC_Project/output/port.o
                0x0000000000002494                vPortEnterCritical
 .text.vPortExitCritical
                0x00000000000024ec       0x3c /home/akhil/qorc-sdk/arm-examples/sevenseg/static/GCC_Project/output/port.o
                0x00000000000024ec                vPortExitCritical
 *fill*         0x0000000000002528        0x8 
 .text.PendSV_Handler
                0x0000000000002530       0x64 /home/akhil/qorc-sdk/arm-examples/sevenseg/static/GCC_Project/output/port.o
                0x0000000000002530                PendSV_Handler
 .text.xPortSysTickHandler
                0x0000000000002594       0x2c /home/akhil/qorc-sdk/arm-examples/sevenseg/static/GCC_Project/output/port.o
                0x0000000000002594                xPortSysTickHandler
 .text.xPortStartScheduler
                0x00000000000025c0      0x158 /home/akhil/qorc-sdk/arm-examples/sevenseg/static/GCC_Project/output/port.o
                0x00000000000025c0                xPortStartScheduler
 .text.vPortValidateInterruptPriority
                0x0000000000002718       0x7c /home/akhil/qorc-sdk/arm-examples/sevenseg/static/GCC_Project/output/port.o
                0x0000000000002718                vPortValidateInterruptPriority
 .text.system_init
                0x0000000000002794       0x6c /home/akhil/qorc-sdk/arm-examples/sevenseg/static/GCC_Project/output/qf_hardwaresetup.o
                0x0000000000002794                system_init
 .text.qf_hardwareSetup
                0x0000000000002800       0x78 /home/akhil/qorc-sdk/arm-examples/sevenseg/static/GCC_Project/output/qf_hardwaresetup.o
                0x0000000000002800                qf_hardwareSetup
 .text.prvIsQueueEmpty
                0x0000000000002878       0x16 /home/akhil/qorc-sdk/arm-examples/sevenseg/static/GCC_Project/output/queue.o
 .text.prvCopyDataToQueue
                0x000000000000288e       0x78 /home/akhil/qorc-sdk/arm-examples/sevenseg/static/GCC_Project/output/queue.o
 .text.prvCopyDataFromQueue
                0x0000000000002906       0x2c /home/akhil/qorc-sdk/arm-examples/sevenseg/static/GCC_Project/output/queue.o
 .text.prvUnlockQueue
                0x0000000000002932       0x70 /home/akhil/qorc-sdk/arm-examples/sevenseg/static/GCC_Project/output/queue.o
 *fill*         0x00000000000029a2        0x2 
 .text.xQueueGenericReset
                0x00000000000029a4       0x90 /home/akhil/qorc-sdk/arm-examples/sevenseg/static/GCC_Project/output/queue.o
                0x00000000000029a4                xQueueGenericReset
 .text.xQueueGenericCreate
                0x0000000000002a34       0x74 /home/akhil/qorc-sdk/arm-examples/sevenseg/static/GCC_Project/output/queue.o
                0x0000000000002a34                xQueueGenericCreate
 .text.xQueueGenericSend
                0x0000000000002aa8      0x19c /home/akhil/qorc-sdk/arm-examples/sevenseg/static/GCC_Project/output/queue.o
                0x0000000000002aa8                xQueueGenericSend
 .text.xQueueGenericSendFromISR
                0x0000000000002c44       0xf0 /home/akhil/qorc-sdk/arm-examples/sevenseg/static/GCC_Project/output/queue.o
                0x0000000000002c44                xQueueGenericSendFromISR
 .text.xQueueGenericSendFromISRDebug
                0x0000000000002d34       0x30 /home/akhil/qorc-sdk/arm-examples/sevenseg/static/GCC_Project/output/queue.o
                0x0000000000002d34                xQueueGenericSendFromISRDebug
 .text.xQueueGiveFromISR
                0x0000000000002d64       0xdc /home/akhil/qorc-sdk/arm-examples/sevenseg/static/GCC_Project/output/queue.o
                0x0000000000002d64                xQueueGiveFromISR
 .text.xQueueReceive
                0x0000000000002e40      0x160 /home/akhil/qorc-sdk/arm-examples/sevenseg/static/GCC_Project/output/queue.o
                0x0000000000002e40                xQueueReceive
 .text.xQueueSemaphoreTake
                0x0000000000002fa0      0x1b0 /home/akhil/qorc-sdk/arm-examples/sevenseg/static/GCC_Project/output/queue.o
                0x0000000000002fa0                xQueueSemaphoreTake
 .text.xQueuePeek
                0x0000000000003150      0x160 /home/akhil/qorc-sdk/arm-examples/sevenseg/static/GCC_Project/output/queue.o
                0x0000000000003150                xQueuePeek
 .text.uxQueueMessagesWaiting
                0x00000000000032b0       0x3c /home/akhil/qorc-sdk/arm-examples/sevenseg/static/GCC_Project/output/queue.o
                0x00000000000032b0                uxQueueMessagesWaiting
 .text.vQueueAddToRegistry
                0x00000000000032ec       0x24 /home/akhil/qorc-sdk/arm-examples/sevenseg/static/GCC_Project/output/queue.o
                0x00000000000032ec                vQueueAddToRegistry
 .text.vQueueWaitForMessageRestricted
                0x0000000000003310       0x46 /home/akhil/qorc-sdk/arm-examples/sevenseg/static/GCC_Project/output/queue.o
                0x0000000000003310                vQueueWaitForMessageRestricted
 .text.s3x_clkd_write_div
                0x0000000000003356       0xa8 /home/akhil/qorc-sdk/arm-examples/sevenseg/static/GCC_Project/output/s3x_clock.o
 .text.s3x_clkd_read_div
                0x00000000000033fe       0x44 /home/akhil/qorc-sdk/arm-examples/sevenseg/static/GCC_Project/output/s3x_clock.o
 *fill*         0x0000000000003442        0x2 
 .text.s3x_clkd_cal_div.part.0
                0x0000000000003444       0x30 /home/akhil/qorc-sdk/arm-examples/sevenseg/static/GCC_Project/output/s3x_clock.o
 .text.S3x_Id_To_Domain
                0x0000000000003474       0x1c /home/akhil/qorc-sdk/arm-examples/sevenseg/static/GCC_Project/output/s3x_clock.o
                0x0000000000003474                S3x_Id_To_Domain
 .text.s3x_clkd_get_init_rate
                0x0000000000003490       0x28 /home/akhil/qorc-sdk/arm-examples/sevenseg/static/GCC_Project/output/s3x_clock.o
                0x0000000000003490                s3x_clkd_get_init_rate
 .text.s3x_clkd_update_div_val
                0x00000000000034b8       0x4c /home/akhil/qorc-sdk/arm-examples/sevenseg/static/GCC_Project/output/s3x_clock.o
                0x00000000000034b8                s3x_clkd_update_div_val
 .text.s3x_clkd_update_fd_rate
                0x0000000000003504        0xe /home/akhil/qorc-sdk/arm-examples/sevenseg/static/GCC_Project/output/s3x_clock.o
                0x0000000000003504                s3x_clkd_update_fd_rate
 *fill*         0x0000000000003512        0x2 
 .text.s3x_clkd_update_sd_div
                0x0000000000003514       0x5c /home/akhil/qorc-sdk/arm-examples/sevenseg/static/GCC_Project/output/s3x_clock.o
 .text.s3x_clkd_update_all_src_div
                0x0000000000003570       0xcc /home/akhil/qorc-sdk/arm-examples/sevenseg/static/GCC_Project/output/s3x_clock.o
                0x0000000000003570                s3x_clkd_update_all_src_div
 .text.S3x_Clkd_Get_Hsosc_Rate
                0x000000000000363c       0x34 /home/akhil/qorc-sdk/arm-examples/sevenseg/static/GCC_Project/output/s3x_clock.o
                0x000000000000363c                S3x_Clkd_Get_Hsosc_Rate
 .text.s3x_clkd_get_active_HSOSC_qos
                0x0000000000003670        0xc /home/akhil/qorc-sdk/arm-examples/sevenseg/static/GCC_Project/output/s3x_clock.o
                0x0000000000003670                s3x_clkd_get_active_HSOSC_qos
 .text.S3x_Clkd_Change_Hsosc
                0x000000000000367c       0x70 /home/akhil/qorc-sdk/arm-examples/sevenseg/static/GCC_Project/output/s3x_clock.o
                0x000000000000367c                S3x_Clkd_Change_Hsosc
 .text.s3x_clkd_get_src_rate
                0x00000000000036ec       0x12 /home/akhil/qorc-sdk/arm-examples/sevenseg/static/GCC_Project/output/s3x_clock.o
                0x00000000000036ec                s3x_clkd_get_src_rate
 *fill*         0x00000000000036fe        0x2 
 .text.s3x_clkd_get_div
                0x0000000000003700       0x74 /home/akhil/qorc-sdk/arm-examples/sevenseg/static/GCC_Project/output/s3x_clock.o
                0x0000000000003700                s3x_clkd_get_div
 .text.s3x_clkd_srate
                0x0000000000003774      0x158 /home/akhil/qorc-sdk/arm-examples/sevenseg/static/GCC_Project/output/s3x_clock.o
 .text.s3x_clkd_grate
                0x00000000000038cc       0x8c /home/akhil/qorc-sdk/arm-examples/sevenseg/static/GCC_Project/output/s3x_clock.o
 .text.s3x_clkd_set_src_div_st
                0x0000000000003958       0x4c /home/akhil/qorc-sdk/arm-examples/sevenseg/static/GCC_Project/output/s3x_clock.o
 .text.s3x_update_clk_rate
                0x00000000000039a4       0xb0 /home/akhil/qorc-sdk/arm-examples/sevenseg/static/GCC_Project/output/s3x_clock.o
                0x00000000000039a4                s3x_update_clk_rate
 .text.s3x_clkd_get_gate_mask_st
                0x0000000000003a54       0x16 /home/akhil/qorc-sdk/arm-examples/sevenseg/static/GCC_Project/output/s3x_clock.o
                0x0000000000003a54                s3x_clkd_get_gate_mask_st
 *fill*         0x0000000000003a6a        0x2 
 .text.s3x_clkd_set_gate_mask
                0x0000000000003a6c       0x50 /home/akhil/qorc-sdk/arm-examples/sevenseg/static/GCC_Project/output/s3x_clock.o
                0x0000000000003a6c                s3x_clkd_set_gate_mask
 .text.s3x_clkd_enable_gate
                0x0000000000003abc       0x68 /home/akhil/qorc-sdk/arm-examples/sevenseg/static/GCC_Project/output/s3x_clock.o
 .text.s3x_clkd_disable_gate
                0x0000000000003b24       0x54 /home/akhil/qorc-sdk/arm-examples/sevenseg/static/GCC_Project/output/s3x_clock.o
 .text._S3x_Clk_Enable
                0x0000000000003b78       0xb8 /home/akhil/qorc-sdk/arm-examples/sevenseg/static/GCC_Project/output/s3x_clock.o
                0x0000000000003b78                _S3x_Clk_Enable
 .text._S3x_Clk_Disable
                0x0000000000003c30       0xc8 /home/akhil/qorc-sdk/arm-examples/sevenseg/static/GCC_Project/output/s3x_clock.o
                0x0000000000003c30                _S3x_Clk_Disable
 .text._S3x_Clk_Get_Status
                0x0000000000003cf8       0x2c /home/akhil/qorc-sdk/arm-examples/sevenseg/static/GCC_Project/output/s3x_clock.o
                0x0000000000003cf8                _S3x_Clk_Get_Status
 .text._S3x_Clk_Get_Rate
                0x0000000000003d24       0x28 /home/akhil/qorc-sdk/arm-examples/sevenseg/static/GCC_Project/output/s3x_clock.o
                0x0000000000003d24                _S3x_Clk_Get_Rate
 .text._S3x_Clk_Set_Rate
                0x0000000000003d4c       0x48 /home/akhil/qorc-sdk/arm-examples/sevenseg/static/GCC_Project/output/s3x_clock.o
                0x0000000000003d4c                _S3x_Clk_Set_Rate
 .text.S3x_Clk_Init
                0x0000000000003d94      0x15c /home/akhil/qorc-sdk/arm-examples/sevenseg/static/GCC_Project/output/s3x_clock.o
                0x0000000000003d94                S3x_Clk_Init
 .text.S3x_Clk_Enable
                0x0000000000003ef0        0x4 /home/akhil/qorc-sdk/arm-examples/sevenseg/static/GCC_Project/output/s3x_clock_hal.o
                0x0000000000003ef0                S3x_Clk_Enable
 .text.S3x_Clk_Disable
                0x0000000000003ef4        0x4 /home/akhil/qorc-sdk/arm-examples/sevenseg/static/GCC_Project/output/s3x_clock_hal.o
                0x0000000000003ef4                S3x_Clk_Disable
 .text.S3x_Clk_Get_Rate
                0x0000000000003ef8        0x4 /home/akhil/qorc-sdk/arm-examples/sevenseg/static/GCC_Project/output/s3x_clock_hal.o
                0x0000000000003ef8                S3x_Clk_Get_Rate
 .text.DFS_cpuload
                0x0000000000003efc       0x4c /home/akhil/qorc-sdk/arm-examples/sevenseg/static/GCC_Project/output/s3x_cpuload.o
                0x0000000000003efc                DFS_cpuload
 .text.DFS_updatesleepticks
                0x0000000000003f48       0x10 /home/akhil/qorc-sdk/arm-examples/sevenseg/static/GCC_Project/output/s3x_cpuload.o
                0x0000000000003f48                DFS_updatesleepticks
 .text.DFS_resetsleepticks
                0x0000000000003f58        0xc /home/akhil/qorc-sdk/arm-examples/sevenseg/static/GCC_Project/output/s3x_cpuload.o
                0x0000000000003f58                DFS_resetsleepticks
 .text.DFS_UpdateTimer
                0x0000000000003f64       0x5c /home/akhil/qorc-sdk/arm-examples/sevenseg/static/GCC_Project/output/s3x_dfs.o
 .text.DFS_StartTimer
                0x0000000000003fc0       0x88 /home/akhil/qorc-sdk/arm-examples/sevenseg/static/GCC_Project/output/s3x_dfs.o
                0x0000000000003fc0                DFS_StartTimer
 .text.s3x_suspend_dfs
                0x0000000000004048        0xc /home/akhil/qorc-sdk/arm-examples/sevenseg/static/GCC_Project/output/s3x_dfs.o
                0x0000000000004048                s3x_suspend_dfs
 .text.S3x_Set_Policy
                0x0000000000004054       0xf8 /home/akhil/qorc-sdk/arm-examples/sevenseg/static/GCC_Project/output/s3x_dfs.o
                0x0000000000004054                S3x_Set_Policy
 .text.S3x_get_max_rate_dfs_node
                0x000000000000414c       0x28 /home/akhil/qorc-sdk/arm-examples/sevenseg/static/GCC_Project/output/s3x_dfs.o
                0x000000000000414c                S3x_get_max_rate_dfs_node
 .text.S3x_Stepup_Policy
                0x0000000000004174       0x7c /home/akhil/qorc-sdk/arm-examples/sevenseg/static/GCC_Project/output/s3x_dfs.o
 .text.DFS_TimerCB
                0x00000000000041f0        0xe /home/akhil/qorc-sdk/arm-examples/sevenseg/static/GCC_Project/output/s3x_dfs.o
 *fill*         0x00000000000041fe        0x2 
 .text.DFS_AlignPolicy
                0x0000000000004200       0x38 /home/akhil/qorc-sdk/arm-examples/sevenseg/static/GCC_Project/output/s3x_dfs.o
                0x0000000000004200                DFS_AlignPolicy
 .text.S3x_Reduce_Hsosc
                0x0000000000004238       0x50 /home/akhil/qorc-sdk/arm-examples/sevenseg/static/GCC_Project/output/s3x_dfs.o
                0x0000000000004238                S3x_Reduce_Hsosc
 .text.DFS_fPolicyHasDeepSleep
                0x0000000000004288       0x1c /home/akhil/qorc-sdk/arm-examples/sevenseg/static/GCC_Project/output/s3x_dfs.o
                0x0000000000004288                DFS_fPolicyHasDeepSleep
 .text.DFS_SwitchToSleepPolicy
                0x00000000000042a4       0x74 /home/akhil/qorc-sdk/arm-examples/sevenseg/static/GCC_Project/output/s3x_dfs.o
                0x00000000000042a4                DFS_SwitchToSleepPolicy
 .text.DFS_RestoreFromSleep
                0x0000000000004318       0x34 /home/akhil/qorc-sdk/arm-examples/sevenseg/static/GCC_Project/output/s3x_dfs.o
                0x0000000000004318                DFS_RestoreFromSleep
 .text.s3x_get_index_in_dfs_node
                0x000000000000434c       0x20 /home/akhil/qorc-sdk/arm-examples/sevenseg/static/GCC_Project/output/s3x_dfs.o
                0x000000000000434c                s3x_get_index_in_dfs_node
 .text.s3x_get_policy_max_rate
                0x000000000000436c       0x2c /home/akhil/qorc-sdk/arm-examples/sevenseg/static/GCC_Project/output/s3x_dfs.o
                0x000000000000436c                s3x_get_policy_max_rate
 .text.S3x_Is_Dfs_En
                0x0000000000004398       0x10 /home/akhil/qorc-sdk/arm-examples/sevenseg/static/GCC_Project/output/s3x_dfs.o
                0x0000000000004398                S3x_Is_Dfs_En
 .text.S3x_Set_Dfs_st
                0x00000000000043a8        0xc /home/akhil/qorc-sdk/arm-examples/sevenseg/static/GCC_Project/output/s3x_dfs.o
                0x00000000000043a8                S3x_Set_Dfs_st
 .text.DFS_Get_Curr_Policy
                0x00000000000043b4        0xc /home/akhil/qorc-sdk/arm-examples/sevenseg/static/GCC_Project/output/s3x_dfs.o
                0x00000000000043b4                DFS_Get_Curr_Policy
 .text.DFS_Initialize
                0x00000000000043c0       0x14 /home/akhil/qorc-sdk/arm-examples/sevenseg/static/GCC_Project/output/s3x_dfs.o
                0x00000000000043c0                DFS_Initialize
 .text.trace_this
                0x00000000000043d4       0x28 /home/akhil/qorc-sdk/arm-examples/sevenseg/static/GCC_Project/output/s3x_lpm.o
 .text.S3x_Register_Lpm_Cb
                0x00000000000043fc       0x40 /home/akhil/qorc-sdk/arm-examples/sevenseg/static/GCC_Project/output/s3x_lpm.o
                0x00000000000043fc                S3x_Register_Lpm_Cb
 .text.s3x_setup_systick_interrupt
                0x000000000000443c       0x54 /home/akhil/qorc-sdk/arm-examples/sevenseg/static/GCC_Project/output/s3x_lpm.o
                0x000000000000443c                s3x_setup_systick_interrupt
 .text.prvStopTickInterruptTimer
                0x0000000000004490       0x10 /home/akhil/qorc-sdk/arm-examples/sevenseg/static/GCC_Project/output/s3x_lpm.o
                0x0000000000004490                prvStopTickInterruptTimer
 .text.prvStartTickInterruptTimer
                0x00000000000044a0        0x8 /home/akhil/qorc-sdk/arm-examples/sevenseg/static/GCC_Project/output/s3x_lpm.o
                0x00000000000044a0                prvStartTickInterruptTimer
 .text.SysTick_Handler
                0x00000000000044a8       0x12 /home/akhil/qorc-sdk/arm-examples/sevenseg/static/GCC_Project/output/s3x_lpm.o
                0x00000000000044a8                SysTick_Handler
 .text.vPortSetupTimerInterrupt
                0x00000000000044ba        0x6 /home/akhil/qorc-sdk/arm-examples/sevenseg/static/GCC_Project/output/s3x_lpm.o
                0x00000000000044ba                vPortSetupTimerInterrupt
 .text.S3x_Pre_Lpm
                0x00000000000044c0       0x20 /home/akhil/qorc-sdk/arm-examples/sevenseg/static/GCC_Project/output/s3x_lpm.o
                0x00000000000044c0                S3x_Pre_Lpm
 .text.S3x_Post_Lpm
                0x00000000000044e0       0x18 /home/akhil/qorc-sdk/arm-examples/sevenseg/static/GCC_Project/output/s3x_lpm.o
                0x00000000000044e0                S3x_Post_Lpm
 .text.S3x_Lpm_Handler
                0x00000000000044f8      0x3ac /home/akhil/qorc-sdk/arm-examples/sevenseg/static/GCC_Project/output/s3x_lpm.o
                0x00000000000044f8                S3x_Lpm_Handler
 .text.s3x_get_pi
                0x00000000000048a4       0x20 /home/akhil/qorc-sdk/arm-examples/sevenseg/static/GCC_Project/output/s3x_pi.o
                0x00000000000048a4                s3x_get_pi
 .text.s3x_get_pi_gindex
                0x00000000000048c4       0x14 /home/akhil/qorc-sdk/arm-examples/sevenseg/static/GCC_Project/output/s3x_pi.o
                0x00000000000048c4                s3x_get_pi_gindex
 .text.s3x_pi_get_st
                0x00000000000048d8       0x24 /home/akhil/qorc-sdk/arm-examples/sevenseg/static/GCC_Project/output/s3x_pi.o
                0x00000000000048d8                s3x_pi_get_st
 .text.s3x_pi_set_cfg_st
                0x00000000000048fc       0x94 /home/akhil/qorc-sdk/arm-examples/sevenseg/static/GCC_Project/output/s3x_pi.o
                0x00000000000048fc                s3x_pi_set_cfg_st
 .text.s3x_pi_set_active_st
                0x0000000000004990       0xa8 /home/akhil/qorc-sdk/arm-examples/sevenseg/static/GCC_Project/output/s3x_pi.o
                0x0000000000004990                s3x_pi_set_active_st
 .text.s3x_pi_get_clkg_st
                0x0000000000004a38       0x36 /home/akhil/qorc-sdk/arm-examples/sevenseg/static/GCC_Project/output/s3x_pi.o
                0x0000000000004a38                s3x_pi_get_clkg_st
 .text.s3x_pi_set_clkg_st
                0x0000000000004a6e       0x26 /home/akhil/qorc-sdk/arm-examples/sevenseg/static/GCC_Project/output/s3x_pi.o
                0x0000000000004a6e                s3x_pi_set_clkg_st
 .text.s3x_set_pi_state
                0x0000000000004a94        0xc /home/akhil/qorc-sdk/arm-examples/sevenseg/static/GCC_Project/output/s3x_pi.o
                0x0000000000004a94                s3x_set_pi_state
 .text.s3x_get_pi_init_state
                0x0000000000004aa0       0x18 /home/akhil/qorc-sdk/arm-examples/sevenseg/static/GCC_Project/output/s3x_pi.o
                0x0000000000004aa0                s3x_get_pi_init_state
 .text.S3x_pi_init
                0x0000000000004ab8       0x20 /home/akhil/qorc-sdk/arm-examples/sevenseg/static/GCC_Project/output/s3x_pi.o
                0x0000000000004ab8                S3x_pi_init
 .text.S3x_pwrcfg_init
                0x0000000000004ad8       0x2c /home/akhil/qorc-sdk/arm-examples/sevenseg/static/GCC_Project/output/s3x_pwrcfg.o
                0x0000000000004ad8                S3x_pwrcfg_init
 .text.s3x_sram_in_lpm
                0x0000000000004b04       0x1c /home/akhil/qorc-sdk/arm-examples/sevenseg/static/GCC_Project/output/s3x_pwrcfg.o
                0x0000000000004b04                s3x_sram_in_lpm
 .text.S3x_get_qos_rate
                0x0000000000004b20       0x38 /home/akhil/qorc-sdk/arm-examples/sevenseg/static/GCC_Project/output/s3x_qos.o
                0x0000000000004b20                S3x_get_qos_rate
 .text.save_assert_info
                0x0000000000004b58       0x74 /home/akhil/qorc-sdk/arm-examples/sevenseg/static/GCC_Project/output/sec_debug.o
                0x0000000000004b58                save_assert_info
 .text.invoke_soft_fault
                0x0000000000004bcc       0x20 /home/akhil/qorc-sdk/arm-examples/sevenseg/static/GCC_Project/output/sec_debug.o
                0x0000000000004bcc                invoke_soft_fault
 .text.Reset_Handler
                0x0000000000004bec       0x2c /home/akhil/qorc-sdk/arm-examples/sevenseg/static/GCC_Project/output/startup_EOSS3B_GCC.o
                0x0000000000004bec                Reset_Handler
 .text.__semihost_call
                0x0000000000004c18        0x6 /home/akhil/qorc-sdk/arm-examples/sevenseg/static/GCC_Project/output/startup_EOSS3B_GCC.o
                0x0000000000004c18                __semihost_call
 *fill*         0x0000000000004c1e        0x2 
 .text.prvGetExpectedIdleTime
                0x0000000000004c20       0x3c /home/akhil/qorc-sdk/arm-examples/sevenseg/static/GCC_Project/output/tasks.o
 .text.prvResetNextTaskUnblockTime
                0x0000000000004c5c       0x24 /home/akhil/qorc-sdk/arm-examples/sevenseg/static/GCC_Project/output/tasks.o
 .text.prvAddCurrentTaskToDelayedList
                0x0000000000004c80       0x8c /home/akhil/qorc-sdk/arm-examples/sevenseg/static/GCC_Project/output/tasks.o
 .text.xTaskCreate
                0x0000000000004d0c      0x1e0 /home/akhil/qorc-sdk/arm-examples/sevenseg/static/GCC_Project/output/tasks.o
                0x0000000000004d0c                xTaskCreate
 .text.vTaskStartScheduler
                0x0000000000004eec       0x98 /home/akhil/qorc-sdk/arm-examples/sevenseg/static/GCC_Project/output/tasks.o
                0x0000000000004eec                vTaskStartScheduler
 .text.vTaskSuspendAll
                0x0000000000004f84       0x10 /home/akhil/qorc-sdk/arm-examples/sevenseg/static/GCC_Project/output/tasks.o
                0x0000000000004f84                vTaskSuspendAll
 .text.xTaskGetTickCount
                0x0000000000004f94        0xc /home/akhil/qorc-sdk/arm-examples/sevenseg/static/GCC_Project/output/tasks.o
                0x0000000000004f94                xTaskGetTickCount
 .text.vTaskStepTick
                0x0000000000004fa0       0x44 /home/akhil/qorc-sdk/arm-examples/sevenseg/static/GCC_Project/output/tasks.o
                0x0000000000004fa0                vTaskStepTick
 .text.xTaskIncrementTick
                0x0000000000004fe4      0x14c /home/akhil/qorc-sdk/arm-examples/sevenseg/static/GCC_Project/output/tasks.o
                0x0000000000004fe4                xTaskIncrementTick
 .text.xTaskResumeAll
                0x0000000000005130      0x100 /home/akhil/qorc-sdk/arm-examples/sevenseg/static/GCC_Project/output/tasks.o
                0x0000000000005130                xTaskResumeAll
 .text.vTaskDelay
                0x0000000000005230       0x60 /home/akhil/qorc-sdk/arm-examples/sevenseg/static/GCC_Project/output/tasks.o
                0x0000000000005230                vTaskDelay
 .text.prvIdleTask
                0x0000000000005290       0xc4 /home/akhil/qorc-sdk/arm-examples/sevenseg/static/GCC_Project/output/tasks.o
 .text.vTaskSwitchContext
                0x0000000000005354       0xb8 /home/akhil/qorc-sdk/arm-examples/sevenseg/static/GCC_Project/output/tasks.o
                0x0000000000005354                vTaskSwitchContext
 .text.vTaskPlaceOnEventList
                0x000000000000540c       0x48 /home/akhil/qorc-sdk/arm-examples/sevenseg/static/GCC_Project/output/tasks.o
                0x000000000000540c                vTaskPlaceOnEventList
 .text.vTaskPlaceOnEventListRestricted
                0x0000000000005454       0x50 /home/akhil/qorc-sdk/arm-examples/sevenseg/static/GCC_Project/output/tasks.o
                0x0000000000005454                vTaskPlaceOnEventListRestricted
 .text.xTaskRemoveFromEventList
                0x00000000000054a4       0x9c /home/akhil/qorc-sdk/arm-examples/sevenseg/static/GCC_Project/output/tasks.o
                0x00000000000054a4                xTaskRemoveFromEventList
 .text.vTaskInternalSetTimeOutState
                0x0000000000005540       0x18 /home/akhil/qorc-sdk/arm-examples/sevenseg/static/GCC_Project/output/tasks.o
                0x0000000000005540                vTaskInternalSetTimeOutState
 .text.xTaskCheckForTimeOut
                0x0000000000005558       0x94 /home/akhil/qorc-sdk/arm-examples/sevenseg/static/GCC_Project/output/tasks.o
                0x0000000000005558                xTaskCheckForTimeOut
 .text.vTaskMissedYield
                0x00000000000055ec        0xc /home/akhil/qorc-sdk/arm-examples/sevenseg/static/GCC_Project/output/tasks.o
                0x00000000000055ec                vTaskMissedYield
 .text.uxTaskGetTCBNumber
                0x00000000000055f8       0x14 /home/akhil/qorc-sdk/arm-examples/sevenseg/static/GCC_Project/output/tasks.o
                0x00000000000055f8                uxTaskGetTCBNumber
 .text.eTaskConfirmSleepModeStatus
                0x000000000000560c       0x34 /home/akhil/qorc-sdk/arm-examples/sevenseg/static/GCC_Project/output/tasks.o
                0x000000000000560c                eTaskConfirmSleepModeStatus
 .text.xTaskGetCurrentTaskHandle
                0x0000000000005640        0xc /home/akhil/qorc-sdk/arm-examples/sevenseg/static/GCC_Project/output/tasks.o
                0x0000000000005640                xTaskGetCurrentTaskHandle
 .text.xTaskGetSchedulerState
                0x000000000000564c       0x20 /home/akhil/qorc-sdk/arm-examples/sevenseg/static/GCC_Project/output/tasks.o
                0x000000000000564c                xTaskGetSchedulerState
 .text.xTaskPriorityInherit
                0x000000000000566c       0xa8 /home/akhil/qorc-sdk/arm-examples/sevenseg/static/GCC_Project/output/tasks.o
                0x000000000000566c                xTaskPriorityInherit
 .text.xTaskPriorityDisinherit
                0x0000000000005714       0xc4 /home/akhil/qorc-sdk/arm-examples/sevenseg/static/GCC_Project/output/tasks.o
                0x0000000000005714                xTaskPriorityDisinherit
 .text.vTaskPriorityDisinheritAfterTimeout
                0x00000000000057d8       0xd8 /home/akhil/qorc-sdk/arm-examples/sevenseg/static/GCC_Project/output/tasks.o
                0x00000000000057d8                vTaskPriorityDisinheritAfterTimeout
 .text.pvTaskIncrementMutexHeldCount
                0x00000000000058b0       0x18 /home/akhil/qorc-sdk/arm-examples/sevenseg/static/GCC_Project/output/tasks.o
                0x00000000000058b0                pvTaskIncrementMutexHeldCount
 .text.prvCheckForValidListAndQueue
                0x00000000000058c8       0x58 /home/akhil/qorc-sdk/arm-examples/sevenseg/static/GCC_Project/output/timers.o
 .text.prvInsertTimerInActiveList
                0x0000000000005920       0x3c /home/akhil/qorc-sdk/arm-examples/sevenseg/static/GCC_Project/output/timers.o
 .text.xTimerCreateTimerTask
                0x000000000000595c       0x64 /home/akhil/qorc-sdk/arm-examples/sevenseg/static/GCC_Project/output/timers.o
                0x000000000000595c                xTimerCreateTimerTask
 .text.xTimerCreate
                0x00000000000059c0       0x58 /home/akhil/qorc-sdk/arm-examples/sevenseg/static/GCC_Project/output/timers.o
                0x00000000000059c0                xTimerCreate
 .text.xTimerGenericCommand
                0x0000000000005a18       0x70 /home/akhil/qorc-sdk/arm-examples/sevenseg/static/GCC_Project/output/timers.o
                0x0000000000005a18                xTimerGenericCommand
 .text.prvSwitchTimerLists
                0x0000000000005a88       0x90 /home/akhil/qorc-sdk/arm-examples/sevenseg/static/GCC_Project/output/timers.o
 .text.prvTimerTask
                0x0000000000005b18      0x218 /home/akhil/qorc-sdk/arm-examples/sevenseg/static/GCC_Project/output/timers.o
 .text          0x0000000000005d30       0x30 /usr/lib/gcc/arm-none-eabi/9.2.1/thumb/v7e-m+fp/hard/libgcc.a(_aeabi_uldivmod.o)
                0x0000000000005d30                __aeabi_uldivmod
 .text          0x0000000000005d60      0x2c4 /usr/lib/gcc/arm-none-eabi/9.2.1/thumb/v7e-m+fp/hard/libgcc.a(_udivmoddi4.o)
                0x0000000000005d60                __udivmoddi4
 .text          0x0000000000006024        0x4 /usr/lib/gcc/arm-none-eabi/9.2.1/thumb/v7e-m+fp/hard/libgcc.a(_dvmd_tls.o)
                0x0000000000006024                __aeabi_ldiv0
                0x0000000000006024                __aeabi_idiv0
 .text          0x0000000000006028        0xc /usr/lib/gcc/arm-none-eabi/9.2.1/../../../arm-none-eabi/lib/thumb/v7e-m+fp/hard/libg_nano.a(lib_a-atexit.o)
                0x0000000000006028                atexit
 .text          0x0000000000006034       0x28 /usr/lib/gcc/arm-none-eabi/9.2.1/../../../arm-none-eabi/lib/thumb/v7e-m+fp/hard/libg_nano.a(lib_a-exit.o)
                0x0000000000006034                exit
 .text          0x000000000000605c       0x34 /usr/lib/gcc/arm-none-eabi/9.2.1/../../../arm-none-eabi/lib/thumb/v7e-m+fp/hard/libg_nano.a(lib_a-fini.o)
                0x000000000000605c                __libc_fini_array
 .text          0x0000000000006090       0x48 /usr/lib/gcc/arm-none-eabi/9.2.1/../../../arm-none-eabi/lib/thumb/v7e-m+fp/hard/libg_nano.a(lib_a-init.o)
                0x0000000000006090                __libc_init_array
 .text          0x00000000000060d8       0x20 /usr/lib/gcc/arm-none-eabi/9.2.1/../../../arm-none-eabi/lib/thumb/v7e-m+fp/hard/libg_nano.a(lib_a-malloc.o)
                0x00000000000060d8                malloc
                0x00000000000060e8                free
 .text          0x00000000000060f8      0x134 /usr/lib/gcc/arm-none-eabi/9.2.1/../../../arm-none-eabi/lib/thumb/v7e-m+fp/hard/libg_nano.a(lib_a-memcpy.o)
                0x00000000000060f8                memcpy
 .text          0x000000000000622c       0xa0 /usr/lib/gcc/arm-none-eabi/9.2.1/../../../arm-none-eabi/lib/thumb/v7e-m+fp/hard/libg_nano.a(lib_a-memset.o)
                0x000000000000622c                memset
 .text          0x00000000000062cc       0xac /usr/lib/gcc/arm-none-eabi/9.2.1/../../../arm-none-eabi/lib/thumb/v7e-m+fp/hard/libg_nano.a(lib_a-nano-freer.o)
                0x00000000000062cc                _free_r
 .text          0x0000000000006378       0xc8 /usr/lib/gcc/arm-none-eabi/9.2.1/../../../arm-none-eabi/lib/thumb/v7e-m+fp/hard/libg_nano.a(lib_a-nano-mallocr.o)
                0x0000000000006378                _malloc_r
 .text          0x0000000000006440       0x68 /usr/lib/gcc/arm-none-eabi/9.2.1/../../../arm-none-eabi/lib/thumb/v7e-m+fp/hard/libg_nano.a(lib_a-printf.o)
                0x0000000000006440                _printf_r
                0x0000000000006440                _iprintf_r
                0x0000000000006470                printf
                0x0000000000006470                iprintf
 .text          0x00000000000064a8       0xe8 /usr/lib/gcc/arm-none-eabi/9.2.1/../../../arm-none-eabi/lib/thumb/v7e-m+fp/hard/libg_nano.a(lib_a-puts.o)
                0x00000000000064a8                _puts_r
                0x0000000000006580                puts
 .text          0x0000000000006590       0x24 /usr/lib/gcc/arm-none-eabi/9.2.1/../../../arm-none-eabi/lib/thumb/v7e-m+fp/hard/libg_nano.a(lib_a-sbrkr.o)
                0x0000000000006590                _sbrk_r
 .text          0x00000000000065b4       0x1c /usr/lib/gcc/arm-none-eabi/9.2.1/../../../arm-none-eabi/lib/thumb/v7e-m+fp/hard/libg_nano.a(lib_a-setjmp.o)
                0x00000000000065b4                setjmp
                0x00000000000065c0                longjmp
 .text          0x00000000000065d0      0x110 /usr/lib/gcc/arm-none-eabi/9.2.1/../../../arm-none-eabi/lib/thumb/v7e-m+fp/hard/libg_nano.a(lib_a-snprintf.o)
                0x00000000000065d0                _sniprintf_r
                0x00000000000065d0                _snprintf_r
                0x0000000000006654                snprintf
                0x0000000000006654                sniprintf
 .text          0x00000000000066e0       0x80 /usr/lib/gcc/arm-none-eabi/9.2.1/../../../arm-none-eabi/lib/thumb/v7e-m+fp/hard/libg_nano.a(lib_a-sprintf.o)
                0x00000000000066e0                _siprintf_r
                0x00000000000066e0                _sprintf_r
                0x000000000000671c                sprintf
                0x000000000000671c                siprintf
 .text          0x0000000000006760       0xc8 /usr/lib/gcc/arm-none-eabi/9.2.1/../../../arm-none-eabi/lib/thumb/v7e-m+fp/hard/libg_nano.a(lib_a-strchr.o)
                0x0000000000006760                strchr
 *fill*         0x0000000000006828       0x18 
 .text          0x0000000000006840      0x2dc /usr/lib/gcc/arm-none-eabi/9.2.1/../../../arm-none-eabi/lib/thumb/v7e-m+fp/hard/libg_nano.a(lib_a-strcmp.o)
                0x0000000000006848                strcmp
 .text          0x0000000000006b1c       0xbc /usr/lib/gcc/arm-none-eabi/9.2.1/../../../arm-none-eabi/lib/thumb/v7e-m+fp/hard/libg_nano.a(lib_a-strcpy.o)
                0x0000000000006b1c                strcpy
 *fill*         0x0000000000006bd8       0x28 
 .text          0x0000000000006c00       0xdc /usr/lib/gcc/arm-none-eabi/9.2.1/../../../arm-none-eabi/lib/thumb/v7e-m+fp/hard/libg_nano.a(lib_a-strlen.o)
                0x0000000000006c00                strlen
 .text          0x0000000000006cdc       0x74 /usr/lib/gcc/arm-none-eabi/9.2.1/../../../arm-none-eabi/lib/thumb/v7e-m+fp/hard/libg_nano.a(lib_a-strncpy.o)
                0x0000000000006cdc                strncpy
 .text          0x0000000000006d50       0x24 /usr/lib/gcc/arm-none-eabi/9.2.1/../../../arm-none-eabi/lib/thumb/v7e-m+fp/hard/libg_nano.a(lib_a-strrchr.o)
                0x0000000000006d50                strrchr
 .text          0x0000000000006d74       0x70 /usr/lib/gcc/arm-none-eabi/9.2.1/../../../arm-none-eabi/lib/thumb/v7e-m+fp/hard/libg_nano.a(lib_a-strtok_r.o)
                0x0000000000006d74                __strtok_r
                0x0000000000006ddc                strtok_r
 .text          0x0000000000006de4      0x1c4 /usr/lib/gcc/arm-none-eabi/9.2.1/../../../arm-none-eabi/lib/thumb/v7e-m+fp/hard/libg_nano.a(lib_a-strtoll.o)
                0x0000000000006f74                _strtoll_r
                0x0000000000006f78                strtoll_l
                0x0000000000006f90                strtoll
 .text          0x0000000000006fa8      0x1f8 /usr/lib/gcc/arm-none-eabi/9.2.1/../../../arm-none-eabi/lib/thumb/v7e-m+fp/hard/libg_nano.a(lib_a-strtoull.o)
                0x000000000000716c                _strtoull_r
                0x0000000000007170                strtoull_l
                0x0000000000007188                strtoull
 .text          0x00000000000071a0       0x88 /usr/lib/gcc/arm-none-eabi/9.2.1/../../../arm-none-eabi/lib/thumb/v7e-m+fp/hard/libg_nano.a(lib_a-vsnprintf.o)
                0x00000000000071a0                _vsnprintf_r
                0x00000000000071a0                _vsniprintf_r
                0x000000000000720c                vsnprintf
                0x000000000000720c                vsniprintf
 .text          0x0000000000007228       0xc0 /usr/lib/gcc/arm-none-eabi/9.2.1/../../../arm-none-eabi/lib/thumb/v7e-m+fp/hard/libg_nano.a(lib_a-wbuf.o)
                0x0000000000007228                __swbuf_r
                0x00000000000072d8                __swbuf
 .text          0x00000000000072e8      0x100 /usr/lib/gcc/arm-none-eabi/9.2.1/../../../arm-none-eabi/lib/thumb/v7e-m+fp/hard/libg_nano.a(lib_a-wsetup.o)
                0x00000000000072e8                __swsetup_r
 .text          0x00000000000073e8       0xa0 /usr/lib/gcc/arm-none-eabi/9.2.1/../../../arm-none-eabi/lib/thumb/v7e-m+fp/hard/libg_nano.a(lib_a-__atexit.o)
                0x00000000000073e8                __register_exitproc
 .text          0x0000000000007488       0x9c /usr/lib/gcc/arm-none-eabi/9.2.1/../../../arm-none-eabi/lib/thumb/v7e-m+fp/hard/libg_nano.a(lib_a-__call_atexit.o)
                0x0000000000007488                __call_exitprocs
 .text          0x0000000000007524      0x1b0 /usr/lib/gcc/arm-none-eabi/9.2.1/../../../arm-none-eabi/lib/thumb/v7e-m+fp/hard/libg_nano.a(lib_a-fflush.o)
                0x0000000000007524                __sflush_r
                0x0000000000007650                _fflush_r
                0x00000000000076b0                fflush
 .text          0x00000000000076d4      0x210 /usr/lib/gcc/arm-none-eabi/9.2.1/../../../arm-none-eabi/lib/thumb/v7e-m+fp/hard/libg_nano.a(lib_a-findfp.o)
                0x00000000000076d8                _cleanup_r
                0x00000000000076e8                __sfmoreglue
                0x0000000000007718                __sfp
                0x0000000000007890                _cleanup
                0x00000000000078a4                __sinit
                0x00000000000078ac                __sfp_lock_acquire
                0x00000000000078b0                __sfp_lock_release
                0x00000000000078b4                __sinit_lock_acquire
                0x00000000000078b8                __sinit_lock_release
                0x00000000000078bc                __fp_lock_all
                0x00000000000078d0                __fp_unlock_all
 .text          0x00000000000078e4       0xa0 /usr/lib/gcc/arm-none-eabi/9.2.1/../../../arm-none-eabi/lib/thumb/v7e-m+fp/hard/libg_nano.a(lib_a-fwalk.o)
                0x00000000000078e4                _fwalk
                0x0000000000007930                _fwalk_reent
 .text          0x0000000000007984       0xf0 /usr/lib/gcc/arm-none-eabi/9.2.1/../../../arm-none-eabi/lib/thumb/v7e-m+fp/hard/libg_nano.a(lib_a-makebuf.o)
                0x0000000000007984                __swhatbuf_r
                0x00000000000079e0                __smakebuf_r
 .text          0x0000000000007a74        0x8 /usr/lib/gcc/arm-none-eabi/9.2.1/../../../arm-none-eabi/lib/thumb/v7e-m+fp/hard/libg_nano.a(lib_a-mlock.o)
                0x0000000000007a74                __malloc_lock
                0x0000000000007a78                __malloc_unlock
 .text          0x0000000000007a7c      0x42c /usr/lib/gcc/arm-none-eabi/9.2.1/../../../arm-none-eabi/lib/thumb/v7e-m+fp/hard/libg_nano.a(lib_a-nano-svfprintf.o)
                0x0000000000007a7c                __ssputs_r
                0x0000000000007b3c                __ssprint_r
                0x0000000000007c34                _svfprintf_r
                0x0000000000007c34                _svfiprintf_r
 .text          0x0000000000007ea8      0x364 /usr/lib/gcc/arm-none-eabi/9.2.1/../../../arm-none-eabi/lib/thumb/v7e-m+fp/hard/libg_nano.a(lib_a-nano-vfprintf.o)
                0x0000000000007ee4                __sfputs_r
                0x0000000000007f14                __sprint_r
                0x0000000000007f30                _vfiprintf_r
                0x0000000000007f30                _vfprintf_r
                0x00000000000081f4                vfiprintf
                0x00000000000081f4                vfprintf
 .text          0x000000000000820c      0x3c4 /usr/lib/gcc/arm-none-eabi/9.2.1/../../../arm-none-eabi/lib/thumb/v7e-m+fp/hard/libg_nano.a(lib_a-nano-vfprintf_i.o)
                0x000000000000820c                _printf_common
                0x0000000000008338                _printf_i
 .text          0x00000000000085d0       0x90 /usr/lib/gcc/arm-none-eabi/9.2.1/../../../arm-none-eabi/lib/thumb/v7e-m+fp/hard/libg_nano.a(lib_a-stdio.o)
                0x00000000000085d0                __sread
                0x00000000000085f4                __seofread
                0x00000000000085f8                __swrite
                0x0000000000008638                __sseek
                0x0000000000008658                __sclose
 .text          0x0000000000008660       0x2c /usr/lib/gcc/arm-none-eabi/9.2.1/../../../arm-none-eabi/lib/thumb/v7e-m+fp/hard/libg_nano.a(lib_a-writer.o)
                0x0000000000008660                _write_r
 .text          0x000000000000868c       0x24 /usr/lib/gcc/arm-none-eabi/9.2.1/../../../arm-none-eabi/lib/thumb/v7e-m+fp/hard/libg_nano.a(lib_a-closer.o)
                0x000000000000868c                _close_r
 .text          0x00000000000086b0       0x28 /usr/lib/gcc/arm-none-eabi/9.2.1/../../../arm-none-eabi/lib/thumb/v7e-m+fp/hard/libg_nano.a(lib_a-fstatr.o)
                0x00000000000086b0                _fstat_r
 .text          0x00000000000086d8      0x308 /usr/lib/gcc/arm-none-eabi/9.2.1/../../../arm-none-eabi/lib/thumb/v7e-m+fp/hard/libg_nano.a(lib_a-fvwrite.o)
                0x00000000000086d8                __sfvwrite_r
 .text          0x00000000000089e0       0x24 /usr/lib/gcc/arm-none-eabi/9.2.1/../../../arm-none-eabi/lib/thumb/v7e-m+fp/hard/libg_nano.a(lib_a-isattyr.o)
                0x00000000000089e0                _isatty_r
 .text          0x0000000000008a04       0x2c /usr/lib/gcc/arm-none-eabi/9.2.1/../../../arm-none-eabi/lib/thumb/v7e-m+fp/hard/libg_nano.a(lib_a-lseekr.o)
                0x0000000000008a04                _lseek_r
 .text          0x0000000000008a30       0xa0 /usr/lib/gcc/arm-none-eabi/9.2.1/../../../arm-none-eabi/lib/thumb/v7e-m+fp/hard/libg_nano.a(lib_a-memchr.o)
                0x0000000000008a30                memchr
 .text          0x0000000000008ad0       0xd0 /usr/lib/gcc/arm-none-eabi/9.2.1/../../../arm-none-eabi/lib/thumb/v7e-m+fp/hard/libg_nano.a(lib_a-memmove.o)
                0x0000000000008ad0                memmove
 .text          0x0000000000008ba0       0x4c /usr/lib/gcc/arm-none-eabi/9.2.1/../../../arm-none-eabi/lib/thumb/v7e-m+fp/hard/libg_nano.a(lib_a-nano-reallocr.o)
                0x0000000000008ba0                _realloc_r
 .text          0x0000000000008bec       0x2c /usr/lib/gcc/arm-none-eabi/9.2.1/../../../arm-none-eabi/lib/thumb/v7e-m+fp/hard/libg_nano.a(lib_a-readr.o)
                0x0000000000008bec                _read_r
 .text          0x0000000000008c18       0x10 /usr/lib/gcc/arm-none-eabi/9.2.1/../../../arm-none-eabi/lib/thumb/v7e-m+fp/hard/libg_nano.a(lib_a-nano-msizer.o)
                0x0000000000008c18                _malloc_usable_size_r
 .text          0x0000000000008c28       0x10 /usr/lib/gcc/arm-none-eabi/9.2.1/../../../arm-none-eabi/lib/thumb/v7e-m+fp/hard/libnosys.a(fstat.o)
                0x0000000000008c28                _fstat
 .text          0x0000000000008c38       0x10 /usr/lib/gcc/arm-none-eabi/9.2.1/../../../arm-none-eabi/lib/thumb/v7e-m+fp/hard/libnosys.a(isatty.o)
                0x0000000000008c38                _isatty
 .text          0x0000000000008c48       0x1c /usr/lib/gcc/arm-none-eabi/9.2.1/../../../arm-none-eabi/lib/thumb/v7e-m+fp/hard/libnosys.a(sbrk.o)
                0x0000000000008c48                _sbrk
 .text          0x0000000000008c64        0x4 /usr/lib/gcc/arm-none-eabi/9.2.1/../../../arm-none-eabi/lib/thumb/v7e-m+fp/hard/libnosys.a(_exit.o)
                0x0000000000008c64                _exit
 *(.init)
 .init          0x0000000000008c68        0x4 /usr/lib/gcc/arm-none-eabi/9.2.1/thumb/v7e-m+fp/hard/crti.o
                0x0000000000008c68                _init
 .init          0x0000000000008c6c        0x8 /usr/lib/gcc/arm-none-eabi/9.2.1/thumb/v7e-m+fp/hard/crtn.o
 *(.fini)
 .fini          0x0000000000008c74        0x4 /usr/lib/gcc/arm-none-eabi/9.2.1/thumb/v7e-m+fp/hard/crti.o
                0x0000000000008c74                _fini
 .fini          0x0000000000008c78        0x8 /usr/lib/gcc/arm-none-eabi/9.2.1/thumb/v7e-m+fp/hard/crtn.o
 *crtbegin.o(.ctors)
 *crtbegin?.o(.ctors)
 *(EXCLUDE_FILE(*crtend.o *crtend?.o) .ctors)
 *(SORT_BY_NAME(.ctors.*))
 *(.ctors)
 *crtbegin.o(.dtors)
 *crtbegin?.o(.dtors)
 *(EXCLUDE_FILE(*crtend.o *crtend?.o) .dtors)
 *(SORT_BY_NAME(.dtors.*))
 *(.dtors)
 *(.rodata*)
 .rodata.CLI_string_ptr_get_subcmd.str1.1
                0x0000000000008c80        0xc /home/akhil/qorc-sdk/arm-examples/sevenseg/static/GCC_Project/output/cli_args.o
 .rodata.CLI_numX_getshow_X.str1.1
                0x0000000000008c8c       0x23 /home/akhil/qorc-sdk/arm-examples/sevenseg/static/GCC_Project/output/cli_args.o
 .rodata.handle_help.str1.1
                0x0000000000008caf       0x2e /home/akhil/qorc-sdk/arm-examples/sevenseg/static/GCC_Project/output/cli_loop.o
                                         0x33 (size before relaxing)
 .rodata.CLI_cmd_stack_push.str1.1
                0x0000000000008cdd       0x1a /home/akhil/qorc-sdk/arm-examples/sevenseg/static/GCC_Project/output/cli_loop.o
 .rodata.CLI_cmd_stack_pop.str1.1
                0x0000000000008cf7       0x16 /home/akhil/qorc-sdk/arm-examples/sevenseg/static/GCC_Project/output/cli_loop.o
 .rodata.handle_exit.str1.1
                0x0000000000008d0d        0xa /home/akhil/qorc-sdk/arm-examples/sevenseg/static/GCC_Project/output/cli_loop.o
 .rodata.CLI_print_prompt.str1.1
                0x0000000000008d17        0xd /home/akhil/qorc-sdk/arm-examples/sevenseg/static/GCC_Project/output/cli_loop.o
 .rodata.CLI_dispatch_subcmd.str1.1
                0x0000000000008d24       0x2a /home/akhil/qorc-sdk/arm-examples/sevenseg/static/GCC_Project/output/cli_loop.o
 .rodata.CLI_dispatch.str1.1
                0x0000000000008d4e       0x21 /home/akhil/qorc-sdk/arm-examples/sevenseg/static/GCC_Project/output/cli_loop.o
 .rodata.CLI_verror.str1.1
                0x0000000000008d6f        0x8 /home/akhil/qorc-sdk/arm-examples/sevenseg/static/GCC_Project/output/cli_loop.o
 .rodata.CLI_rx_byte.str1.1
                0x0000000000008d77        0x9 /home/akhil/qorc-sdk/arm-examples/sevenseg/static/GCC_Project/output/cli_loop.o
 .rodata.str1.1
                0x0000000000008d80       0x21 /home/akhil/qorc-sdk/arm-examples/sevenseg/static/GCC_Project/output/cli_loop.o
                                         0x26 (size before relaxing)
 .rodata._backspace.7318
                0x0000000000008da1        0x4 /home/akhil/qorc-sdk/arm-examples/sevenseg/static/GCC_Project/output/cli_loop.o
 *fill*         0x0000000000008da5        0x3 
 .rodata.std_cmds
                0x0000000000008da8       0x40 /home/akhil/qorc-sdk/arm-examples/sevenseg/static/GCC_Project/output/cli_loop.o
 .rodata.CLI_error_missing_parameter.str1.1
                0x0000000000008de8        0xd /home/akhil/qorc-sdk/arm-examples/sevenseg/static/GCC_Project/output/cli_misc.o
 .rodata.CLI_error_not_a_number.str1.1
                0x0000000000008df5       0x17 /home/akhil/qorc-sdk/arm-examples/sevenseg/static/GCC_Project/output/cli_misc.o
 .rodata.CLI_task.str1.1
                0x0000000000008e0c       0x42 /home/akhil/qorc-sdk/arm-examples/sevenseg/static/GCC_Project/output/cli_platform.o
 .rodata.CLI_start_task.str1.1
                0x0000000000008e4e       0x6f /home/akhil/qorc-sdk/arm-examples/sevenseg/static/GCC_Project/output/cli_platform.o
 .rodata.dbg_str.str1.1
                0x0000000000008ebd        0x3 /home/akhil/qorc-sdk/arm-examples/sevenseg/static/GCC_Project/output/dbg_uart.o
 .rodata._colon_tt.8573
                0x0000000000008ec0        0x4 /home/akhil/qorc-sdk/arm-examples/sevenseg/static/GCC_Project/output/dbg_uart.o
 .rodata.HAL_PAD_Config.str1.1
                0x0000000000008ec4       0x69 /home/akhil/qorc-sdk/arm-examples/sevenseg/static/GCC_Project/output/eoss3_hal_pad_config.o
 .rodata.IO_INPUT_PAD_SEL
                0x0000000000008f2d       0x10 /home/akhil/qorc-sdk/arm-examples/sevenseg/static/GCC_Project/output/eoss3_hal_pad_config.o
                0x0000000000008f2d                IO_INPUT_PAD_SEL
 .rodata.SEL_EXT_PAD_REGS
                0x0000000000008f3d      0x160 /home/akhil/qorc-sdk/arm-examples/sevenseg/static/GCC_Project/output/eoss3_hal_pad_config.o
                0x0000000000008f3d                SEL_EXT_PAD_REGS
 .rodata.unlock_spi1_bus.str1.1
                0x000000000000909d       0x36 /home/akhil/qorc-sdk/arm-examples/sevenseg/static/GCC_Project/output/eoss3_hal_spi.o
 .rodata.SendEventToTimerThread.str1.1
                0x00000000000090d3       0x82 /home/akhil/qorc-sdk/arm-examples/sevenseg/static/GCC_Project/output/eoss3_hal_timer.o
 .rodata.HAL_Timer_ISR.str1.1
                0x0000000000009155       0x20 /home/akhil/qorc-sdk/arm-examples/sevenseg/static/GCC_Project/output/eoss3_hal_timer.o
 .rodata.__FUNCTION__.9334
                0x0000000000009175        0xe /home/akhil/qorc-sdk/arm-examples/sevenseg/static/GCC_Project/output/eoss3_hal_timer.o
 .rodata.uart_init.str1.1
                0x0000000000009183        0xc /home/akhil/qorc-sdk/arm-examples/sevenseg/static/GCC_Project/output/eoss3_hal_uart.o
 *fill*         0x000000000000918f        0x1 
 .rodata.CSWTCH.25
                0x0000000000009190       0x28 /home/akhil/qorc-sdk/arm-examples/sevenseg/static/GCC_Project/output/eoss3_hal_uart.o
 .rodata.WDT_ISR.str1.1
                0x00000000000091b8       0x4d /home/akhil/qorc-sdk/arm-examples/sevenseg/static/GCC_Project/output/eoss3_hal_wdt.o
 .rodata.__FUNCTION__.8698
                0x0000000000009205        0x8 /home/akhil/qorc-sdk/arm-examples/sevenseg/static/GCC_Project/output/eoss3_hal_wdt.o
 .rodata.spurious_interrupt.str1.1
                0x000000000000920d        0xd /home/akhil/qorc-sdk/arm-examples/sevenseg/static/GCC_Project/output/exceptions.o
 .rodata.prvGetRegistersFromStack.str1.1
                0x000000000000921a       0x41 /home/akhil/qorc-sdk/arm-examples/sevenseg/static/GCC_Project/output/exceptions.o
                                         0x44 (size before relaxing)
 .rodata.vApplicationMallocFailedHook.str1.1
                0x000000000000925b       0x20 /home/akhil/qorc-sdk/arm-examples/sevenseg/static/GCC_Project/output/exceptions.o
 .rodata.vApplicationStackOverflowHook.str1.1
                0x000000000000927b       0x21 /home/akhil/qorc-sdk/arm-examples/sevenseg/static/GCC_Project/output/exceptions.o
 .rodata.pvPortMalloc.str1.1
                0x000000000000929c       0x6d /home/akhil/qorc-sdk/arm-examples/sevenseg/static/GCC_Project/output/heap_4.o
 .rodata.vPortFree.str1.1
                0x0000000000009309       0x35 /home/akhil/qorc-sdk/arm-examples/sevenseg/static/GCC_Project/output/heap_4.o
 .rodata.main.str1.1
                0x000000000000933e       0xcb /home/akhil/qorc-sdk/arm-examples/sevenseg/static/GCC_Project/output/main.o